 CHAIKRNL

 Timestamp is 5695457a (Tue Jan 12 18:27:06 2016)

 Preferred load address is c0000000

 Start         Length     Name                   Class
 0001:00000000 00000030H .code$0                 CODE
 0001:00000030 000000a6H .text                   CODE
 0001:000000e0 000000acH .text$di                CODE
 0001:00000190 0003a20bH .text$mn                CODE
 0001:0003a3a0 000000abH .text$yd                CODE
 0002:00000000 00000030H .idata$5                DATA
 0002:00000030 00000004H .CRT$XCA                DATA
 0002:00000034 00000024H .CRT$XCU                DATA
 0002:00000058 00000004H .CRT$XCZ                DATA
 0002:0000005c 00000004H .CRT$XIA                DATA
 0002:00000060 00000004H .CRT$XIZ                DATA
 0002:00000070 00024ea0H .rdata                  DATA
 0002:00024f10 00000080H .rdata$debug            DATA
 0003:00000000 00000bb0H .data                   DATA
 0003:00000bc0 00001cd4H .bss                    DATA
 0004:00000000 00000082H .rdata                  DATA
 0005:00000000 000002feH .edata                  DATA
 0006:00000000 00000028H .idata$2                CODE
 0006:00000028 00000014H .idata$3                CODE
 0006:0000003c 00000030H .idata$4                CODE
 0006:0000006c 0000010cH .idata$6                CODE

  Address         Publics by Value              Rva+Base       Lib:Object

 0000:00000000       ___guard_fids_count        00000000     <absolute>
 0000:00000000       ___safe_se_handler_table   00000000     <absolute>
 0000:00000000       ___guard_fids_table        00000000     <absolute>
 0000:00000000       ___guard_flags             00000000     <absolute>
 0000:00000000       ___safe_se_handler_count   00000000     <absolute>
 0001:00000000       ?mbstruct@@3U_MULTIBOOT_STRUCT@@A c0000400     entry.obj
 0001:00000030       _setStack                  c0000430     stack.obj
 0001:0000003d       _getStack                  c000043d     stack.obj
 0001:00000040       _getBase                   c0000440     stack.obj
 0001:00000043       _storeMBinfo               c0000443     stack.obj
 0001:00000048       _modload_interrupt_handler c0000448     stack.obj
 0001:00000060       _fpu_setup                 c0000460     crtbase:generalasmx86.obj
 0001:00000063       _load_taskreg              c0000463     crtbase:generalasmx86.obj
 0001:0000006c       _load_cs                   c000046c     crtbase:generalasmx86.obj
 0001:00000072       _load_ds                   c0000472     crtbase:generalasmx86.obj
 0001:0000007d       _interrupt                 c000047d     crtbase:generalasmx86.obj
 0001:0000008f       _setjmp                    c000048f     crtbase:generalasmx86.obj
 0001:000000b6       __setjmp3                  c00004b6     crtbase:generalasmx86.obj
 0001:000000b8       _longjmp                   c00004b8     crtbase:generalasmx86.obj
 0001:00000190       ?basic_physical_to_virtual_copy@@YAXPAX0I@Z c0000590 f   basicphyscopy.obj
 0001:00000250       ?setup_basic_interrupts@@YAXXZ c0000650 f   basicinterruptsx86.obj
 0001:000002d0       ?basic_interrupt_register@@YAXIP6AXXZ@Z c00006d0 f   basicinterruptsx86.obj
 0001:00000310       ??1CChaiOSAPIClass@@IAE@XZ c0000710 f i basicpagingx86.obj
 0001:00000320       ??1CVMemMngr@@IAE@XZ       c0000720 f i basicpagingx86.obj
 0001:00000330       ??0__PAGING_ATTRIBUTES@CVMemMngr@@QAE@PAX0_N11@Z c0000730 f i basicpagingx86.obj
 0001:00000360       ??0CVMemMngr@@QAE@XZ       c0000760 f i basicpagingx86.obj
 0001:000003d0       ?getDefaultAttributes@CVMemMngr@@UAEABV__PAGING_ATTRIBUTES@1@_N@Z c00007d0 f i basicpagingx86.obj
 0001:000003f0       ??0CChaiOSAPIClass@@QAE@XZ c00007f0 f i basicpagingx86.obj
 0001:00000400       ?basic_paging_setup@@YAXXZ c0000800 f   basicpagingx86.obj
 0001:000004f0       ?basic_paging_create_mapping@@YAPAXPAX@Z c00008f0 f   basicpagingx86.obj
 0001:00000530       ?basic_paging_close_mapping@@YAXPAX@Z c0000930 f   basicpagingx86.obj
 0001:00000550       ?destroy@CBasicPagingVmemMngr@@UAGXXZ c0000950 f i basicpagingx86.obj
 0001:00000560       ?initialize@CBasicPagingVmemMngr@@UAG_NPAVCVMemMngr@@@Z c0000960 f i basicpagingx86.obj
 0001:00000570       ?allocate@CBasicPagingVmemMngr@@UAGPAXIABV__PAGING_ATTRIBUTES@CVMemMngr@@@Z c0000970 f i basicpagingx86.obj
 0001:00000580       ?allocateSinglePage@CBasicPagingVmemMngr@@UAGPAXABV__PAGING_ATTRIBUTES@CVMemMngr@@@Z c0000980 f i basicpagingx86.obj
 0001:00000590       ?free@CBasicPagingVmemMngr@@UAGXPAXI_N@Z c0000990 f i basicpagingx86.obj
 0001:000005a0       ?freeSinglePage@CBasicPagingVmemMngr@@UAGXPAX_N@Z c00009a0 f i basicpagingx86.obj
 0001:000005b0       ?getPhysicalAddress@CBasicPagingVmemMngr@@UAGPAXPAX@Z c00009b0 f i basicpagingx86.obj
 0001:000005c0       ?mapPhysicalAddress@CBasicPagingVmemMngr@@UAGPAXPAXIABV__PAGING_ATTRIBUTES@CVMemMngr@@@Z c00009c0 f i basicpagingx86.obj
 0001:000005d0       ?mapSinglePhysicalPage@CBasicPagingVmemMngr@@UAGPAXPAXABV__PAGING_ATTRIBUTES@CVMemMngr@@@Z c00009d0 f i basicpagingx86.obj
 0001:000005e0       ?allocateAt@CBasicPagingVmemMngr@@UAGPAXPAXIABV__PAGING_ATTRIBUTES@CVMemMngr@@@Z c00009e0 f i basicpagingx86.obj
 0001:000005f0       ?allocateSingleAt@CBasicPagingVmemMngr@@UAGPAXPAXABV__PAGING_ATTRIBUTES@CVMemMngr@@@Z c00009f0 f i basicpagingx86.obj
 0001:00000600       ?mapPhysicalAddressAt@CBasicPagingVmemMngr@@UAGPAXPAX0IABV__PAGING_ATTRIBUTES@CVMemMngr@@@Z c0000a00 f i basicpagingx86.obj
 0001:00000610       ?mapSinglePhysicalAddressAt@CBasicPagingVmemMngr@@UAGPAXPAX0ABV__PAGING_ATTRIBUTES@CVMemMngr@@@Z c0000a10 f i basicpagingx86.obj
 0001:00000620       ?createNewAddressSpace@CBasicPagingVmemMngr@@UAGIXZ c0000a20 f i basicpagingx86.obj
 0001:00000630       ?loadAddressSpace@CBasicPagingVmemMngr@@UAGII@Z c0000a30 f i basicpagingx86.obj
 0001:00000640       ??0CBasicPagingVmemMngr@@QAE@XZ c0000a40 f   basicpagingx86.obj
 0001:000006e0       ?vmemTransfer@CBasicPagingVmemMngr@@UAGPAU__VMMAP_TRANSFER@CVMemMngr@@XZ c0000ae0 f   basicpagingx86.obj
 0001:000006f0       ??1CBasicPagingVmemMngr@@QAE@XZ c0000af0 f i basicpagingx86.obj
 0001:00000700       ?basic_paging_getVmemClass@@YAPAXXZ c0000b00 f   basicpagingx86.obj
 0001:00000710       ?basic_segmentaion_setup@@YAXXZ c0000b10 f   basicsegmentationx86.obj
 0001:00000730       ?CPU_SYSREQ_FAIL@@YAXXZ    c0000b30 f   cpusetupx86.obj
 0001:00000760       ?cpuBasicSetup@@YAXXZ      c0000b60 f   cpusetupx86.obj
 0001:000007e0       ??3CChaiOSAPIClass@@SAXPAX@Z c0000be0 f i pmmngrx86.obj
 0001:00000800       ??1CPMemMngr@@IAE@XZ       c0000c00 f i pmmngrx86.obj
 0001:00000810       ??1CSpinlock@@QAE@XZ       c0000c10 f i pmmngrx86.obj
 0001:00000820       ??0CSpinlock@@QAE@ABV0@@Z  c0000c20 f i pmmngrx86.obj
 0001:00000840       ??4CSpinlock@@QAEAAV0@ABV0@@Z c0000c40 f i pmmngrx86.obj
 0001:00000860       ??0CChaiOSAPIClass@@QAE@ABV0@@Z c0000c60 f i pmmngrx86.obj
 0001:00000870       ??4CChaiOSAPIClass@@QAEAAV0@ABV0@@Z c0000c70 f i pmmngrx86.obj
 0001:00000880       ?getMemorySize@CX86DefaultPMemMngr@@UAGIXZ c0000c80 f i pmmngrx86.obj
 0001:00000890       ??0CX86DefaultPMemMngr@@QAE@_N@Z c0000c90 f   pmmngrx86.obj
 0001:000008f0       ??0CPMemMngr@@QAE@XZ       c0000cf0 f i pmmngrx86.obj
 0001:00000900       ?destroy@CX86DefaultPMemMngr@@UAGXXZ c0000d00 f   pmmngrx86.obj
 0001:00000930       ??_GCX86DefaultPMemMngr@@QAEPAXI@Z c0000d30 f i pmmngrx86.obj
 0001:00000950       ??1CX86DefaultPMemMngr@@QAE@XZ c0000d50 f i pmmngrx86.obj
 0001:00000960       ?mmapTransfer@CX86DefaultPMemMngr@@UAGXPAVCPMemMngr@@PAX@Z c0000d60 f   pmmngrx86.obj
 0001:00000be0       ?TransferCallback@CX86DefaultPMemMngr@@UAGXPAU__PMMAP_TRANSFER_ENTRY@CPMemMngr@@PAX@Z c0000fe0 f   pmmngrx86.obj
 0001:00000c80       ?initialize@CX86DefaultPMemMngr@@UAG_NPAVCPMemMngr@@@Z c0001080 f   pmmngrx86.obj
 0001:00000ce0       ?setUsedUnlocked@CX86DefaultPMemMngr@@MAG_NPAX_N@Z c00010e0 f   pmmngrx86.obj
 0001:00000d40       ?setUsed@CX86DefaultPMemMngr@@UAGXPAX_N@Z c0001140 f   pmmngrx86.obj
 0001:00000da0       ?getUsed@CX86DefaultPMemMngr@@UAG_NPAX@Z c00011a0 f   pmmngrx86.obj
 0001:00000dd0       ?allocate@CX86DefaultPMemMngr@@UAGPAXIPAX@Z c00011d0 f   pmmngrx86.obj
 0001:00000e70       ?free@CX86DefaultPMemMngr@@UAGXPAXI@Z c0001270 f   pmmngrx86.obj
 0001:00000eb0       ?allocateSinglePage@CX86DefaultPMemMngr@@UAGPAXPAX@Z c00012b0 f   pmmngrx86.obj
 0001:00000fe0       ?freeSinglePage@CX86DefaultPMemMngr@@UAGXPAX@Z c00013e0 f   pmmngrx86.obj
 0001:00001000       _DefaultPMemMngrFactory@0  c0001400 f   pmmngrx86.obj
 0001:00001010       ??0CSpinlock@@QAE@XZ       c0001410 f   spinlockx86.obj
 0001:00001020       ?destroy@CSpinlock@@UAGXXZ c0001420 f   spinlockx86.obj
 0001:00001030       ?acquireSpinlock@CSpinlock@@UAGXXZ c0001430 f   spinlockx86.obj
 0001:00001060       ?releaseSpinlock@CSpinlock@@UAGXXZ c0001460 f   spinlockx86.obj
 0001:00001080       ?kputhex_basic@@YAXI@Z     c0001480 f i terminal_basicx86.obj
 0001:00001090       ?kputc_basic@@YAXD@Z       c0001490 f   terminal_basicx86.obj
 0001:00001120       ?kcls_basic@@YAXXZ         c0001520 f   terminal_basicx86.obj
 0001:000011a0       ?kputs_basic@@YAXPAD@Z     c00015a0 f   terminal_basicx86.obj
 0001:00001240       ?kpanic_basic@@YAXPADIIIII@Z c0001640 f   terminal_basicx86.obj
 0001:00001380       ?kputhex_basic@@YAXPAX@Z   c0001780 f   terminal_basicx86.obj
 0001:00001400       ?unmapSinglePage@CVMemMngr@@QAGXPAX@Z c0001800 f i vmmngrx86.obj
 0001:00001410       ??0CX86DefaultVMemMngr@@QAE@XZ c0001810 f i vmmngrx86.obj
 0001:000014b0       ?destroy@CX86DefaultVMemMngr@@UAGXXZ c00018b0 f   vmmngrx86.obj
 0001:000014c0       ?vmemTransfer@CX86DefaultVMemMngr@@UAGPAU__VMMAP_TRANSFER@CVMemMngr@@XZ c00018c0 f   vmmngrx86.obj
 0001:000014d0       ?initialize@CX86DefaultVMemMngr@@UAG_NPAVCVMemMngr@@@Z c00018d0 f   vmmngrx86.obj
 0001:00001500       ?allocate@CX86DefaultVMemMngr@@UAGPAXIABV__PAGING_ATTRIBUTES@CVMemMngr@@@Z c0001900 f   vmmngrx86.obj
 0001:00001620       ?allocateSinglePage@CX86DefaultVMemMngr@@UAGPAXABV__PAGING_ATTRIBUTES@CVMemMngr@@@Z c0001a20 f   vmmngrx86.obj
 0001:000018b0       ?free@CX86DefaultVMemMngr@@UAGXPAXI_N@Z c0001cb0 f   vmmngrx86.obj
 0001:00001980       ?freeSinglePage@CX86DefaultVMemMngr@@UAGXPAX_N@Z c0001d80 f   vmmngrx86.obj
 0001:00001a10       ?getPhysicalAddress@CX86DefaultVMemMngr@@UAGPAXPAX@Z c0001e10 f   vmmngrx86.obj
 0001:00001a80       ?mapPhysicalAddress@CX86DefaultVMemMngr@@UAGPAXPAXIABV__PAGING_ATTRIBUTES@CVMemMngr@@@Z c0001e80 f   vmmngrx86.obj
 0001:00001bb0       ?mapSinglePhysicalPage@CX86DefaultVMemMngr@@UAGPAXPAXABV__PAGING_ATTRIBUTES@CVMemMngr@@@Z c0001fb0 f   vmmngrx86.obj
 0001:00001c70       ?allocateAt@CX86DefaultVMemMngr@@UAGPAXPAXIABV__PAGING_ATTRIBUTES@CVMemMngr@@@Z c0002070 f   vmmngrx86.obj
 0001:00001ce0       ?allocateSingleAt@CX86DefaultVMemMngr@@UAGPAXPAXABV__PAGING_ATTRIBUTES@CVMemMngr@@@Z c00020e0 f   vmmngrx86.obj
 0001:00001eb0       ?mapPhysicalAddressAt@CX86DefaultVMemMngr@@UAGPAXPAX0IABV__PAGING_ATTRIBUTES@CVMemMngr@@@Z c00022b0 f   vmmngrx86.obj
 0001:00001f20       ?mapSinglePhysicalAddressAt@CX86DefaultVMemMngr@@UAGPAXPAX0ABV__PAGING_ATTRIBUTES@CVMemMngr@@@Z c0002320 f   vmmngrx86.obj
 0001:000020b0       ?createNewAddressSpace@CX86DefaultVMemMngr@@UAGIXZ c00024b0 f   vmmngrx86.obj
 0001:00002160       ?loadAddressSpace@CX86DefaultVMemMngr@@UAGII@Z c0002560 f   vmmngrx86.obj
 0001:00002190       ??1CX86DefaultVMemMngr@@QAE@XZ c0002590 f i vmmngrx86.obj
 0001:000021b0       _DefaultVMemMngrFactory@0  c00025b0 f   vmmngrx86.obj
 0001:000021c0       ?ClassFromChN@@YAH_W@Z     c00025c0 f   bidi.obj
 0001:000021e0       ?ClassFromChWS@@YAH_W@Z    c00025e0 f   bidi.obj
 0001:000021f0       ?reverse@@YAXPA_WH@Z       c00025f0 f   bidi.obj
 0001:00002220       ?SetDeferredRun@@YAXPAHHHH@Z c0002620 f   bidi.obj
 0001:00002250       ?classify@@YAHPB_WPAHH_N@Z c0002650 f   bidi.obj
 0001:000022c0       ?resolveParagraphs@@YAHPAHH@Z c00026c0 f   bidi.obj
 0001:000022f0       ?baseLevel@@YAHPBHH@Z      c00026f0 f   bidi.obj
 0001:00002320       ?GreaterEven@@YAHH@Z       c0002720 f   bidi.obj
 0001:00002330       ?GreaterOdd@@YAHH@Z        c0002730 f   bidi.obj
 0001:00002340       ?EmbeddingDirection@@YAHH@Z c0002740 f   bidi.obj
 0001:00002350       ?resolveExplicit@@YAHHHPAH0HH@Z c0002750 f   bidi.obj
 0001:000024b0       ?GetDeferredType@@YAHH@Z   c00028b0 f   bidi.obj
 0001:000024c0       ?GetResolvedType@@YAHH@Z   c00028c0 f   bidi.obj
 0001:000024d0       ?resolveWeak@@YAXHPAH0H@Z  c00028d0 f   bidi.obj
 0001:00002650       ?GetDeferredNeutrals@@YAHHH@Z c0002a50 f   bidi.obj
 0001:00002660       ?GetResolvedNeutrals@@YAHH@Z c0002a60 f   bidi.obj
 0001:00002680       ?resolveNeutrals@@YAXHPAHPBHH@Z c0002a80 f   bidi.obj
 0001:000027a0       ?resolveImplicit@@YAXPBHPAHH@Z c0002ba0 f   bidi.obj
 0001:000027e0       ?resolveLines@@YAHPA_WPA_NH@Z c0002be0 f   bidi.obj
 0001:00002810       ?resolveWhitespace@@YAXHPBHPAHH@Z c0002c10 f   bidi.obj
 0001:000028c0       ?reorderLevel@@YAHHPA_WPBHH_N@Z c0002cc0 f   bidi.obj
 0001:00002950       ?reorder@@YAHHPA_WPBHH@Z   c0002d50 f   bidi.obj
 0001:00002a30       ?mirror@@YAXPA_WPBHH@Z     c0002e30 f   bidi.obj
 0001:00002a90       ?clean@@YAHPA_WH@Z         c0002e90 f   bidi.obj
 0001:00002b10       ?BidiLines@@YAXHPA_WPAH1HHPA_N@Z c0002f10 f   bidi.obj
 0001:00002bb0       ?ShowInputTypes@@YAXPA_WH@Z c0002fb0 f   bidi.obj
 0001:00002c20       ?ShowTypes@@YAXPAHH@Z      c0003020 f   bidi.obj
 0001:00002c70       ?ShowLevels@@YAXPAHH@Z     c0003070 f   bidi.obj
 0001:00002c80       ?isRtl@@YA_NPB_W@Z         c0003080 f   bidi.obj
 0001:00002d50       ?BidiInterface@@YAPA_WPB_W@Z c0003150 f   bidi.obj
 0001:00002f00       ?makeNativeFromBigEndian@@YA_K_KI@Z c0003300 f   endian.obj
 0001:00002fb0       ?makeNativeFromLittleEndian@@YA_K_KI@Z c00033b0 f   endian.obj
 0001:00002fc0       ?makeBigEndianFromNative@@YA_K_KI@Z c00033c0 f   endian.obj
 0001:00002fe0       ?makeLittleEndianFromNative@@YA_K_KI@Z c00033e0 f   endian.obj
 0001:00002ff0       ?displayWelcome@@YAXXZ     c00033f0 f   entry.obj
 0001:00003030       @entry@4                   c0003430 f   entry.obj
 0001:00003290       ?destroy@CKernelGraphics@@UAGXXZ c0003690 f i KernelGraphics.obj
 0001:000032a0       ?getDisplayWidth@CKernelGraphics@@UAGGXZ c00036a0 f i KernelGraphics.obj
 0001:000032b0       ?getDisplayHeight@CKernelGraphics@@UAGGXZ c00036b0 f i KernelGraphics.obj
 0001:000032c0       ??0CKernelGraphics@@QAE@XZ c00036c0 f   KernelGraphics.obj
 0001:000032d0       ?initialise@CKernelGraphics@@UAG_NPAUtagModeInfoBlock@@@Z c00036d0 f   KernelGraphics.obj
 0001:00003350       ?drawPixel@CKernelGraphics@@UAGXIII@Z c0003750 f   KernelGraphics.obj
 0001:00003500       ?binary_search@@YAGQBGGGG@Z c0003900 f   KernelGraphics.obj
 0001:00003550       ?drawChar@CKernelGraphics@@UAGX_WIIII@Z c0003950 f   KernelGraphics.obj
 0001:00003600       ?drawString@CKernelGraphics@@UAGXPA_WIIII@Z c0003a00 f   KernelGraphics.obj
 0001:00003710       ?drawLine@CKernelGraphics@@UAGXIIIII@Z c0003b10 f   KernelGraphics.obj
 0001:00003940       ?drawRect@CKernelGraphics@@UAGXIIIII@Z c0003d40 f   KernelGraphics.obj
 0001:00003990       ??1CKernelGraphics@@QAE@XZ c0003d90 f i KernelGraphics.obj
 0001:000039a0       ?getGraphics@@YAPAVCKernelGraphics@@XZ c0003da0 f   KernelGraphics.obj
 0001:000039b0       ?setGraphics@@YAXPAVCKernelGraphics@@@Z c0003db0 f   KernelGraphics.obj
 0001:000039e0       ?getCurrentCpuNum@CMultiCPUIrq@@QAGIXZ c0003de0 f i kmain.obj
 0001:00003a00       ?testThread@@YGXXZ         c0003e00 f   kmain.obj
 0001:00003ac0       ?kmain@@YAXPAU_MULTIBOOT_INFO@@@Z c0003ec0 f   kmain.obj
 0001:00003e70       ?loadStrings@@YAXPAXI@Z    c0004270 f   langstrings.obj
 0001:00003f70       ?getString@@YAPA_WW4CHAKRNL_STRINGS@@@Z c0004370 f   langstrings.obj
 0001:00003f90       _liballoc_lock             c0004390 f   liballoc.obj
 0001:00003fc0       _liballoc_unlock           c00043c0 f   liballoc.obj
 0001:00003fd0       _liballoc_alloc            c00043d0 f   liballoc.obj
 0001:00004010       _liballoc_free             c0004410 f   liballoc.obj
 0001:00004350       _malloc                    c0004750 f   liballoc.obj
 0001:00004540       _free                      c0004940 f   liballoc.obj
 0001:00004720       _calloc                    c0004b20 f   liballoc.obj
 0001:00004760       _realloc                   c0004b60 f   liballoc.obj
 0001:00004810       ??1CMemory@@QAE@XZ         c0004c10 f i memory.obj
 0001:00004820       ?destroy@CMemory@@UAGXXZ   c0004c20 f   memory.obj
 0001:00004830       ?registerPMemMngr@CMemory@@UAG_NPAVCPMemMngr@@_N@Z c0004c30 f   memory.obj
 0001:00004880       ?getPMemMngr@CMemory@@UAGPAVCPMemMngr@@XZ c0004c80 f   memory.obj
 0001:00004890       ?registerVMemMngr@CMemory@@UAG_NPAVCVMemMngr@@_N@Z c0004c90 f   memory.obj
 0001:000048e0       ?getVMemMngr@CMemory@@UAGPAVCVMemMngr@@XZ c0004ce0 f   memory.obj
 0001:000048f0       ??0CMemory@@QAE@XZ         c0004cf0 f i memory.obj
 0001:00004900       _getMemoryManager@0        c0004d00 f   memory.obj
 0001:00004910       _setMemoryManager@4        c0004d10 f   memory.obj
 0001:00004920       ?unmap@CVMemMngr@@QAGXPAXI@Z c0004d20 f i moduleload.obj
 0001:00004d20       _module_loader_handler     c0005120 f   moduleload.obj
 0001:00004d70       ?loadMultibootModules@@YAXPAU_MULTIBOOT_INFO@@@Z c0005170 f   moduleload.obj
 0001:00004f50       ?getMemorySize@CMultibootPMemMngr@@UAGIXZ c0005350 f i multiboot.obj
 0001:00004f60       ?destroy@CMultibootPMemMngr@@UAGXXZ c0005360 f   multiboot.obj
 0001:00004f70       ?allocate@CMultibootPMemMngr@@UAGPAXIPAX@Z c0005370 f   multiboot.obj
 0001:00004f80       ?free@CMultibootPMemMngr@@UAGXPAXI@Z c0005380 f   multiboot.obj
 0001:00004f90       ?allocateSinglePage@CMultibootPMemMngr@@UAGPAXPAX@Z c0005390 f   multiboot.obj
 0001:00004fa0       ?freeSinglePage@CMultibootPMemMngr@@UAGXPAX@Z c00053a0 f   multiboot.obj
 0001:00004fb0       ?setUsed@CMultibootPMemMngr@@UAGXPAX_N@Z c00053b0 f   multiboot.obj
 0001:00004fc0       ?getUsed@CMultibootPMemMngr@@UAG_NPAX@Z c00053c0 f   multiboot.obj
 0001:00004fd0       ?mmapTransfer@CMultibootPMemMngr@@UAGXPAVCPMemMngr@@PAX@Z c00053d0 f   multiboot.obj
 0001:00005190       ?initialize@CMultibootPMemMngr@@UAG_NPAVCPMemMngr@@@Z c0005590 f   multiboot.obj
 0001:000051e0       ?TransferCallback@CMultibootPMemMngr@@UAGXPAU__PMMAP_TRANSFER_ENTRY@CPMemMngr@@PAX@Z c00055e0 f   multiboot.obj
 0001:000051f0       ??0CMultibootPMemMngr@@QAE@XZ c00055f0 f i multiboot.obj
 0001:00005200       ??1CMultibootPMemMngr@@QAE@XZ c0005600 f i multiboot.obj
 0001:00005210       ?GetPMemMapClass@@YAPAXPAU_MULTIBOOT_INFO@@@Z c0005610 f   multiboot.obj
 0001:00005270       ??0CPortableExecutable@@QAE@PAXPAD@Z c0005670 f   PortableExecutable.obj
 0001:000052c0       ??_ECPortableExecutable@@UAEPAXI@Z c00056c0 f i * CIL library *:* CIL module *
 0001:000052c0       ??_GCPortableExecutable@@UAEPAXI@Z c00056c0 f i PortableExecutable.obj
 0001:000052f0       ??1CPortableExecutable@@UAE@XZ c00056f0 f   PortableExecutable.obj
 0001:00005300       ?getBaseAddress@CPortableExecutable@@UAEIXZ c0005700 f   PortableExecutable.obj
 0001:00005330       ?CallEntry@CPortableExecutable@@UAEXXZ c0005730 f   PortableExecutable.obj
 0001:00005360       ?CallEntry32@CPortableExecutable@@MAEXXZ c0005760 f   PortableExecutable.obj
 0001:00005380       ?CallEntry64@CPortableExecutable@@MAEXXZ c0005780 f   PortableExecutable.obj
 0001:000053a0       ?GetProcAddress@CPortableExecutable@@UAEP6AXXZPAD@Z c00057a0 f   PortableExecutable.obj
 0001:000053e0       ?getMachineID@CPortableExecutable@@UAE?AW4MACHINE_ID@1@XZ c00057e0 f   PortableExecutable.obj
 0001:00005470       ?GetProcAddress32@CPortableExecutable@@MAEP6AXXZPAD@Z c0005870 f   PortableExecutable.obj
 0001:00005520       ?GetProcAddress64@CPortableExecutable@@MAEP6AXXZPAD@Z c0005920 f   PortableExecutable.obj
 0001:000055d0       ?linkPESymbols@CPortableExecutable@@UAE_NPAXPAD@Z c00059d0 f   PortableExecutable.obj
 0001:00005610       ?linkPESymbols32@CPortableExecutable@@MAE_NPAXPAD@Z c0005a10 f   PortableExecutable.obj
 0001:00005770       ?linkPESymbols64@CPortableExecutable@@MAE_NPAXPAD@Z c0005b70 f   PortableExecutable.obj
 0001:000058f0       ?loadIntoMemory@CPortableExecutable@@UAEPAV1@ABV__PAGING_ATTRIBUTES@CVMemMngr@@I@Z c0005cf0 f   PortableExecutable.obj
 0001:00005930       ?loadIntoMemory32@CPortableExecutable@@MAEPAV1@ABV__PAGING_ATTRIBUTES@CVMemMngr@@I@Z c0005d30 f   PortableExecutable.obj
 0001:000059c0       ?loadIntoMemory64@CPortableExecutable@@MAEPAV1@ABV__PAGING_ATTRIBUTES@CVMemMngr@@I@Z c0005dc0 f   PortableExecutable.obj
 0001:00005a50       ??0CSemaphore@@QAE@XZ      c0005e50 f   semaphore.obj
 0001:00005a60       ??1CSemaphore@@QAE@XZ      c0005e60 f   semaphore.obj
 0001:00005a70       ?destroy@CKernelTerminal@@UAGXXZ c0005e70 f i terminal.obj
 0001:00005a80       ?setForegroundColor@CKernelTerminal@@UAGXI@Z c0005e80 f i terminal.obj
 0001:00005a90       ?setBackgroundColor@CKernelTerminal@@UAGXI@Z c0005e90 f i terminal.obj
 0001:00005aa0       ?getForegroundColor@CKernelTerminal@@UAGIXZ c0005ea0 f i terminal.obj
 0001:00005ab0       ?getBackgroundColor@CKernelTerminal@@UAGIXZ c0005eb0 f i terminal.obj
 0001:00005ac0       ?kputhex@CKernelTerminal@@QAEXI@Z c0005ec0 f i terminal.obj
 0001:00005ae0       ?kputhex@CKernelTerminal@@QAEXPAX@Z c0005ee0 f i terminal.obj
 0001:00005b00       ??0CKernelTerminal@@QAE@XZ c0005f00 f   terminal.obj
 0001:00005b40       ?kputc@CKernelTerminal@@UAGX_W_N@Z c0005f40 f   terminal.obj
 0001:00005c10       ?kputs@CKernelTerminal@@UAGXPB_W@Z c0006010 f   terminal.obj
 0001:00005ce0       ?kputi@CKernelTerminal@@UAGXII@Z c00060e0 f   terminal.obj
 0001:00005d30       ?kcls@CKernelTerminal@@UAGXXZ c0006130 f   terminal.obj
 0001:00005d80       ?stackTrace@@YAXPAVCKernelTerminal@@PAI@Z c0006180 f   terminal.obj
 0001:00005df0       ?kpanic@CKernelTerminal@@UAGXPB_WIIIIPAIPA_WI@Z c00061f0 f   terminal.obj
 0001:00005f60       ??1CKernelTerminal@@QAE@XZ c0006360 f i terminal.obj
 0001:00005f70       ?getTerminal@@YAPAVCKernelTerminal@@XZ c0006370 f   terminal.obj
 0001:00005f80       ?setTermial@@YAXPAVCKernelTerminal@@@Z c0006380 f   terminal.obj
 0001:00005f90       ?CalcTableChecksum@@YAIPAII@Z c0006390 f   TrueType.obj
 0001:00005ff0       ?destroy@CTrueType@@UAGXXZ c00063f0 f   TrueType.obj
 0001:00006000       ?initialise@CTrueType@@UAGXPAXI@Z c0006400 f   TrueType.obj
 0001:00006030       ?getCharBitmap@CTrueType@@UAGPAU_TrueTypeChar@@_WG@Z c0006430 f   TrueType.obj
 0001:00006040       ?getGlyphIndex@CTrueType@@MAGG_W@Z c0006440 f   TrueType.obj
 0001:00006180       ??$makeNativeFromBigEndian@I@@YA_KI@Z c0006580 f i TrueType.obj
 0001:000061a0       ??$makeBigEndianFromNative@I@@YA_KI@Z c00065a0 f i TrueType.obj
 0001:000061c0       ??$makeNativeFromBigEndian@G@@YA_KG@Z c00065c0 f i TrueType.obj
 0001:000061e0       ??$makeBigEndianFromNative@W4platformIDs@@@@YA_KW4platformIDs@@@Z c00065e0 f i TrueType.obj
 0001:00006200       ??$makeBigEndianFromNative@W4UnicodeSubIDs@@@@YA_KW4UnicodeSubIDs@@@Z c0006600 f i TrueType.obj
 0001:00006220       ??$makeBigEndianFromNative@W4MicrosoftSubIDs@@@@YA_KW4MicrosoftSubIDs@@@Z c0006620 f i TrueType.obj
 0001:00006240       _getFont                   c0006640 f   vgafont.obj
 0001:00006250       ??2@YAPAXI@Z               c0006650 f   msvc.obj
 0001:00006260       ??3@YAXPAX@Z               c0006660 f   msvc.obj
 0001:00006280       ??_U@YAPAXI@Z              c0006680 f   msvc.obj
 0001:00006290       ??_V@YAXPAX@Z              c0006690 f   msvc.obj
 0001:000062b0       ?CallConstructors@@YA_NXZ  c00066b0 f   msvc.obj
 0001:00006380       __purecall                 c0006780 f   msvc.obj
 0001:00006390       _atexit                    c0006790 f   msvc.obj
 0001:000063a0       _memcpy                    c00067a0 f   msvc.obj
 0001:000063c6       ?wstrlen@@YAIPB_W@Z        c00067c6 f   kcstdlib:kcstdlib.dll
 0001:000063cc       ?fabs@@YANN@Z              c00067cc f   kcstdlib:kcstdlib.dll
 0001:000063d2       ?enableFancyStuff@@YAXXZ   c00067d2 f   kcstdlib:kcstdlib.dll
 0001:000063d8       ?getKout@@YGAAVostream@@XZ c00067d8 f   kcstdlib:kcstdlib.dll
 0001:000063de       ??6ostream@@QAEAAV0@PBD@Z  c00067de f   kcstdlib:kcstdlib.dll
 0001:000063e4       ??6ostream@@QAEAAV0@PB_W@Z c00067e4 f   kcstdlib:kcstdlib.dll
 0001:000063ea       ??6ostream@@QAEAAV0@I@Z    c00067ea f   kcstdlib:kcstdlib.dll
 0001:000063f0       ??6ostream@@QAEAAV0@PBX@Z  c00067f0 f   kcstdlib:kcstdlib.dll
 0001:000063f6       ?debug_serial@@YAXPBD@Z    c00067f6 f   kcstdlib:kcstdlib.dll
 0001:000063fc       _getHal@0                  c00067fc f   hal:Hal.dll
 0001:00006444       ??_GCSpinlock@@QAEPAXI@Z   c0006844 f i AcpiSubsystem:ChaiOSL.obj
 0001:0000646a       _AcpiEarlyTables           c000686a f   AcpiSubsystem:ChaiOSL.obj
 0001:0000647c       _AcpiOsAcquireLock         c000687c f   AcpiSubsystem:ChaiOSL.obj
 0001:0000647f       _AcpiOsAcquireObject       c000687f f   AcpiSubsystem:ChaiOSL.obj
 0001:00006484       _AcpiOsAllocate            c0006884 f   AcpiSubsystem:ChaiOSL.obj
 0001:00006489       _AcpiOsCloseDirectory      c0006889 f   AcpiSubsystem:ChaiOSL.obj
 0001:0000648a       _AcpiOsCloseFile           c000688a f   AcpiSubsystem:ChaiOSL.obj
 0001:0000648b       _AcpiOsCreateCache         c000688b f   AcpiSubsystem:ChaiOSL.obj
 0001:0000649b       _AcpiOsCreateLock          c000689b f   AcpiSubsystem:ChaiOSL.obj
 0001:0000649e       _AcpiOsCreateSemaphore     c000689e f   AcpiSubsystem:ChaiOSL.obj
 0001:000064bd       _AcpiOsDeleteCache         c00068bd f   AcpiSubsystem:ChaiOSL.obj
 0001:000064c0       _AcpiOsDeleteLock          c00068c0 f   AcpiSubsystem:ChaiOSL.obj
 0001:000064c1       _AcpiOsDeleteSemaphore     c00068c1 f   AcpiSubsystem:ChaiOSL.obj
 0001:000064ce       _AcpiOsExecute             c00068ce f   AcpiSubsystem:ChaiOSL.obj
 0001:000064da       _AcpiOsFree                c00068da f   AcpiSubsystem:ChaiOSL.obj
 0001:000064df       _AcpiOsGetFileOffset       c00068df f   AcpiSubsystem:ChaiOSL.obj
 0001:000064e2       _AcpiOsGetLine             c00068e2 f   AcpiSubsystem:ChaiOSL.obj
 0001:000064e5       _AcpiOsGetNextFilename     c00068e5 f   AcpiSubsystem:ChaiOSL.obj
 0001:000064e8       _AcpiOsGetPhysicalAddress  c00068e8 f   AcpiSubsystem:ChaiOSL.obj
 0001:0000650a       _AcpiOsGetRootPointer      c000690a f   AcpiSubsystem:ChaiOSL.obj
 0001:00006523       _AcpiOsGetThreadId         c0006923 f   AcpiSubsystem:ChaiOSL.obj
 0001:00006528       _AcpiOsGetTimer            c0006928 f   AcpiSubsystem:ChaiOSL.obj
 0001:0000652b       _AcpiOsInitialize          c000692b f   AcpiSubsystem:ChaiOSL.obj
 0001:0000652e       _AcpiOsInstallInterruptHandler c000692e f   AcpiSubsystem:ChaiOSL.obj
 0001:00006581       _AcpiOsMapMemory           c0006981 f   AcpiSubsystem:ChaiOSL.obj
 0001:000065b4       _AcpiOsOpenDirectory       c00069b4 f   AcpiSubsystem:ChaiOSL.obj
 0001:000065b7       _AcpiOsOpenFile            c00069b7 f   AcpiSubsystem:ChaiOSL.obj
 0001:000065ba       _AcpiOsPhysicalTableOverride c00069ba f   AcpiSubsystem:ChaiOSL.obj
 0001:000065ce       _AcpiOsPredefinedOverride  c00069ce f   AcpiSubsystem:ChaiOSL.obj
 0001:000065d8       _AcpiOsPrintf              c00069d8 f   AcpiSubsystem:ChaiOSL.obj
 0001:000065d9       _AcpiOsPurgeCache          c00069d9 f   AcpiSubsystem:ChaiOSL.obj
 0001:000065dc       _AcpiOsReadMemory          c00069dc f   AcpiSubsystem:ChaiOSL.obj
 0001:0000663d       _AcpiOsReadPciConfiguration c0006a3d f   AcpiSubsystem:ChaiOSL.obj
 0001:000066d2       _AcpiOsReadPort            c0006ad2 f   AcpiSubsystem:ChaiOSL.obj
 0001:00006716       _AcpiOsReadable            c0006b16 f   AcpiSubsystem:ChaiOSL.obj
 0001:00006719       _AcpiOsRedirectOutput      c0006b19 f   AcpiSubsystem:ChaiOSL.obj
 0001:0000671a       _AcpiOsReleaseLock         c0006b1a f   AcpiSubsystem:ChaiOSL.obj
 0001:0000671b       _AcpiOsReleaseObject       c0006b1b f   AcpiSubsystem:ChaiOSL.obj
 0001:00006728       _AcpiOsRemoveInterruptHandler c0006b28 f   AcpiSubsystem:ChaiOSL.obj
 0001:00006758       _AcpiOsSetFileOffset       c0006b58 f   AcpiSubsystem:ChaiOSL.obj
 0001:0000675c       _AcpiOsSignal              c0006b5c f   AcpiSubsystem:ChaiOSL.obj
 0001:00006762       _AcpiOsSignalSemaphore     c0006b62 f   AcpiSubsystem:ChaiOSL.obj
 0001:00006765       _AcpiOsSleep               c0006b65 f   AcpiSubsystem:ChaiOSL.obj
 0001:00006782       _AcpiOsStall               c0006b82 f   AcpiSubsystem:ChaiOSL.obj
 0001:00006783       _AcpiOsTableOverride       c0006b83 f   AcpiSubsystem:ChaiOSL.obj
 0001:0000678d       _AcpiOsTerminate           c0006b8d f   AcpiSubsystem:ChaiOSL.obj
 0001:00006790       _AcpiOsUnmapMemory         c0006b90 f   AcpiSubsystem:ChaiOSL.obj
 0001:000067ac       _AcpiOsVprintf             c0006bac f   AcpiSubsystem:ChaiOSL.obj
 0001:000067ad       _AcpiOsWaitEventsComplete  c0006bad f   AcpiSubsystem:ChaiOSL.obj
 0001:000067ae       _AcpiOsWaitSemaphore       c0006bae f   AcpiSubsystem:ChaiOSL.obj
 0001:000067b1       _AcpiOsWritable            c0006bb1 f   AcpiSubsystem:ChaiOSL.obj
 0001:000067b6       _AcpiOsWriteFile           c0006bb6 f   AcpiSubsystem:ChaiOSL.obj
 0001:000067ba       _AcpiOsWriteMemory         c0006bba f   AcpiSubsystem:ChaiOSL.obj
 0001:0000681a       _AcpiOsWritePciConfiguration c0006c1a f   AcpiSubsystem:ChaiOSL.obj
 0001:000068bd       _AcpiOsWritePort           c0006cbd f   AcpiSubsystem:ChaiOSL.obj
 0001:000068fb       _GetAcpiTable              c0006cfb f   AcpiSubsystem:ChaiOSL.obj
 0001:00006900       _MpSaveGpioInfo            c0006d00 f   AcpiSubsystem:ChaiOSL.obj
 0001:00006901       _MpSaveSerialInfo          c0006d01 f   AcpiSubsystem:ChaiOSL.obj
 0001:00006902       _StartAcpi                 c0006d02 f   AcpiSubsystem:ChaiOSL.obj
 0001:00006927       _AcpiAllocateRootTable     c0006d27 f   AcpiSubsystem:tbxface.obj
 0001:0000693c       _AcpiGetTable              c0006d3c f   AcpiSubsystem:tbxface.obj
 0001:000069aa       _AcpiGetTableByIndex       c0006daa f   AcpiSubsystem:tbxface.obj
 0001:00006a95       _AcpiGetTableHeader        c0006e95 f   AcpiSubsystem:tbxface.obj
 0001:00006b47       _AcpiInitializeTables      c0006f47 f   AcpiSubsystem:tbxface.obj
 0001:00006c17       _AcpiInstallTableHandler   c0007017 f   AcpiSubsystem:tbxface.obj
 0001:00006cb7       _AcpiReallocateRootTable   c00070b7 f   AcpiSubsystem:tbxface.obj
 0001:00006d1c       _AcpiRemoveTableHandler    c000711c f   AcpiSubsystem:tbxface.obj
 0001:00006d98       _AcpiEnableSubsystem       c0007198 f   AcpiSubsystem:utxfinit.obj
 0001:00006f4d       _AcpiInitializeObjects     c000734d f   AcpiSubsystem:utxfinit.obj
 0001:00007077       _AcpiInitializeSubsystem   c0007477 f   AcpiSubsystem:utxfinit.obj
 0001:000071bc       _AcpiFindRootPointer       c00075bc f   AcpiSubsystem:tbxfroot.obj
 0001:00007360       _AcpiTbGetRsdpLength       c0007760 f   AcpiSubsystem:tbxfroot.obj
 0001:0000738d       _AcpiTbScanMemoryForRsdp   c000778d f   AcpiSubsystem:tbxfroot.obj
 0001:00007470       _AcpiTbValidateRsdp        c0007870 f   AcpiSubsystem:tbxfroot.obj
 0001:000074bd       _AcpiDebugPrint            c00078bd f   AcpiSubsystem:utdebug.obj
 0001:00007558       _AcpiDebugPrintRaw         c0007958 f   AcpiSubsystem:utdebug.obj
 0001:0000757f       _AcpiUtExit                c000797f f   AcpiSubsystem:utdebug.obj
 0001:000075c9       _AcpiUtInitStackPtrTrace   c00079c9 f   AcpiSubsystem:utdebug.obj
 0001:000075d4       _AcpiUtPtrExit             c00079d4 f   AcpiSubsystem:utdebug.obj
 0001:00007621       _AcpiUtStatusExit          c0007a21 f   AcpiSubsystem:utdebug.obj
 0001:00007693       _AcpiUtTrace               c0007a93 f   AcpiSubsystem:utdebug.obj
 0001:000076d9       _AcpiUtTracePtr            c0007ad9 f   AcpiSubsystem:utdebug.obj
 0001:00007722       _AcpiUtTraceStr            c0007b22 f   AcpiSubsystem:utdebug.obj
 0001:0000776b       _AcpiUtTraceU32            c0007b6b f   AcpiSubsystem:utdebug.obj
 0001:000077b4       _AcpiUtTrackStackPtr       c0007bb4 f   AcpiSubsystem:utdebug.obj
 0001:00007809       _AcpiUtValueExit           c0007c09 f   AcpiSubsystem:utdebug.obj
 0001:00007859       _AcpiUtAcquireMutex        c0007c59 f   AcpiSubsystem:utmutex.obj
 0001:00007a17       _AcpiUtMutexInitialize     c0007e17 f   AcpiSubsystem:utmutex.obj
 0001:00007b1f       _AcpiUtMutexTerminate      c0007f1f f   AcpiSubsystem:utmutex.obj
 0001:00007b9a       _AcpiUtReleaseMutex        c0007f9a f   AcpiSubsystem:utmutex.obj
 0001:00007c47       _memcmp                    c0008047 f   AcpiSubsystem:utclib.obj
 0001:00007c77       _memset                    c0008077 f   AcpiSubsystem:utclib.obj
 0001:00007ca5       _strcat                    c00080a5 f   AcpiSubsystem:utclib.obj
 0001:00007cc6       _strchr                    c00080c6 f   AcpiSubsystem:utclib.obj
 0001:00007cdc       _strcmp                    c00080dc f   AcpiSubsystem:utclib.obj
 0001:00007cfe       _strcpy                    c00080fe f   AcpiSubsystem:utclib.obj
 0001:00007d20       _strlen                    c0008120 f   AcpiSubsystem:utclib.obj
 0001:00007d32       _strncat                   c0008132 f   AcpiSubsystem:utclib.obj
 0001:00007d64       _strncmp                   c0008164 f   AcpiSubsystem:utclib.obj
 0001:00007d99       _strncpy                   c0008199 f   AcpiSubsystem:utclib.obj
 0001:00007dcd       _strstr                    c00081cd f   AcpiSubsystem:utclib.obj
 0001:00007e12       _strtoul                   c0008212 f   AcpiSubsystem:utclib.obj
 0001:00007f60       _tolower                   c0008360 f   AcpiSubsystem:utclib.obj
 0001:00007f75       _toupper                   c0008375 f   AcpiSubsystem:utclib.obj
 0001:00007f8a       _AcpiTbAcquireTable        c000838a f   AcpiSubsystem:tbdata.obj
 0001:00007fdc       _AcpiTbAcquireTempTable    c00083dc f   AcpiSubsystem:tbdata.obj
 0001:0000804b       _AcpiTbAllocateOwnerId     c000844b f   AcpiSubsystem:tbdata.obj
 0001:000080b6       _AcpiTbDeleteNamespaceByOwner c00084b6 f   AcpiSubsystem:tbdata.obj
 0001:00008194       _AcpiTbGetNextTableDescriptor c0008594 f   AcpiSubsystem:tbdata.obj
 0001:000081d7       _AcpiTbGetOwnerId          c00085d7 f   AcpiSubsystem:tbdata.obj
 0001:00008240       _AcpiTbInitTableDescriptor c0008640 f   AcpiSubsystem:tbdata.obj
 0001:00008276       _AcpiTbInvalidateTable     c0008676 f   AcpiSubsystem:tbdata.obj
 0001:000082da       _AcpiTbIsTableLoaded       c00086da f   AcpiSubsystem:tbdata.obj
 0001:0000830c       _AcpiTbReleaseOwnerId      c000870c f   AcpiSubsystem:tbdata.obj
 0001:00008377       _AcpiTbReleaseTable        c0008777 f   AcpiSubsystem:tbdata.obj
 0001:00008394       _AcpiTbReleaseTempTable    c0008794 f   AcpiSubsystem:tbdata.obj
 0001:00008399       _AcpiTbResizeRootTableList c0008799 f   AcpiSubsystem:tbdata.obj
 0001:00008498       _AcpiTbSetTableLoadedFlag  c0008898 f   AcpiSubsystem:tbdata.obj
 0001:000084d0       _AcpiTbTerminate           c00088d0 f   AcpiSubsystem:tbdata.obj
 0001:00008590       _AcpiTbValidateTable       c0008990 f   AcpiSubsystem:tbdata.obj
 0001:000085f1       _AcpiTbValidateTempTable   c00089f1 f   AcpiSubsystem:tbdata.obj
 0001:00008613       _AcpiTbVerifyTempTable     c0008a13 f   AcpiSubsystem:tbdata.obj
 0001:00008716       _AcpiTbCheckDsdtHeader     c0008b16 f   AcpiSubsystem:tbutils.obj
 0001:0000877b       _AcpiTbCopyDsdt            c0008b7b f   AcpiSubsystem:tbutils.obj
 0001:00008834       _AcpiTbInitializeFacs      c0008c34 f   AcpiSubsystem:tbutils.obj
 0001:0000888f       _AcpiTbParseRootTable      c0008c8f f   AcpiSubsystem:tbutils.obj
 0001:00008ab5       _AcpiTbTablesLoaded        c0008eb5 f   AcpiSubsystem:tbutils.obj
 0001:00008ac1       _AcpiClearEvent            c0008ec1 f   AcpiSubsystem:evxfevnt.obj
 0001:00008b2d       _AcpiDisable               c0008f2d f   AcpiSubsystem:evxfevnt.obj
 0001:00008c10       _AcpiDisableEvent          c0009010 f   AcpiSubsystem:evxfevnt.obj
 0001:00008d21       _AcpiEnable                c0009121 f   AcpiSubsystem:evxfevnt.obj
 0001:00008e26       _AcpiEnableEvent           c0009226 f   AcpiSubsystem:evxfevnt.obj
 0001:00008f37       _AcpiGetEventStatus        c0009337 f   AcpiSubsystem:evxfevnt.obj
 0001:0000904e       _AcpiCheckAddressRange     c000944e f   AcpiSubsystem:utxface.obj
 0001:00009087       _AcpiDecodePldBuffer       c0009487 f   AcpiSubsystem:utxface.obj
 0001:000091c7       _AcpiGetStatistics         c00095c7 f   AcpiSubsystem:utxface.obj
 0001:00009248       _AcpiGetSystemInfo         c0009648 f   AcpiSubsystem:utxface.obj
 0001:00009307       _AcpiInstallInitializationHandler c0009707 f   AcpiSubsystem:utxface.obj
 0001:0000932a       _AcpiInstallInterface      c000972a f   AcpiSubsystem:utxface.obj
 0001:0000939c       _AcpiInstallInterfaceHandler c000979c f   AcpiSubsystem:utxface.obj
 0001:000093e5       _AcpiPurgeCachedObjects    c00097e5 f   AcpiSubsystem:utxface.obj
 0001:00009443       _AcpiRemoveInterface       c0009843 f   AcpiSubsystem:utxface.obj
 0001:00009493       _AcpiSubsystemStatus       c0009893 f   AcpiSubsystem:utxface.obj
 0001:000094a3       _AcpiTerminate             c00098a3 f   AcpiSubsystem:utxface.obj
 0001:0000955e       _AcpiUpdateInterfaces      c000995e f   AcpiSubsystem:utxface.obj
 0001:00009597       _AcpiBiosError             c0009997 f   AcpiSubsystem:utxferror.obj
 0001:000095ca       _AcpiBiosWarning           c00099ca f   AcpiSubsystem:utxferror.obj
 0001:000095fd       _AcpiError                 c00099fd f   AcpiSubsystem:utxferror.obj
 0001:00009630       _AcpiException             c0009a30 f   AcpiSubsystem:utxferror.obj
 0001:00009682       _AcpiInfo                  c0009a82 f   AcpiSubsystem:utxferror.obj
 0001:000096a8       _AcpiWarning               c0009aa8 f   AcpiSubsystem:utxferror.obj
 0001:000096db       _AcpiHwGetMode             c0009adb f   AcpiSubsystem:hwacpi.obj
 0001:00009782       _AcpiHwSetMode             c0009b82 f   AcpiSubsystem:hwacpi.obj
 0001:000099e7       _AcpiUtInitGlobals         c0009de7 f   AcpiSubsystem:utinit.obj
 0001:00009bca       _AcpiUtSubsystemShutdown   c0009fca f   AcpiSubsystem:utinit.obj
 0001:00009c4e       _AcpiUtGetInterface        c000a04e f   AcpiSubsystem:utosi.obj
 0001:00009c77       _AcpiUtInitializeInterfaces c000a077 f   AcpiSubsystem:utosi.obj
 0001:00009cc5       _AcpiUtInstallInterface    c000a0c5 f   AcpiSubsystem:utosi.obj
 0001:00009d1c       _AcpiUtInterfaceTerminate  c000a11c f   AcpiSubsystem:utosi.obj
 0001:00009d82       _AcpiUtOsiImplementation   c000a182 f   AcpiSubsystem:utosi.obj
 0001:00009f15       _AcpiUtRemoveInterface     c000a315 f   AcpiSubsystem:utosi.obj
 0001:00009f77       _AcpiUtUpdateInterfaces    c000a377 f   AcpiSubsystem:utosi.obj
 0001:00009fb8       _AcpiEvFixedEventDetect    c000a3b8 f   AcpiSubsystem:evevent.obj
 0001:0000a116       _AcpiEvInitializeEvents    c000a516 f   AcpiSubsystem:evevent.obj
 0001:0000a1c7       _AcpiEvInstallXruptHandlers c000a5c7 f   AcpiSubsystem:evevent.obj
 0001:0000a27f       _AcpiEvHasDefaultHandler   c000a67f f   AcpiSubsystem:evhandler.obj
 0001:0000a37f       _AcpiEvInstallRegionHandlers c000a77f f   AcpiSubsystem:evhandler.obj
 0001:0000a41a       _AcpiEvInstallSpaceHandler c000a81a f   AcpiSubsystem:evhandler.obj
 0001:0000a68e       _AcpiEvAddressSpaceDispatch c000aa8e f   AcpiSubsystem:evregion.obj
 0001:0000a939       _AcpiEvAttachRegion        c000ad39 f   AcpiSubsystem:evregion.obj
 0001:0000a9fc       _AcpiEvDetachRegion        c000adfc f   AcpiSubsystem:evregion.obj
 0001:0000ac38       _AcpiEvExecuteRegMethod    c000b038 f   AcpiSubsystem:evregion.obj
 0001:0000ad76       _AcpiEvExecuteRegMethods   c000b176 f   AcpiSubsystem:evregion.obj
 0001:0000addb       _AcpiEvInitializeOpRegions c000b1db f   AcpiSubsystem:evregion.obj
 0001:0000b272       _AcpiNsInitializeDevices   c000b672 f   AcpiSubsystem:nsinit.obj
 0001:0000b403       _AcpiNsInitializeObjects   c000b803 f   AcpiSubsystem:nsinit.obj
 0001:0000b557       _AcpiNsLookup              c000b957 f   AcpiSubsystem:nsaccess.obj
 0001:0000bb85       _AcpiNsRootInitialize      c000bf85 f   AcpiSubsystem:nsaccess.obj
 0001:0000be23       _AcpiNsEvaluate            c000c223 f   AcpiSubsystem:nseval.obj
 0001:0000c2c6       _AcpiNsExecModuleCodeList  c000c6c6 f   AcpiSubsystem:nseval.obj
 0001:0000c37c       _AcpiDbInitialize          c000c77c f   AcpiSubsystem:dbxface.obj
 0001:0000c50c       _AcpiDbSingleStep          c000c90c f   AcpiSubsystem:dbxface.obj
 0001:0000c7cb       _AcpiDbTerminate           c000cbcb f   AcpiSubsystem:dbxface.obj
 0001:0000c7ea       _AcpiTbChecksum            c000cbea f   AcpiSubsystem:tbprint.obj
 0001:0000c87d       _AcpiTbPrintTableHeader    c000cc7d f   AcpiSubsystem:tbprint.obj
 0001:0000c967       _AcpiTbVerifyChecksum      c000cd67 f   AcpiSubsystem:tbprint.obj
 0001:0000c9b6       _AcpiFormatException       c000cdb6 f   AcpiSubsystem:utexcep.obj
 0001:0000c9ed       _AcpiUtValidateException   c000cded f   AcpiSubsystem:utexcep.obj
 0001:0000ca75       _AcpiUtGetDescriptorName   c000ce75 f   AcpiSubsystem:utdecode.obj
 0001:0000ca9b       _AcpiUtGetEventName        c000ce9b f   AcpiSubsystem:utdecode.obj
 0001:0000cab2       _AcpiUtGetMutexName        c000ceb2 f   AcpiSubsystem:utdecode.obj
 0001:0000cac9       _AcpiUtGetNodeName         c000cec9 f   AcpiSubsystem:utdecode.obj
 0001:0000cb08       _AcpiUtGetNotifyName       c000cf08 f   AcpiSubsystem:utdecode.obj
 0001:0000cb74       _AcpiUtGetObjectTypeName   c000cf74 f   AcpiSubsystem:utdecode.obj
 0001:0000cb8e       _AcpiUtGetReferenceName    c000cf8e f   AcpiSubsystem:utdecode.obj
 0001:0000cbce       _AcpiUtGetRegionName       c000cfce f   AcpiSubsystem:utdecode.obj
 0001:0000cc05       _AcpiUtGetTypeName         c000d005 f   AcpiSubsystem:utdecode.obj
 0001:0000cc1c       _AcpiUtValidObjectType     c000d01c f   AcpiSubsystem:utdecode.obj
 0001:0000cc28       _AcpiUtAcquireReadLock     c000d028 f   AcpiSubsystem:utlock.obj
 0001:0000cc72       _AcpiUtAcquireWriteLock    c000d072 f   AcpiSubsystem:utlock.obj
 0001:0000cc88       _AcpiUtCreateRwLock        c000d088 f   AcpiSubsystem:utlock.obj
 0001:0000ccb4       _AcpiUtDeleteRwLock        c000d0b4 f   AcpiSubsystem:utlock.obj
 0001:0000ccd6       _AcpiUtReleaseReadLock     c000d0d6 f   AcpiSubsystem:utlock.obj
 0001:0000cd11       _AcpiUtReleaseWriteLock    c000d111 f   AcpiSubsystem:utlock.obj
 0001:0000cd21       _AcpiOsAllocateZeroed      c000d121 f   AcpiSubsystem:utalloc.obj
 0001:0000cd4a       _AcpiUtCreateCaches        c000d14a f   AcpiSubsystem:utalloc.obj
 0001:0000cdc9       _AcpiUtDeleteCaches        c000d1c9 f   AcpiSubsystem:utalloc.obj
 0001:0000ce28       _AcpiUtInitializeBuffer    c000d228 f   AcpiSubsystem:utalloc.obj
 0001:0000ce83       _AcpiUtValidateBuffer      c000d283 f   AcpiSubsystem:utalloc.obj
 0001:0000ceb1       _AcpiUtAllocateOwnerId     c000d2b1 f   AcpiSubsystem:utownerid.obj
 0001:0000d01b       _AcpiUtReleaseOwnerId      c000d41b f   AcpiSubsystem:utownerid.obj
 0001:0000d0f1       _AcpiUtPrintString         c000d4f1 f   AcpiSubsystem:utstring.obj
 0001:0000d1eb       _AcpiUtRepairName          c000d5eb f   AcpiSubsystem:utstring.obj
 0001:0000d277       _AcpiUtSafeStrcat          c000d677 f   AcpiSubsystem:utstring.obj
 0001:0000d2ac       _AcpiUtSafeStrcpy          c000d6ac f   AcpiSubsystem:utstring.obj
 0001:0000d2d1       _AcpiUtSafeStrncat         c000d6d1 f   AcpiSubsystem:utstring.obj
 0001:0000d31d       _AcpiUtStrtoul64           c000d71d f   AcpiSubsystem:utstring.obj
 0001:0000d5bc       _AcpiUtStrupr              c000d9bc f   AcpiSubsystem:utstring.obj
 0001:0000d5e0       _AcpiUtValidAcpiChar       c000d9e0 f   AcpiSubsystem:utstring.obj
 0001:0000d609       _AcpiUtValidAcpiName       c000da09 f   AcpiSubsystem:utstring.obj
 0001:0000d636       _AcpiNsCreateNode          c000da36 f   AcpiSubsystem:nsalloc.obj
 0001:0000d69e       _AcpiNsDeleteChildren      c000da9e f   AcpiSubsystem:nsalloc.obj
 0001:0000d720       _AcpiNsDeleteNamespaceByOwner c000db20 f   AcpiSubsystem:nsalloc.obj
 0001:0000d80f       _AcpiNsDeleteNamespaceSubtree c000dc0f f   AcpiSubsystem:nsalloc.obj
 0001:0000d8ca       _AcpiNsDeleteNode          c000dcca f   AcpiSubsystem:nsalloc.obj
 0001:0000d958       _AcpiNsInstallNode         c000dd58 f   AcpiSubsystem:nsalloc.obj
 0001:0000da47       _AcpiNsRemoveNode          c000de47 f   AcpiSubsystem:nsalloc.obj
 0001:0000db15       _AcpiTbInstallFixedTable   c000df15 f   AcpiSubsystem:tbinstal.obj
 0001:0000dbef       _AcpiTbInstallStandardTable c000dfef f   AcpiSubsystem:tbinstal.obj
 0001:0000ddcb       _AcpiTbInstallTableWithOverride c000e1cb f   AcpiSubsystem:tbinstal.obj
 0001:0000de2c       _AcpiTbOverrideTable       c000e22c f   AcpiSubsystem:tbinstal.obj
 0001:0000df1d       _AcpiTbUninstallTable      c000e31d f   AcpiSubsystem:tbinstal.obj
 0001:0000e178       _AcpiTbCreateLocalFadt     c000e578 f   AcpiSubsystem:tbfadt.obj
 0001:0000e251       _AcpiTbParseFadt           c000e651 f   AcpiSubsystem:tbfadt.obj
 0001:0000e42a       _AcpiGetSleepTypeData      c000e82a f   AcpiSubsystem:hwxface.obj
 0001:0000e5d0       _AcpiRead                  c000e9d0 f   AcpiSubsystem:hwxface.obj
 0001:0000e6e9       _AcpiReadBitRegister       c000eae9 f   AcpiSubsystem:hwxface.obj
 0001:0000e7d8       _AcpiReset                 c000ebd8 f   AcpiSubsystem:hwxface.obj
 0001:0000e872       _AcpiWrite                 c000ec72 f   AcpiSubsystem:hwxface.obj
 0001:0000e963       _AcpiWriteBitRegister      c000ed63 f   AcpiSubsystem:hwxface.obj
 0001:0000eaa0       _AcpiUtAddAddressRange     c000eea0 f   AcpiSubsystem:utaddress.obj
 0001:0000ec01       _AcpiUtCheckAddressRange   c000f001 f   AcpiSubsystem:utaddress.obj
 0001:0000ed35       _AcpiUtDeleteAddressLists  c000f135 f   AcpiSubsystem:utaddress.obj
 0001:0000ed5d       _AcpiUtRemoveAddressRange  c000f15d f   AcpiSubsystem:utaddress.obj
 0001:0000ee59       _AcpiHwReadPort            c000f259 f   AcpiSubsystem:hwvalid.obj
 0001:0000f103       _AcpiHwWritePort           c000f503 f   AcpiSubsystem:hwvalid.obj
 0001:0000f195       _AcpiNsBuildInternalName   c000f595 f   AcpiSubsystem:nsutils.obj
 0001:0000f32f       _AcpiNsExternalizeName     c000f72f f   AcpiSubsystem:nsutils.obj
 0001:0000f4f9       _AcpiNsGetInternalNameLength c000f8f9 f   AcpiSubsystem:nsutils.obj
 0001:0000f567       _AcpiNsGetNode             c000f967 f   AcpiSubsystem:nsutils.obj
 0001:0000f6b6       _AcpiNsGetType             c000fab6 f   AcpiSubsystem:nsutils.obj
 0001:0000f727       _AcpiNsInternalizeName     c000fb27 f   AcpiSubsystem:nsutils.obj
 0001:0000f821       _AcpiNsLocal               c000fc21 f   AcpiSubsystem:nsutils.obj
 0001:0000f89b       _AcpiNsOpensScope          c000fc9b f   AcpiSubsystem:nsutils.obj
 0001:0000f8cf       _AcpiNsPrintNodePathname   c000fccf f   AcpiSubsystem:nsutils.obj
 0001:0000f933       _AcpiNsTerminate           c000fd33 f   AcpiSubsystem:nsutils.obj
 0001:0000f9c3       _AcpiNsValidateHandle      c000fdc3 f   AcpiSubsystem:nsutils.obj
 0001:0000f9e5       _AcpiEvIsNotifyObject      c000fde5 f   AcpiSubsystem:evmisc.obj
 0001:0000fa4e       _AcpiEvQueueNotifyRequest  c000fe4e f   AcpiSubsystem:evmisc.obj
 0001:0000fb91       _AcpiEvTerminate           c000ff91 f   AcpiSubsystem:evmisc.obj
 0001:0000fc76       _AcpiUtAddReference        c0010076 f   AcpiSubsystem:utdelete.obj
 0001:0001012a       _AcpiUtDeleteInternalObjectList c001052a f   AcpiSubsystem:utdelete.obj
 0001:00010155       _AcpiUtRemoveReference     c0010555 f   AcpiSubsystem:utdelete.obj
 0001:000101b6       _AcpiUtUpdateObjectReference c00105b6 f   AcpiSubsystem:utdelete.obj
 0001:00010507       _AcpiUtAllocateObjectDescDbg c0010907 f   AcpiSubsystem:utobject.obj
 0001:000105aa       _AcpiUtCreateBufferObject  c00109aa f   AcpiSubsystem:utobject.obj
 0001:00010665       _AcpiUtCreateIntegerObject c0010a65 f   AcpiSubsystem:utobject.obj
 0001:000106d4       _AcpiUtCreateInternalObjectDbg c0010ad4 f   AcpiSubsystem:utobject.obj
 0001:000107a1       _AcpiUtCreatePackageObject c0010ba1 f   AcpiSubsystem:utobject.obj
 0001:00010844       _AcpiUtCreateStringObject  c0010c44 f   AcpiSubsystem:utobject.obj
 0001:000108f5       _AcpiUtDeleteObjectDesc    c0010cf5 f   AcpiSubsystem:utobject.obj
 0001:000109af       _AcpiUtGetObjectSize       c0010daf f   AcpiSubsystem:utobject.obj
 0001:00010bbf       _AcpiUtValidInternalObject c0010fbf f   AcpiSubsystem:utobject.obj
 0001:00010c4c       _AcpiHwClearAcpiStatus     c001104c f   AcpiSubsystem:hwregs.obj
 0001:00010cfd       _AcpiHwGetBitRegisterInfo  c00110fd f   AcpiSubsystem:hwregs.obj
 0001:00010d2e       _AcpiHwRead                c001112e f   AcpiSubsystem:hwregs.obj
 0001:00010e2d       _AcpiHwRegisterRead        c001122d f   AcpiSubsystem:hwregs.obj
 0001:00010f28       _AcpiHwRegisterWrite       c0011328 f   AcpiSubsystem:hwregs.obj
 0001:00011067       _AcpiHwValidateRegister    c0011467 f   AcpiSubsystem:hwregs.obj
 0001:00011104       _AcpiHwWrite               c0011504 f   AcpiSubsystem:hwregs.obj
 0001:000111e1       _AcpiHwWritePm1Control     c00115e1 f   AcpiSubsystem:hwregs.obj
 0001:00011256       _AcpiEvAcquireGlobalLock   c0011656 f   AcpiSubsystem:evglock.obj
 0001:0001146d       _AcpiEvInitGlobalLockHandler c001186d f   AcpiSubsystem:evglock.obj
 0001:0001153c       _AcpiEvReleaseGlobalLock   c001193c f   AcpiSubsystem:evglock.obj
 0001:00011640       _AcpiEvRemoveGlobalLockHandler c0011a40 f   AcpiSubsystem:evglock.obj
 0001:00011693       _AcpiEvGpeInitialize       c0011a93 f   AcpiSubsystem:evgpeinit.obj
 0001:0001188c       _AcpiEvMatchGpeMethod      c0011c8c f   AcpiSubsystem:evgpeinit.obj
 0001:00011aaf       _AcpiEvUpdateGpes          c0011eaf f   AcpiSubsystem:evgpeinit.obj
 0001:00011b63       _AcpiEvGpeXruptHandler     c0011f63 f   AcpiSubsystem:evsci.obj
 0001:00011ba3       _AcpiEvInstallSciHandler   c0011fa3 f   AcpiSubsystem:evsci.obj
 0001:00011bf0       _AcpiEvRemoveAllSciHandlers c0011ff0 f   AcpiSubsystem:evsci.obj
 0001:00011c79       _AcpiEvSciDispatch         c0012079 f   AcpiSubsystem:evsci.obj
 0001:00011d16       _AcpiEvCmosRegionSetup     c0012116 f   AcpiSubsystem:evrgnini.obj
 0001:00011d48       _AcpiEvDefaultRegionSetup  c0012148 f   AcpiSubsystem:evrgnini.obj
 0001:00011d8e       _AcpiEvInitializeRegion    c001218e f   AcpiSubsystem:evrgnini.obj
 0001:00011fc6       _AcpiEvIoSpaceRegionSetup  c00123c6 f   AcpiSubsystem:evrgnini.obj
 0001:00012092       _AcpiEvPciBarRegionSetup   c0012492 f   AcpiSubsystem:evrgnini.obj
 0001:000120c4       _AcpiEvPciConfigRegionSetup c00124c4 f   AcpiSubsystem:evrgnini.obj
 0001:00012337       _AcpiEvSystemMemoryRegionSetup c0012737 f   AcpiSubsystem:evrgnini.obj
 0001:000123f5       _AcpiNsGetNextNode         c00127f5 f   AcpiSubsystem:nswalk.obj
 0001:0001240e       _AcpiNsGetNextNodeTyped    c001280e f   AcpiSubsystem:nswalk.obj
 0001:00012444       _AcpiNsWalkNamespace       c0012844 f   AcpiSubsystem:nswalk.obj
 0001:0001264d       _AcpiNsAttachData          c0012a4d f   AcpiSubsystem:nsobject.obj
 0001:000126b0       _AcpiNsAttachObject        c0012ab0 f   AcpiSubsystem:nsobject.obj
 0001:00012861       _AcpiNsDetachData          c0012c61 f   AcpiSubsystem:nsobject.obj
 0001:000128a1       _AcpiNsDetachObject        c0012ca1 f   AcpiSubsystem:nsobject.obj
 0001:0001298b       _AcpiNsGetAttachedData     c0012d8b f   AcpiSubsystem:nsobject.obj
 0001:000129ba       _AcpiNsGetAttachedObject   c0012dba f   AcpiSubsystem:nsobject.obj
 0001:00012a4b       _AcpiNsGetSecondaryObject  c0012e4b f   AcpiSubsystem:nsobject.obj
 0001:00012ab3       _AcpiExCmosSpaceHandler    c0012eb3 f   AcpiSubsystem:exregion.obj
 0001:00012aea       _AcpiExDataTableSpaceHandler c0012eea f   AcpiSubsystem:exregion.obj
 0001:00012b76       _AcpiExPciBarSpaceHandler  c0012f76 f   AcpiSubsystem:exregion.obj
 0001:00012bad       _AcpiExPciConfigSpaceHandler c0012fad f   AcpiSubsystem:exregion.obj
 0001:00012c91       _AcpiExSystemIoSpaceHandler c0013091 f   AcpiSubsystem:exregion.obj
 0001:00012d5d       _AcpiExSystemMemorySpaceHandler c001315d f   AcpiSubsystem:exregion.obj
 0001:00012fc4       _AcpiGetHandle             c00133c4 f   AcpiSubsystem:nsxfname.obj
 0001:00013044       _AcpiGetName               c0013444 f   AcpiSubsystem:nsxfname.obj
 0001:000130cc       _AcpiGetObjectInfo         c00134cc f   AcpiSubsystem:nsxfname.obj
 0001:00013404       _AcpiInstallMethod         c0013804 f   AcpiSubsystem:nsxfname.obj
 0001:000135a9       _AcpiAttachData            c00139a9 f   AcpiSubsystem:nsxfeval.obj
 0001:00013604       _AcpiDetachData            c0013a04 f   AcpiSubsystem:nsxfeval.obj
 0001:00013654       _AcpiEvaluateObject        c0013a54 f   AcpiSubsystem:nsxfeval.obj
 0001:000138fe       _AcpiEvaluateObjectTyped   c0013cfe f   AcpiSubsystem:nsxfeval.obj
 0001:00013a51       _AcpiGetData               c0013e51 f   AcpiSubsystem:nsxfeval.obj
 0001:00013aac       _AcpiGetDevices            c0013eac f   AcpiSubsystem:nsxfeval.obj
 0001:00013cb5       _AcpiWalkNamespace         c00140b5 f   AcpiSubsystem:nsxfeval.obj
 0001:00013da9       _AcpiUtCreateUpdateStateAndPush c00141a9 f   AcpiSubsystem:utmisc.obj
 0001:00013ddb       _AcpiUtDisplayInitPathname c00141db f   AcpiSubsystem:utmisc.obj
 0001:00013e6b       _AcpiUtDwordByteSwap       c001426b f   AcpiSubsystem:utmisc.obj
 0001:00013e96       _AcpiUtIsPciRootBridge     c0014296 f   AcpiSubsystem:utmisc.obj
 0001:00013ec4       _AcpiUtSetIntegerWidth     c00142c4 f   AcpiSubsystem:utmisc.obj
 0001:00013ef7       _AcpiUtWalkPackageTree     c00142f7 f   AcpiSubsystem:utmisc.obj
 0001:0001406f       _AcpiExAcquireGlobalLock   c001446f f   AcpiSubsystem:exutils.obj
 0001:0001417c       _AcpiExEisaIdToString      c001457c f   AcpiSubsystem:exutils.obj
 0001:0001421d       _AcpiExEnterInterpreter    c001461d f   AcpiSubsystem:exutils.obj
 0001:00014271       _AcpiExExitInterpreter     c0014671 f   AcpiSubsystem:exutils.obj
 0001:000142c5       _AcpiExIntegerToString     c00146c5 f   AcpiSubsystem:exutils.obj
 0001:00014317       _AcpiExPciClsToString      c0014717 f   AcpiSubsystem:exutils.obj
 0001:00014393       _AcpiExReleaseGlobalLock   c0014793 f   AcpiSubsystem:exutils.obj
 0001:000143fe       _AcpiExTruncateFor32bitTable c00147fe f   AcpiSubsystem:exutils.obj
 0001:00014436       _AcpiIsValidSpaceId        c0014836 f   AcpiSubsystem:exutils.obj
 0001:00014451       _AcpiUtEvaluateNumericObject c0014851 f   AcpiSubsystem:uteval.obj
 0001:000144d3       _AcpiUtEvaluateObject      c00148d3 f   AcpiSubsystem:uteval.obj
 0001:00014686       _AcpiUtExecutePowerMethods c0014a86 f   AcpiSubsystem:uteval.obj
 0001:00014773       _AcpiUtExecute_STA         c0014b73 f   AcpiSubsystem:uteval.obj
 0001:00014835       _AcpiNsBuildExternalPath   c0014c35 f   AcpiSubsystem:nsnames.obj
 0001:000148ae       _AcpiNsGetExternalPathname c0014cae f   AcpiSubsystem:nsnames.obj
 0001:00014977       _AcpiNsGetPathnameLength   c0014d77 f   AcpiSubsystem:nsnames.obj
 0001:000149c4       _AcpiNsHandleToPathname    c0014dc4 f   AcpiSubsystem:nsnames.obj
 0001:00014c44       _AcpiDsGetBankFieldArguments c0015044 f   AcpiSubsystem:dsargs.obj
 0001:00014d04       _AcpiDsGetBufferArguments  c0015104 f   AcpiSubsystem:dsargs.obj
 0001:00014dd0       _AcpiDsGetBufferFieldArguments c00151d0 f   AcpiSubsystem:dsargs.obj
 0001:00014e90       _AcpiDsGetPackageArguments c0015290 f   AcpiSubsystem:dsargs.obj
 0001:00014f5c       _AcpiDsGetRegionArguments  c001535c f   AcpiSubsystem:dsargs.obj
 0001:00015089       _AcpiNsDumpEntry           c0015489 f   AcpiSubsystem:nsdump.obj
 0001:000150b7       _AcpiNsDumpObjectPaths     c00154b7 f   AcpiSubsystem:nsdump.obj
 0001:00015124       _AcpiNsDumpObjects         c0015524 f   AcpiSubsystem:nsdump.obj
 0001:00015186       _AcpiNsDumpOneObject       c0015586 f   AcpiSubsystem:nsdump.obj
 0001:000157cb       _AcpiNsDumpPathname        c0015bcb f   AcpiSubsystem:nsdump.obj
 0001:0001584d       _AcpiNsPrintPathname       c0015c4d f   AcpiSubsystem:nsdump.obj
 0001:000158ee       _AcpiNsSearchAndEnter      c0015cee f   AcpiSubsystem:nssearch.obj
 0001:00015b4b       _AcpiNsSearchOneScope      c0015f4b f   AcpiSubsystem:nssearch.obj
 0001:00015e32       _AcpiDsScopeStackClear     c0016232 f   AcpiSubsystem:dswscope.obj
 0001:00015ea4       _AcpiDsScopeStackPop       c00162a4 f   AcpiSubsystem:dswscope.obj
 0001:00015ff8       _AcpiDsScopeStackPush      c00163f8 f   AcpiSubsystem:dswscope.obj
 0001:000161e1       _AcpiUtGetExpectedReturnTypes c00165e1 f   AcpiSubsystem:utpredef.obj
 0001:00016235       _AcpiUtGetNextPredefinedMethod c0016635 f   AcpiSubsystem:utpredef.obj
 0001:0001624d       _AcpiUtMatchPredefinedMethod c001664d f   AcpiSubsystem:utpredef.obj
 0001:0001627e       _AcpiUtMethodError         c001667e f   AcpiSubsystem:uterror.obj
 0001:000162f3       _AcpiUtNamespaceError      c00166f3 f   AcpiSubsystem:uterror.obj
 0001:00016391       _AcpiUtPredefinedBiosError c0016791 f   AcpiSubsystem:uterror.obj
 0001:000163cd       _AcpiUtPredefinedInfo      c00167cd f   AcpiSubsystem:uterror.obj
 0001:00016409       _AcpiUtPredefinedWarning   c0016809 f   AcpiSubsystem:uterror.obj
 0001:00016445       _AcpiDebugTrace            c0016845 f   AcpiSubsystem:psxface.obj
 0001:00016496       _AcpiPsExecuteMethod       c0016896 f   AcpiSubsystem:psxface.obj
 0001:000167e3       _AcpiExResolveNodeToValue  c0016be3 f   AcpiSubsystem:exresnte.obj
 0001:00016bba       _AcpiNsCheckAcpiCompliance c0016fba f   AcpiSubsystem:nsarguments.obj
 0001:00016c69       _AcpiNsCheckArgumentCount  c0017069 f   AcpiSubsystem:nsarguments.obj
 0001:00016d3e       _AcpiNsCheckArgumentTypes  c001713e f   AcpiSubsystem:nsarguments.obj
 0001:00016dd3       _AcpiNsCheckObjectType     c00171d3 f   AcpiSubsystem:nspredef.obj
 0001:00016f38       _AcpiNsCheckReturnValue    c0017338 f   AcpiSubsystem:nspredef.obj
 0001:0001700c       _AcpiDbCommandDispatch     c001740c f   AcpiSubsystem:dbinput.obj
 0001:00017680       _AcpiDbExecuteThread       c0017a80 f   AcpiSubsystem:dbinput.obj
 0001:0001773d       _AcpiDbGetNextToken        c0017b3d f   AcpiSubsystem:dbinput.obj
 0001:00017929       _AcpiDbUserCommands        c0017d29 f   AcpiSubsystem:dbinput.obj
 0001:000179d2       _AcpiDbDumpExternalObject  c0017dd2 f   AcpiSubsystem:dbutils.obj
 0001:00017b4b       _AcpiDbLocalNsLookup       c0017f4b f   AcpiSubsystem:dbutils.obj
 0001:00017bc5       _AcpiDbMatchArgument       c0017fc5 f   AcpiSubsystem:dbutils.obj
 0001:00017c0b       _AcpiDbPrepNamestring      c001800b f   AcpiSubsystem:dbutils.obj
 0001:00017c3f       _AcpiDbSetOutputDestination c001803f f   AcpiSubsystem:dbutils.obj
 0001:00017c65       _AcpiDbUint32ToHexString   c0018065 f   AcpiSubsystem:dbutils.obj
 0001:000183e4       _AcpiDmDisassemble         c00187e4 f   AcpiSubsystem:dmwalk.obj
 0001:0001841e       _AcpiDmEmitExternals       c001881e f   AcpiSubsystem:dmwalk.obj
 0001:0001841f       _AcpiDmListType            c001881f f   AcpiSubsystem:dmwalk.obj
 0001:00018472       _AcpiDmWalkParseTree       c0018872 f   AcpiSubsystem:dmwalk.obj
 0001:000184f3       _AcpiUtDivide              c00188f3 f   AcpiSubsystem:utmath.obj
 0001:00018688       _AcpiUtShortDivide         c0018a88 f   AcpiSubsystem:utmath.obj
 0001:00018743       _AcpiHwClearGpe            c0018b43 f   AcpiSubsystem:hwgpe.obj
 0001:0001876b       _AcpiHwClearGpeBlock       c0018b6b f   AcpiSubsystem:hwgpe.obj
 0001:000187a0       _AcpiHwDisableAllGpes      c0018ba0 f   AcpiSubsystem:hwgpe.obj
 0001:000187ed       _AcpiHwDisableGpeBlock     c0018bed f   AcpiSubsystem:hwgpe.obj
 0001:0001881f       _AcpiHwEnableAllRuntimeGpes c0018c1f f   AcpiSubsystem:hwgpe.obj
 0001:00018860       _AcpiHwEnableAllWakeupGpes c0018c60 f   AcpiSubsystem:hwgpe.obj
 0001:000188a1       _AcpiHwEnableRuntimeGpeBlock c0018ca1 f   AcpiSubsystem:hwgpe.obj
 0001:0001890e       _AcpiHwGetGpeRegisterBit   c0018d0e f   AcpiSubsystem:hwgpe.obj
 0001:00018925       _AcpiHwGetGpeStatus        c0018d25 f   AcpiSubsystem:hwgpe.obj
 0001:000189c7       _AcpiHwLowSetGpe           c0018dc7 f   AcpiSubsystem:hwgpe.obj
 0001:00018a55       _AcpiUtCreateControlState  c0018e55 f   AcpiSubsystem:utstate.obj
 0001:00018a72       _AcpiUtCreateGenericState  c0018e72 f   AcpiSubsystem:utstate.obj
 0001:00018a8c       _AcpiUtCreatePkgState      c0018e8c f   AcpiSubsystem:utstate.obj
 0001:00018ac2       _AcpiUtCreateThreadState   c0018ec2 f   AcpiSubsystem:utstate.obj
 0001:00018b0e       _AcpiUtCreateUpdateState   c0018f0e f   AcpiSubsystem:utstate.obj
 0001:00018b36       _AcpiUtDeleteGenericState  c0018f36 f   AcpiSubsystem:utstate.obj
 0001:00018b54       _AcpiUtPopGenericState     c0018f54 f   AcpiSubsystem:utstate.obj
 0001:00018b68       _AcpiUtPushGenericState    c0018f68 f   AcpiSubsystem:utstate.obj
 0001:00018b7c       _AcpiEvDeleteGpeHandlers   c0018f7c f   AcpiSubsystem:evgpeutil.obj
 0001:00018c2e       _AcpiEvDeleteGpeXrupt      c001902e f   AcpiSubsystem:evgpeutil.obj
 0001:00018d05       _AcpiEvGetGpeDevice        c0019105 f   AcpiSubsystem:evgpeutil.obj
 0001:00018d33       _AcpiEvGetGpeXruptBlock    c0019133 f   AcpiSubsystem:evgpeutil.obj
 0001:00018e61       _AcpiEvWalkGpeList         c0019261 f   AcpiSubsystem:evgpeutil.obj
 0001:00018ef7       _AcpiExAcquireMutex        c00192f7 f   AcpiSubsystem:exmutex.obj
 0001:00019033       _AcpiExAcquireMutexObject  c0019433 f   AcpiSubsystem:exmutex.obj
 0001:00019140       _AcpiExReleaseAllMutexes   c0019540 f   AcpiSubsystem:exmutex.obj
 0001:000191d6       _AcpiExReleaseMutex        c00195d6 f   AcpiSubsystem:exmutex.obj
 0001:000193a0       _AcpiExReleaseMutexObject  c00197a0 f   AcpiSubsystem:exmutex.obj
 0001:0001946a       _AcpiExUnlinkMutex         c001986a f   AcpiSubsystem:exmutex.obj
 0001:000194a0       _AcpiEvCreateGpeBlock      c00198a0 f   AcpiSubsystem:evgpeblk.obj
 0001:0001982a       _AcpiEvDeleteGpeBlock      c0019c2a f   AcpiSubsystem:evgpeblk.obj
 0001:0001991f       _AcpiEvInitializeGpeBlock  c0019d1f f   AcpiSubsystem:evgpeblk.obj
 0001:00019af6       _AcpiAcquireGlobalLock     c0019ef6 f   AcpiSubsystem:evxface.obj
 0001:00019cd2       _AcpiInstallExceptionHandler c001a0d2 f   AcpiSubsystem:evxface.obj
 0001:00019d47       _AcpiInstallFixedEventHandler c001a147 f   AcpiSubsystem:evxface.obj
 0001:00019e87       _AcpiInstallGlobalEventHandler c001a287 f   AcpiSubsystem:evxface.obj
 0001:00019f27       _AcpiInstallGpeHandler     c001a327 f   AcpiSubsystem:evxface.obj
 0001:00019f76       _AcpiInstallGpeRawHandler  c001a376 f   AcpiSubsystem:evxface.obj
 0001:00019fc5       _AcpiInstallNotifyHandler  c001a3c5 f   AcpiSubsystem:evxface.obj
 0001:0001a1b9       _AcpiInstallSciHandler     c001a5b9 f   AcpiSubsystem:evxface.obj
 0001:0001a2aa       _AcpiReleaseGlobalLock     c001a6aa f   AcpiSubsystem:evxface.obj
 0001:0001a2cf       _AcpiRemoveFixedEventHandler c001a6cf f   AcpiSubsystem:evxface.obj
 0001:0001a3de       _AcpiRemoveGpeHandler      c001a7de f   AcpiSubsystem:evxface.obj
 0001:0001a526       _AcpiRemoveNotifyHandler   c001a926 f   AcpiSubsystem:evxface.obj
 0001:0001a774       _AcpiRemoveSciHandler      c001ab74 f   AcpiSubsystem:evxface.obj
 0001:0001a862       _AcpiExSystemDoSleep       c001ac62 f   AcpiSubsystem:exsystem.obj
 0001:0001a896       _AcpiExSystemDoStall       c001ac96 f   AcpiSubsystem:exsystem.obj
 0001:0001a8d4       _AcpiExSystemResetEvent    c001acd4 f   AcpiSubsystem:exsystem.obj
 0001:0001a90f       _AcpiExSystemSignalEvent   c001ad0f f   AcpiSubsystem:exsystem.obj
 0001:0001a962       _AcpiExSystemWaitEvent     c001ad62 f   AcpiSubsystem:exsystem.obj
 0001:0001a9bc       _AcpiExSystemWaitMutex     c001adbc f   AcpiSubsystem:exsystem.obj
 0001:0001aa77       _AcpiExSystemWaitSemaphore c001ae77 f   AcpiSubsystem:exsystem.obj
 0001:0001ab32       _AcpiEvAddGpeReference     c001af32 f   AcpiSubsystem:evgpe.obj
 0001:0001accb       _AcpiEvEnableGpe           c001b0cb f   AcpiSubsystem:evgpe.obj
 0001:0001ad31       _AcpiEvFinishGpe           c001b131 f   AcpiSubsystem:evgpe.obj
 0001:0001ad55       _AcpiEvGetGpeEventInfo     c001b155 f   AcpiSubsystem:evgpe.obj
 0001:0001ada9       _AcpiEvGpeDetect           c001b1a9 f   AcpiSubsystem:evgpe.obj
 0001:0001b00d       _AcpiEvGpeDispatch         c001b40d f   AcpiSubsystem:evgpe.obj
 0001:0001b141       _AcpiEvLowGetGpeInfo       c001b541 f   AcpiSubsystem:evgpe.obj
 0001:0001b169       _AcpiEvRemoveGpeReference  c001b569 f   AcpiSubsystem:evgpe.obj
 0001:0001b1ed       _AcpiEvUpdateGpeEnableMask c001b5ed f   AcpiSubsystem:evgpe.obj
 0001:0001b26b       _AcpiInstallAddressSpaceHandler c001b66b f   AcpiSubsystem:evxfregn.obj
 0001:0001b348       _AcpiRemoveAddressSpaceHandler c001b748 f   AcpiSubsystem:evxfregn.obj
 0001:0001b570       _AcpiHwDerivePciId         c001b970 f   AcpiSubsystem:hwpci.obj
 0001:0001b7be       _AcpiUtExecute_CID         c001bbbe f   AcpiSubsystem:utids.obj
 0001:0001b92c       _AcpiUtExecute_CLS         c001bd2c f   AcpiSubsystem:utids.obj
 0001:0001ba2f       _AcpiUtExecute_HID         c001be2f f   AcpiSubsystem:utids.obj
 0001:0001bb01       _AcpiUtExecute_SUB         c001bf01 f   AcpiSubsystem:utids.obj
 0001:0001bbb1       _AcpiUtExecute_UID         c001bfb1 f   AcpiSubsystem:utids.obj
 0001:0001bc83       _AcpiPsGetNextArg          c001c083 f   AcpiSubsystem:psargs.obj
 0001:0001c106       _AcpiPsGetNextNamepath     c001c506 f   AcpiSubsystem:psargs.obj
 0001:0001c3b8       _AcpiPsGetNextNamestring   c001c7b8 f   AcpiSubsystem:psargs.obj
 0001:0001c43a       _AcpiPsGetNextPackageEnd   c001c83a f   AcpiSubsystem:psargs.obj
 0001:0001c500       _AcpiPsGetNextSimpleArg    c001c900 f   AcpiSubsystem:psargs.obj
 0001:0001c64a       _AcpiPsCompleteThisOp      c001ca4a f   AcpiSubsystem:psparse.obj
 0001:0001c828       _AcpiPsGetOpcodeSize       c001cc28 f   AcpiSubsystem:psparse.obj
 0001:0001c837       _AcpiPsNextParseState      c001cc37 f   AcpiSubsystem:psparse.obj
 0001:0001c951       _AcpiPsParseAml            c001cd51 f   AcpiSubsystem:psparse.obj
 0001:0001ccc2       _AcpiPsPeekOpcode          c001d0c2 f   AcpiSubsystem:psparse.obj
 0001:0001cce1       _AcpiUtCopyEobjectToIobject c001d0e1 f   AcpiSubsystem:utcopy.obj
 0001:0001d0c5       _AcpiUtCopyIobjectToEobject c001d4c5 f   AcpiSubsystem:utcopy.obj
 0001:0001d135       _AcpiUtCopyIobjectToIobject c001d535 f   AcpiSubsystem:utcopy.obj
 0001:0001d595       _AcpiUtAsciiCharToHex      c001d995 f   AcpiSubsystem:uthex.obj
 0001:0001d5af       _AcpiUtHexToAsciiChar      c001d9af f   AcpiSubsystem:uthex.obj
 0001:0001d5ca       _AcpiPsDeleteParseTree     c001d9ca f   AcpiSubsystem:pswalk.obj
 0001:0001d656       _AcpiPsAllocOp             c001da56 f   AcpiSubsystem:psutils.obj
 0001:0001d6b6       _AcpiPsCreateScopeOp       c001dab6 f   AcpiSubsystem:psutils.obj
 0001:0001d6cb       _AcpiPsFreeOp              c001dacb f   AcpiSubsystem:psutils.obj
 0001:0001d72b       _AcpiPsGetName             c001db2b f   AcpiSubsystem:psutils.obj
 0001:0001d73c       _AcpiPsInitOp              c001db3c f   AcpiSubsystem:psutils.obj
 0001:0001d76a       _AcpiPsIsLeadingChar       c001db6a f   AcpiSubsystem:psutils.obj
 0001:0001d785       _AcpiPsSetName             c001db85 f   AcpiSubsystem:psutils.obj
 0001:0001d797       _AcpiDsCreateWalkState     c001db97 f   AcpiSubsystem:dswstate.obj
 0001:0001d835       _AcpiDsDeleteWalkState     c001dc35 f   AcpiSubsystem:dswstate.obj
 0001:0001d93f       _AcpiDsGetCurrentWalkState c001dd3f f   AcpiSubsystem:dswstate.obj
 0001:0001d986       _AcpiDsInitAmlWalk         c001dd86 f   AcpiSubsystem:dswstate.obj
 0001:0001db0e       _AcpiDsObjStackPop         c001df0e f   AcpiSubsystem:dswstate.obj
 0001:0001db9c       _AcpiDsObjStackPopAndDelete c001df9c f   AcpiSubsystem:dswstate.obj
 0001:0001dc23       _AcpiDsObjStackPush        c001e023 f   AcpiSubsystem:dswstate.obj
 0001:0001dcb4       _AcpiDsPopWalkState        c001e0b4 f   AcpiSubsystem:dswstate.obj
 0001:0001dcfa       _AcpiDsPushWalkState       c001e0fa f   AcpiSubsystem:dswstate.obj
 0001:0001dd38       _AcpiDsResultPop           c001e138 f   AcpiSubsystem:dswstate.obj
 0001:0001de35       _AcpiDsResultPush          c001e235 f   AcpiSubsystem:dswstate.obj
 0001:0001e0b5       _AcpiUtDebugDumpBuffer     c001e4b5 f   AcpiSubsystem:utbuffer.obj
 0001:0001e0e3       _AcpiUtDumpBuffer          c001e4e3 f   AcpiSubsystem:utbuffer.obj
 0001:0001e25b       _AcpiPsCleanupScope        c001e65b f   AcpiSubsystem:psscope.obj
 0001:0001e2ba       _AcpiPsGetParentScope      c001e6ba f   AcpiSubsystem:psscope.obj
 0001:0001e2c5       _AcpiPsHasCompletedScope   c001e6c5 f   AcpiSubsystem:psscope.obj
 0001:0001e2de       _AcpiPsInitScope           c001e6de f   AcpiSubsystem:psscope.obj
 0001:0001e35e       _AcpiPsPopScope            c001e75e f   AcpiSubsystem:psscope.obj
 0001:0001e423       _AcpiPsPushScope           c001e823 f   AcpiSubsystem:psscope.obj
 0001:0001e4c4       _AcpiDsAutoSerializeMethod c001e8c4 f   AcpiSubsystem:dsmethod.obj
 0001:0001e602       _AcpiDsBeginMethodExecution c001ea02 f   AcpiSubsystem:dsmethod.obj
 0001:0001e806       _AcpiDsCallControlMethod   c001ec06 f   AcpiSubsystem:dsmethod.obj
 0001:0001eb54       _AcpiDsMethodError         c001ef54 f   AcpiSubsystem:dsmethod.obj
 0001:0001ebca       _AcpiDsRestartControlMethod c001efca f   AcpiSubsystem:dsmethod.obj
 0001:0001ed02       _AcpiDsTerminateControlMethod c001f102 f   AcpiSubsystem:dsmethod.obj
 0001:0001ee75       _AcpiExDumpNamespaceNode   c001f275 f   AcpiSubsystem:exdump.obj
 0001:0001f280       _AcpiExDumpObjectDescriptor c001f680 f   AcpiSubsystem:exdump.obj
 0001:0001f3cf       _AcpiExDumpOperand         c001f7cf f   AcpiSubsystem:exdump.obj
 0001:0001f85f       _AcpiExDumpOperands        c001fc5f f   AcpiSubsystem:exdump.obj
 0001:0001fb75       _AcpiExReadDataFromField   c001ff75 f   AcpiSubsystem:exfield.obj
 0001:0001fec3       _AcpiExWriteDataToField    c00202c3 f   AcpiSubsystem:exfield.obj
 0001:00020295       _AcpiNsCheckPackage        c0020695 f   AcpiSubsystem:nsprepkg.obj
 0001:0002089b       _AcpiNsRemoveNullElements  c0020c9b f   AcpiSubsystem:nsrepair.obj
 0001:00020922       _AcpiNsRepairNullElement   c0020d22 f   AcpiSubsystem:nsrepair.obj
 0001:000209cd       _AcpiNsSimpleRepair        c0020dcd f   AcpiSubsystem:nsrepair.obj
 0001:00020c1d       _AcpiNsWrapWithPackage     c002101d f   AcpiSubsystem:nsrepair.obj
 0001:000211ab       _AcpiNsComplexRepairs      c00215ab f   AcpiSubsystem:nsrepair2.obj
 0001:000212e1       _AcpiDbConvertToNode       c00216e1 f   AcpiSubsystem:dbcmds.obj
 0001:000216b0       _AcpiDbDisplayInterfaces   c0021ab0 f   AcpiSubsystem:dbcmds.obj
 0001:0002178e       _AcpiDbDisplayLocks        c0021b8e f   AcpiSubsystem:dbcmds.obj
 0001:000217cd       _AcpiDbDisplayResources    c0021bcd f   AcpiSubsystem:dbcmds.obj
 0001:00021859       _AcpiDbDisplayTableInfo    c0021c59 f   AcpiSubsystem:dbcmds.obj
 0001:0002192d       _AcpiDbDisplayTemplate     c0021d2d f   AcpiSubsystem:dbcmds.obj
 0001:00021afc       _AcpiDbGenerateGpe         c0021efc f   AcpiSubsystem:dbcmds.obj
 0001:00021b5a       _AcpiDbGenerateSci         c0021f5a f   AcpiSubsystem:dbcmds.obj
 0001:00021b62       _AcpiDbSendNotify          c0021f62 f   AcpiSubsystem:dbcmds.obj
 0001:00021bbe       _AcpiDbSleep               c0021fbe f   AcpiSubsystem:dbcmds.obj
 0001:00021c4c       _AcpiDbUnloadAcpiTable     c002204c f   AcpiSubsystem:dbcmds.obj
 0001:00021ea9       _AcpiDbDecodeAndDisplayObject c00222a9 f   AcpiSubsystem:dbdisply.obj
 0001:0002209a       _AcpiDbDisplayArgumentObject c002249a f   AcpiSubsystem:dbdisply.obj
 0001:000220b4       _AcpiDbDisplayArguments    c00224b4 f   AcpiSubsystem:dbdisply.obj
 0001:000220d8       _AcpiDbDisplayCallingTree  c00224d8 f   AcpiSubsystem:dbdisply.obj
 0001:00022124       _AcpiDbDisplayGpes         c0022524 f   AcpiSubsystem:dbdisply.obj
 0001:000223b8       _AcpiDbDisplayHandlers     c00227b8 f   AcpiSubsystem:dbdisply.obj
 0001:00022583       _AcpiDbDisplayLocals       c0022983 f   AcpiSubsystem:dbdisply.obj
 0001:000225a7       _AcpiDbDisplayMethodInfo   c00229a7 f   AcpiSubsystem:dbdisply.obj
 0001:00022746       _AcpiDbDisplayObjectType   c0022b46 f   AcpiSubsystem:dbdisply.obj
 0001:00022896       _AcpiDbDisplayResultObject c0022c96 f   AcpiSubsystem:dbdisply.obj
 0001:000228c4       _AcpiDbDisplayResults      c0022cc4 f   AcpiSubsystem:dbdisply.obj
 0001:00022bd6       _AcpiDbExecuteTest         c0022fd6 f   AcpiSubsystem:dbtest.obj
 0001:00023450       _AcpiDbDisassembleAml      c0023850 f   AcpiSubsystem:dbmethod.obj
 0001:0002348d       _AcpiDbDisassembleMethod   c002388d f   AcpiSubsystem:dbmethod.obj
 0001:00023599       _AcpiDbSetMethodBreakpoint c0023999 f   AcpiSubsystem:dbmethod.obj
 0001:000235ef       _AcpiDbSetMethodCallBreakpoint c00239ef f   AcpiSubsystem:dbmethod.obj
 0001:0002360a       _AcpiDbSetMethodData       c0023a0a f   AcpiSubsystem:dbmethod.obj
 0001:000238cc       _AcpiDbCheckIntegrity      c0023ccc f   AcpiSubsystem:dbnames.obj
 0001:00023905       _AcpiDbCheckPredefinedNames c0023d05 f   AcpiSubsystem:dbnames.obj
 0001:00023937       _AcpiDbDisplayObjects      c0023d37 f   AcpiSubsystem:dbnames.obj
 0001:000239cc       _AcpiDbDumpNamespace       c0023dcc f   AcpiSubsystem:dbnames.obj
 0001:00023a3f       _AcpiDbDumpNamespaceByOwner c0023e3f f   AcpiSubsystem:dbnames.obj
 0001:00023ab2       _AcpiDbDumpNamespacePaths  c0023eb2 f   AcpiSubsystem:dbnames.obj
 0001:00023aed       _AcpiDbFindNameInNamespace c0023eed f   AcpiSubsystem:dbnames.obj
 0001:00023b63       _AcpiDbFindReferences      c0023f63 f   AcpiSubsystem:dbnames.obj
 0001:00023b89       _AcpiDbGetBusInfo          c0023f89 f   AcpiSubsystem:dbnames.obj
 0001:00023c48       _AcpiDbSetScope            c0024048 f   AcpiSubsystem:dbnames.obj
 0001:00023ee0       _AcpiDbCreateExecutionThreads c00242e0 f   AcpiSubsystem:dbexec.obj
 0001:00024181       _AcpiDbDeleteObjects       c0024581 f   AcpiSubsystem:dbexec.obj
 0001:000241c4       _AcpiDbExecute             c00245c4 f   AcpiSubsystem:dbexec.obj
 0001:0002475f       _AcpiDbCloseDebugFile      c0024b5f f   AcpiSubsystem:dbfileio.obj
 0001:00024760       _AcpiDbGetTableFromFile    c0024b60 f   AcpiSubsystem:dbfileio.obj
 0001:00024763       _AcpiDbOpenDebugFile       c0024b63 f   AcpiSubsystem:dbfileio.obj
 0001:00024764       _AcpiDbAddToHistory        c0024b64 f   AcpiSubsystem:dbhistry.obj
 0001:00024868       _AcpiDbDisplayHistory      c0024c68 f   AcpiSubsystem:dbhistry.obj
 0001:000248bf       _AcpiDbGetFromHistory      c0024cbf f   AcpiSubsystem:dbhistry.obj
 0001:000248e6       _AcpiDbGetHistoryByIndex   c0024ce6 f   AcpiSubsystem:dbhistry.obj
 0001:000249b5       _AcpiDbDisplayStatistics   c0024db5 f   AcpiSubsystem:dbstats.obj
 0001:00024ea0       _AcpiDmDecodeInternalObject c00252a0 f   AcpiSubsystem:dmobject.obj
 0001:00024feb       _AcpiDmDisplayArguments    c00253eb f   AcpiSubsystem:dmobject.obj
 0001:00025067       _AcpiDmDisplayInternalObject c0025467 f   AcpiSubsystem:dmobject.obj
 0001:00025236       _AcpiDmDisplayLocals       c0025636 f   AcpiSubsystem:dmobject.obj
 0001:000252a4       _AcpiDmDumpMethodInfo      c00256a4 f   AcpiSubsystem:dmobject.obj
 0001:000253b3       _AcpiPsGetArgumentCount    c00257b3 f   AcpiSubsystem:psopinfo.obj
 0001:000253c6       _AcpiPsGetOpcodeInfo       c00257c6 f   AcpiSubsystem:psopinfo.obj
 0001:00025445       _AcpiPsGetOpcodeName       c0025845 f   AcpiSubsystem:psopinfo.obj
 0001:00025452       _AcpiPsAppendArg           c0025852 f   AcpiSubsystem:pstree.obj
 0001:000254cb       _AcpiPsGetArg              c00258cb f   AcpiSubsystem:pstree.obj
 0001:0002550e       _AcpiPsGetDepthNext        c002590e f   AcpiSubsystem:pstree.obj
 0001:00025575       _AcpiDmAddressSpace        c0025975 f   AcpiSubsystem:dmopcode.obj
 0001:000255af       _AcpiDmDisassembleOneOp    c00259af f   AcpiSubsystem:dmopcode.obj
 0001:000259f1       _AcpiDmDisplayTargetPathname c0025df1 f   AcpiSubsystem:dmopcode.obj
 0001:00025a79       _AcpiDmFieldFlags          c0025e79 f   AcpiSubsystem:dmopcode.obj
 0001:00025ad3       _AcpiDmFieldPredefinedDescription c0025ed3 f   AcpiSubsystem:dmopcode.obj
 0001:00025b00       _AcpiDmMatchOp             c0025f00 f   AcpiSubsystem:dmopcode.obj
 0001:00025b23       _AcpiDmMethodFlags         c0025f23 f   AcpiSubsystem:dmopcode.obj
 0001:00025b7c       _AcpiDmNotifyDescription   c0025f7c f   AcpiSubsystem:dmopcode.obj
 0001:00025bca       _AcpiDmPredefinedDescription c0025fca f   AcpiSubsystem:dmopcode.obj
 0001:00025bcb       _AcpiDmRegionFlags         c0025fcb f   AcpiSubsystem:dmopcode.obj
 0001:00025bf6       _AcpiDmDumpName            c0025ff6 f   AcpiSubsystem:dmnames.obj
 0001:00025c3f       _AcpiDmNamestring          c002603f f   AcpiSubsystem:dmnames.obj
 0001:00025ca7       _AcpiPsDisplayObjectPathname c00260a7 f   AcpiSubsystem:dmnames.obj
 0001:00025d48       _AcpiDmByteList            c0026148 f   AcpiSubsystem:dmbuffer.obj
 0001:00025dd0       _AcpiDmCheckForHardwareId  c00261d0 f   AcpiSubsystem:dmbuffer.obj
 0001:00025e35       _AcpiDmDecompressEisaId    c0026235 f   AcpiSubsystem:dmbuffer.obj
 0001:00025e79       _AcpiDmDisasmByteList      c0026279 f   AcpiSubsystem:dmbuffer.obj
 0001:0002600a       _AcpiDmIsPldBuffer         c002640a f   AcpiSubsystem:dmbuffer.obj
 0001:0002604f       _AcpiDmIsStringBuffer      c002644f f   AcpiSubsystem:dmbuffer.obj
 0001:00026097       _AcpiDmIsUnicodeBuffer     c0026497 f   AcpiSubsystem:dmbuffer.obj
 0001:000260f7       _AcpiDmIsUuidBuffer        c00264f7 f   AcpiSubsystem:dmbuffer.obj
 0001:00026513       _AcpiDmCommaIfFieldMember  c0026913 f   AcpiSubsystem:dmutils.obj
 0001:00026529       _AcpiDmCommaIfListMember   c0026929 f   AcpiSubsystem:dmutils.obj
 0001:00026591       _AcpiDmDecodeAttribute     c0026991 f   AcpiSubsystem:dmutils.obj
 0001:00026621       _AcpiDmIndent              c0026a21 f   AcpiSubsystem:dmutils.obj
 0001:00026640       _AcpiDmCheckForSymbolicOpcode c0026a40 f   AcpiSubsystem:dmcstyle.obj
 0001:000269d4       _AcpiDmCloseOperator       c0026dd4 f   AcpiSubsystem:dmcstyle.obj
 0001:00026b7b       _AcpiGetNextObject         c0026f7b f   AcpiSubsystem:nsxfobj.obj
 0001:00026bf9       _AcpiGetParent             c0026ff9 f   AcpiSubsystem:nsxfobj.obj
 0001:00026c53       _AcpiGetType               c0027053 f   AcpiSubsystem:nsxfobj.obj
 0001:00026f96       _AcpiPsParseLoop           c0027396 f   AcpiSubsystem:psloop.obj
 0001:000273ce       _AcpiDsClearImplicitReturn c00277ce f   AcpiSubsystem:dsutils.obj
 0001:00027431       _AcpiDsClearOperands       c0027831 f   AcpiSubsystem:dsutils.obj
 0001:00027496       _AcpiDsCreateOperand       c0027896 f   AcpiSubsystem:dsutils.obj
 0001:00027856       _AcpiDsCreateOperands      c0027c56 f   AcpiSubsystem:dsutils.obj
 0001:000279d8       _AcpiDsDeleteResultIfNotUsed c0027dd8 f   AcpiSubsystem:dsutils.obj
 0001:00027a7c       _AcpiDsDoImplicitReturn    c0027e7c f   AcpiSubsystem:dsutils.obj
 0001:00027b03       _AcpiDsEvaluateNamePath    c0027f03 f   AcpiSubsystem:dsutils.obj
 0001:00027c0b       _AcpiDsIsResultUsed        c002800b f   AcpiSubsystem:dsutils.obj
 0001:00027e5a       _AcpiDsResolveOperands     c002825a f   AcpiSubsystem:dsutils.obj
 0001:00027ec8       _AcpiDsInitCallbacks       c00282c8 f   AcpiSubsystem:dswload.obj
 0001:00027f5b       _AcpiDsLoad1BeginOp        c002835b f   AcpiSubsystem:dswload.obj
 0001:000283cf       _AcpiDsLoad1EndOp          c00287cf f   AcpiSubsystem:dswload.obj
 0001:00028695       _AcpiDsMethodDataDeleteAll c0028a95 f   AcpiSubsystem:dsmthdat.obj
 0001:000287f8       _AcpiDsMethodDataGetNode   c0028bf8 f   AcpiSubsystem:dsmthdat.obj
 0001:000288f0       _AcpiDsMethodDataGetValue  c0028cf0 f   AcpiSubsystem:dsmthdat.obj
[...]
 0002:00013f38       __AcpiModuleName           c004e938     AcpiSubsystem:rscalc.obj
 0002:00013f40       ?_AcpiFunctionName@?1??AcpiRsGetAmlLength@@9@9 c004e940     AcpiSubsystem:rscalc.obj
 0002:00013f50       ?_AcpiFunctionName@?1??AcpiRsGetListLength@@9@9 c004e950     AcpiSubsystem:rscalc.obj
 0002:00013f60       ?_AcpiFunctionName@?1??AcpiRsGetPciRoutingTableLength@@9@9 c004e960     AcpiSubsystem:rscalc.obj
 0002:00013fac       ?_AcpiFunctionName@?1??AcpiRsConvertResourcesToAml@@9@9 c004e9ac     AcpiSubsystem:rslist.obj
 0002:00013fc4       __AcpiModuleName           c004e9c4     AcpiSubsystem:rslist.obj
 0002:00013fcc       ?_AcpiFunctionName@?1??AcpiRsConvertAmlToResources@@9@9 c004e9cc     AcpiSubsystem:rslist.obj
 0002:000140cc       __AcpiModuleName           c004eacc     AcpiSubsystem:rsinfo.obj
 0002:00014e0c       __AcpiModuleName           c004f80c     AcpiSubsystem:rsdumpinfo.obj
 0002:00014e48       __AcpiModuleName           c004f848     AcpiSubsystem:dmresrcl.obj
 0002:00014ff0       __AcpiModuleName           c004f9f0     AcpiSubsystem:dmresrcl2.obj
 0002:00015168       __AcpiModuleName           c004fb68     AcpiSubsystem:dmresrcs.obj
 0002:00015250       __AcpiModuleName           c004fc50     AcpiSubsystem:utuuid.obj
 0002:00015268       __AcpiModuleName           c004fc68     AcpiSubsystem:exoparg1.obj
 0002:00015274       ?_AcpiFunctionName@?1??AcpiExOpcode_0A_0T_1R@@9@9 c004fc74     AcpiSubsystem:exoparg1.obj
 0002:00015288       ?_AcpiFunctionName@?1??AcpiExOpcode_1A_0T_0R@@9@9 c004fc88     AcpiSubsystem:exoparg1.obj
 0002:0001529c       ?_AcpiFunctionName@?1??AcpiExOpcode_1A_1T_0R@@9@9 c004fc9c     AcpiSubsystem:exoparg1.obj
 0002:000152b0       ?_AcpiFunctionName@?1??AcpiExOpcode_1A_1T_1R@@9@9 c004fcb0     AcpiSubsystem:exoparg1.obj
 0002:000152c4       ?_AcpiFunctionName@?1??AcpiExOpcode_1A_0T_1R@@9@9 c004fcc4     AcpiSubsystem:exoparg1.obj
 0002:00015414       __AcpiModuleName           c004fe14     AcpiSubsystem:exoparg2.obj
 0002:00015420       ?_AcpiFunctionName@?1??AcpiExOpcode_2A_0T_0R@@9@9 c004fe20     AcpiSubsystem:exoparg2.obj
 0002:00015434       ?_AcpiFunctionName@?1??AcpiExOpcode_2A_2T_1R@@9@9 c004fe34     AcpiSubsystem:exoparg2.obj
 0002:00015448       ?_AcpiFunctionName@?1??AcpiExOpcode_2A_1T_1R@@9@9 c004fe48     AcpiSubsystem:exoparg2.obj
 0002:0001545c       ?_AcpiFunctionName@?1??AcpiExOpcode_2A_0T_1R@@9@9 c004fe5c     AcpiSubsystem:exoparg2.obj
 0002:000154cc       __AcpiModuleName           c004fecc     AcpiSubsystem:exoparg3.obj
 0002:000154d8       ?_AcpiFunctionName@?1??AcpiExOpcode_3A_0T_0R@@9@9 c004fed8     AcpiSubsystem:exoparg3.obj
 0002:000154ec       ?_AcpiFunctionName@?1??AcpiExOpcode_3A_1T_1R@@9@9 c004feec     AcpiSubsystem:exoparg3.obj
 0002:00015544       __AcpiModuleName           c004ff44     AcpiSubsystem:exoparg6.obj
 0002:00015550       ?_AcpiFunctionName@?1??AcpiExOpcode_6A_0T_1R@@9@9 c004ff50     AcpiSubsystem:exoparg6.obj
 0002:000155b0       __AcpiModuleName           c004ffb0     AcpiSubsystem:dscontrol.obj
 0002:000155bc       ?_AcpiFunctionName@?1??AcpiDsExecBeginControlOp@@9@9 c004ffbc     AcpiSubsystem:dscontrol.obj
 0002:000155d4       ?_AcpiFunctionName@?1??AcpiDsExecEndControlOp@@9@9 c004ffd4     AcpiSubsystem:dscontrol.obj
 0002:00015704       __AcpiModuleName           c0050104     AcpiSubsystem:dsopcode.obj
 0002:00015710       ?_AcpiFunctionName@?1??AcpiDsInitBufferField@@9@9 c0050110     AcpiSubsystem:dsopcode.obj
 0002:00015724       ?_AcpiFunctionName@?1??AcpiDsEvalBufferFieldOperands@@9@9 c0050124     AcpiSubsystem:dsopcode.obj
 0002:00015740       ?_AcpiFunctionName@?1??AcpiDsEvalRegionOperands@@9@9 c0050140     AcpiSubsystem:dsopcode.obj
 0002:00015758       ?_AcpiFunctionName@?1??AcpiDsEvalTableRegionOperands@@9@9 c0050158     AcpiSubsystem:dsopcode.obj
 0002:00015774       ?_AcpiFunctionName@?1??AcpiDsEvalDataObjectOperands@@9@9 c0050174     AcpiSubsystem:dsopcode.obj
 0002:00015790       ?_AcpiFunctionName@?1??AcpiDsEvalBankFieldOperands@@9@9 c0050190     AcpiSubsystem:dsopcode.obj
 0002:000158d4       __AcpiModuleName           c00502d4     AcpiSubsystem:exresop.obj
 0002:000158dc       ?_AcpiFunctionName@?1??AcpiExResolveOperands@@9@9 c00502dc     AcpiSubsystem:exresop.obj
 0002:00015b1c       __AcpiModuleName           c005051c     AcpiSubsystem:exprep.obj
 0002:00015b24       ?_AcpiFunctionName@?1??AcpiExDecodeFieldAccess@@9@9 c0050524     AcpiSubsystem:exprep.obj
 0002:00015b38       ?_AcpiFunctionName@?1??AcpiExPrepCommonFieldObject@@9@9 c0050538     AcpiSubsystem:exprep.obj
 0002:00015b50       ?_AcpiFunctionName@?1??AcpiExPrepFieldValue@@9@9 c0050550     AcpiSubsystem:exprep.obj
 0002:00015ca0       __AcpiModuleName           c00506a0     AcpiSubsystem:exdebug.obj
 0002:00015ca8       ?_AcpiFunctionName@?1??AcpiExDoDebugObject@@9@9 c00506a8     AcpiSubsystem:exdebug.obj
 0002:00015e24       __AcpiModuleName           c0050824     AcpiSubsystem:exstoren.obj
 0002:00015e30       ?_AcpiFunctionName@?1??AcpiExResolveObject@@9@9 c0050830     AcpiSubsystem:exstoren.obj
 0002:00015e40       ?_AcpiFunctionName@?1??AcpiExStoreObjectToObject@@9@9 c0050840     AcpiSubsystem:exstoren.obj
 0002:00015edc       __AcpiModuleName           c00508dc     AcpiSubsystem:nsparse.obj
 0002:00015ee4       ?_AcpiFunctionName@?1??AcpiNsOneCompleteParse@@9@9 c00508e4     AcpiSubsystem:nsparse.obj
 0002:00015ef8       ?_AcpiFunctionName@?1??AcpiNsParseTable@@9@9 c00508f8     AcpiSubsystem:nsparse.obj
 0002:00015f48       __AcpiModuleName           c0050948     AcpiSubsystem:dsinit.obj
 0002:00015f50       ?_AcpiFunctionName@?1??AcpiDsInitializeObjects@@9@9 c0050950     AcpiSubsystem:dsinit.obj
 0002:00016018       ?_AcpiFunctionName@?1??AcpiRsConvertResourceToAml@@9@9 c0050a18     AcpiSubsystem:rsmisc.obj
 0002:00016030       __AcpiModuleName           c0050a30     AcpiSubsystem:rsmisc.obj
 0002:00016038       ?_AcpiFunctionName@?1??AcpiRsConvertAmlToResource@@9@9 c0050a38     AcpiSubsystem:rsmisc.obj
 0002:00016178       __AcpiModuleName           c0050b78     AcpiSubsystem:rsirq.obj
 0002:00016204       __AcpiModuleName           c0050c04     AcpiSubsystem:rsio.obj
 0002:00016270       __AcpiModuleName           c0050c70     AcpiSubsystem:rsmemory.obj
 0002:0001627c       _AcpiRsConvertGeneralFlags c0050c7c     AcpiSubsystem:rsaddr.obj
 0002:00016294       _AcpiRsConvertMemFlags     c0050c94     AcpiSubsystem:rsaddr.obj
 0002:000162a8       _AcpiRsConvertIoFlags      c0050ca8     AcpiSubsystem:rsaddr.obj
 0002:00016308       __AcpiModuleName           c0050d08     AcpiSubsystem:rsaddr.obj
 0002:00016440       __AcpiModuleName           c0050e40     AcpiSubsystem:rsserial.obj
 0002:0001644c       __AcpiModuleName           c0050e4c     AcpiSubsystem:exmisc.obj
 0002:00016454       ?_AcpiFunctionName@?1??AcpiExGetObjectReference@@9@9 c0050e54     AcpiSubsystem:exmisc.obj
 0002:0001646c       ?_AcpiFunctionName@?1??AcpiExConcatTemplate@@9@9 c0050e6c     AcpiSubsystem:exmisc.obj
 0002:00016480       ?_AcpiFunctionName@?1??AcpiExDoConcatenate@@9@9 c0050e80     AcpiSubsystem:exmisc.obj
 0002:00016490       ?_AcpiFunctionName@?1??AcpiExDoLogicalNumericOp@@9@9 c0050e90     AcpiSubsystem:exmisc.obj
 0002:000164a8       ?_AcpiFunctionName@?1??AcpiExDoLogicalOp@@9@9 c0050ea8     AcpiSubsystem:exmisc.obj
 0002:00016508       __AcpiModuleName           c0050f08     AcpiSubsystem:exconfig.obj
 0002:00016514       ?_AcpiFunctionName@?1??AcpiExAddTable@@9@9 c0050f14     AcpiSubsystem:exconfig.obj
 0002:00016520       ?_AcpiFunctionName@?1??AcpiExLoadTableOp@@9@9 c0050f20     AcpiSubsystem:exconfig.obj
 0002:00016530       ?_AcpiFunctionName@?1??AcpiExLoadOp@@9@9 c0050f30     AcpiSubsystem:exconfig.obj
 0002:0001653c       ?_AcpiFunctionName@?1??AcpiExUnloadTable@@9@9 c0050f3c     AcpiSubsystem:exconfig.obj
 0002:000165d0       __AcpiModuleName           c0050fd0     AcpiSubsystem:tbfind.obj
 0002:000165d8       ?_AcpiFunctionName@?1??AcpiTbFindTable@@9@9 c0050fd8     AcpiSubsystem:tbfind.obj
 0002:000165fc       __AcpiModuleName           c0050ffc     AcpiSubsystem:exstorob.obj
 0002:00016608       ?_AcpiFunctionName@?1??AcpiExStoreBufferToBuffer@@9@9 c0051008     AcpiSubsystem:exstorob.obj
 0002:00016620       ?_AcpiFunctionName@?1??AcpiExStoreStringToString@@9@9 c0051020     AcpiSubsystem:exstorob.obj
 0002:000167b8       _l_pageSize                c00511b8     * CIL library *:* CIL module *
 0002:00017028       _l_pageCount               c0051a28     * CIL library *:* CIL module *
 0002:000170a8       ___font_index__            c0051aa8     * CIL library *:* CIL module *
 0002:000187c8       ___font_widths__           c00531c8     * CIL library *:* CIL module *
 0002:00019380       _vgafont                   c0053d80     * CIL library *:* CIL module *
 0002:00019390       ___font_bitmap__           c0053d90     * CIL library *:* CIL module *
 0003:00000000       _AcpiGbl_PrevThreadId      c005fa00     AcpiSubsystem:utdebug.obj
 0003:00000008       _AcpiGbl_FnEntryStr        c005fa08     AcpiSubsystem:utdebug.obj
 0003:0000000c       _AcpiGbl_FnExitStr         c005fa0c     AcpiSubsystem:utdebug.obj
 0003:000000d0       _AcpiDefaultSupportedInterfaces c005fad0     AcpiSubsystem:utosi.obj
 0003:000001cc       _AcpiGbl_EventTypes        c005fbcc     AcpiSubsystem:utdecode.obj
 0003:000001e0       _AcpiGbl_NsTypeNames       c005fbe0     AcpiSubsystem:utdecode.obj
 0003:0000025c       _AcpiGbl_RefClassNames     c005fc5c     AcpiSubsystem:utdecode.obj
 0003:00000278       _AcpiGbl_DescTypeNames     c005fc78     AcpiSubsystem:utdecode.obj
 0003:000002b8       _AcpiGbl_MutexNames        c005fcb8     AcpiSubsystem:utdecode.obj
 0003:000002d8       _AcpiGbl_GenericNotify     c005fcd8     AcpiSubsystem:utdecode.obj
 0003:00000310       _AcpiGbl_DeviceNotify      c005fd10     AcpiSubsystem:utdecode.obj
 0003:00000320       _AcpiGbl_ProcessorNotify   c005fd20     AcpiSubsystem:utdecode.obj
 0003:00000330       _AcpiGbl_ThermalNotify     c005fd30     AcpiSubsystem:utdecode.obj
 0003:00000340       _FadtInfoTable             c005fd40     AcpiSubsystem:tbfadt.obj
 0003:000003a0       _FadtPmInfoTable           c005fda0     AcpiSubsystem:tbfadt.obj
 0003:000003bc       _UtRtypeNames              c005fdbc     AcpiSubsystem:utpredef.obj
 0003:000003d0       _Converter                 c005fdd0     AcpiSubsystem:dbutils.obj
 0003:000003d4       _AcpiGbl_HexToAscii        c005fdd4     AcpiSubsystem:uthex.obj
 0003:000003e8       _AcpiExDumpInfo            c005fde8     AcpiSubsystem:exdump.obj
 0003:00000460       _AcpiGbl_SpaceIdList       c005fe60     AcpiSubsystem:dbdisply.obj
 0003:0000046c       _AcpiGbl_HandlerList       c005fe6c     AcpiSubsystem:dbdisply.obj
 0003:00000494       _AcpiDbTestTypes           c005fe94     AcpiSubsystem:dbtest.obj
 0003:000004a0       _ReadMethodCode            c005fea0     AcpiSubsystem:dbtest.obj
 0003:000004d0       _WriteMethodCode           c005fed0     AcpiSubsystem:dbtest.obj
 0003:00000500       _AcpiDbObjectTypes         c005ff00     AcpiSubsystem:dbnames.obj
 0003:00000560       _AcpiDbStatTypes           c005ff60     AcpiSubsystem:dbstats.obj
 0003:00000580       _DmPanelList               c005ff80     AcpiSubsystem:dmbuffer.obj
 0003:000005a0       _DmVerticalPositionList    c005ffa0     AcpiSubsystem:dmbuffer.obj
 0003:000005b0       _DmHorizontalPositionList  c005ffb0     AcpiSubsystem:dmbuffer.obj
 0003:000005c0       _DmShapeList               c005ffc0     AcpiSubsystem:dmbuffer.obj
 0003:00000650       _AcpiSleepDispatch         c0060050     AcpiSubsystem:hwxfsleep.obj
 0003:00000820       _AcpiGbl_DmResourceDispatch c0060220     AcpiSubsystem:dmresrc.obj
 0003:0000089c       _AcpiGbl_OpTypeDispatch    c006029c     AcpiSubsystem:dswexec.obj
 0003:00000a10       _AcpiDmAddressNames        c0060410     AcpiSubsystem:dmresrcl.obj
 0003:00000a24       _AcpiDmMemoryNames         c0060424     AcpiSubsystem:dmresrcl.obj
 0003:00000a34       _SerialBusResourceDispatch c0060434     AcpiSubsystem:dmresrcl2.obj
 0003:00000a8e       _colourByte                c006048e     * CIL library *:* CIL module *
 0003:00000a90       _y                         c0060490     * CIL library *:* CIL module *
 0003:00000a94       _vidmem                    c0060494     * CIL library *:* CIL module *
 0003:00000a98       _graphics                  c0060498     * CIL library *:* CIL module *
 0003:00000a9c       _pMemoryManager            c006049c     * CIL library *:* CIL module *
 0003:00000ae8       _terminal                  c00604e8     * CIL library *:* CIL module *
 0003:00000aec       _thegraphics               c00604ec     * CIL library *:* CIL module *
 0003:00000b68       _lalloc_lock               c0060568     * CIL library *:* CIL module *
 0003:00000b78       _defMemoryManager          c0060578     * CIL library *:* CIL module *
 0003:00000b84       _MBPmemMngr                c0060584     * CIL library *:* CIL module *
 0003:00000bc8       _tables                    c00605c8     AcpiSubsystem:ChaiOSL.obj
 0003:00000d48       _ReadHandle                c0060748     AcpiSubsystem:dbtest.obj
 0003:00000d4c       _WriteHandle               c006074c     AcpiSubsystem:dbtest.obj
 0003:00000d50       _AcpiGbl_DbMethodInfo      c0060750     AcpiSubsystem:dbexec.obj
 0003:00000fc8       _AcpiGbl_LoHistory         c00609c8     AcpiSubsystem:dbhistry.obj
 0003:00000fcc       _AcpiGbl_NumHistory        c00609cc     AcpiSubsystem:dbhistry.obj
 0003:00000fd0       _AcpiGbl_NextHistoryIndex  c00609d0     AcpiSubsystem:dbhistry.obj
 0003:00000fd8       _AcpiGbl_HistoryBuffer     c00609d8     AcpiSubsystem:dbhistry.obj
 0003:00001118       _ResourceName              c0060b18     AcpiSubsystem:dmresrc.obj
 0003:00001130       _x                         c0060b30     * CIL library *:* CIL module *
 0003:00001134       _mmu_recursive_slot        c0060b34     * CIL library *:* CIL module *
 0003:0000113d       _initialised               c0060b3d     * CIL library *:* CIL module *
 0003:0000119c       _nStrings                  c0060b9c     * CIL library *:* CIL module *
 0003:000011a0       _rawStrings                c0060ba0     * CIL library *:* CIL module *
 0003:000011a4       _stringArray               c0060ba4     * CIL library *:* CIL module *
 0003:000011a8       _l_initialized             c0060ba8     * CIL library *:* CIL module *
 0003:000012b0       _pmbinfo                   c0060cb0     * CIL library *:* CIL module *
 0003:000012b4       _igraph                    c0060cb4     * CIL library *:* CIL module *
 0003:000012c4       _VMemMngr                  c0060cc4     * CIL library *:* CIL module *
 0003:00001358       _idtr                      c0060d58     * CIL library *:* CIL module *
 0003:00001360       _IDT                       c0060d60     * CIL library *:* CIL module *
 0004:00000000       _Int32ToUInt32             c0062400     crtbase:ftol3.obj
 0004:00000010       _MantissaMask              c0062410     crtbase:ftol3.obj
 0004:00000018       _IntegerBit                c0062418     crtbase:ftol3.obj
 0004:00000020       _SignBit64                 c0062420     crtbase:ftol3.obj
 0004:00000028       _MinFP64                   c0062428     crtbase:ftol3.obj
 0004:00000030       _MinInt64                  c0062430     crtbase:ftol3.obj
 0004:00000038       _MaxInt64                  c0062438     crtbase:ftol3.obj
 0004:00000040       _MaxUInt64                 c0062440     crtbase:ftol3.obj
 0004:00000048       _MaxFP32                   c0062448     crtbase:ftol3.obj
 0004:00000050       _MinFP32                   c0062450     crtbase:ftol3.obj
 0004:00000058       _MinSubInexact             c0062458     crtbase:ftol3.obj
 0004:00000060       _FpExcptTable              c0062460     crtbase:ftol3.obj
 0004:00000070       _i1075                     c0062470     crtbase:ftol3.obj
 0004:00000074       _i1087                     c0062474     crtbase:ftol3.obj
 0004:00000078       _x0800                     c0062478     crtbase:ftol3.obj
 0004:0000007c       _x17FF                     c006247c     crtbase:ftol3.obj
 0004:00000080       _CWMask                    c0062480     crtbase:ftol3.obj
 0005:00000000       .edata                     c0062600     CHAIKRNL.exp
 0005:00000028       rgpv                       c0062628     CHAIKRNL.exp
 0005:0000007c       rgszName                   c006267c     CHAIKRNL.exp
 0005:000000d0       rgwOrd                     c00626d0     CHAIKRNL.exp
 0005:000000fa       szName                     c00626fa     CHAIKRNL.exp
 0005:00000107       $N00001                    c0062707     CHAIKRNL.exp
 0005:00000121       $N00002                    c0062721     CHAIKRNL.exp
 0005:00000136       $N00003                    c0062736     CHAIKRNL.exp
 0005:0000014b       $N00004                    c006274b     CHAIKRNL.exp
 0005:00000169       $N00005                    c0062769     CHAIKRNL.exp
 0005:0000017c       $N00006                    c006277c     CHAIKRNL.exp
 0005:0000019f       $N00007                    c006279f     CHAIKRNL.exp
 0005:000001ba       $N00008                    c00627ba     CHAIKRNL.exp
 0005:000001e1       $N00009                    c00627e1     CHAIKRNL.exp
 0005:00000208       $N00010                    c0062808     CHAIKRNL.exp
 0005:0000022b       $N00011                    c006282b     CHAIKRNL.exp
 0005:00000253       $N00012                    c0062853     CHAIKRNL.exp
 0005:0000027a       $N00013                    c006287a     CHAIKRNL.exp
 0005:00000294       $N00014                    c0062894     CHAIKRNL.exp
 0005:000002ae       $N00015                    c00628ae     CHAIKRNL.exp
 0005:000002bb       $N00016                    c00628bb     CHAIKRNL.exp
 0005:000002c2       $N00017                    c00628c2     CHAIKRNL.exp
 0005:000002c7       $N00018                    c00628c7     CHAIKRNL.exp
 0005:000002db       $N00019                    c00628db     CHAIKRNL.exp
 0005:000002e2       $N00020                    c00628e2     CHAIKRNL.exp
 0005:000002ea       $N00021                    c00628ea     CHAIKRNL.exp
 0006:00000156       .idata$6                   c0062b56     kcstdlib:kcstdlib.dll
 0006:00000170       .idata$6                   c0062b70     hal:Hal.dll

 Exports

  ordinal    name

        1    ??0CSpinlock@@QAE@ABV0@@Z (public: __thiscall CSpinlock::CSpinlock(class CSpinlock const &))
        2    ??0CSpinlock@@QAE@XZ (public: __thiscall CSpinlock::CSpinlock(void))
        3    ??1CSpinlock@@QAE@XZ (public: __thiscall CSpinlock::~CSpinlock(void))
        4    ??4CSpinlock@@QAEAAV0@ABV0@@Z (public: class CSpinlock & __thiscall CSpinlock::operator=(class CSpinlock const &))
        5    ??_7CSpinlock@@6B@ (const CSpinlock::`vftable')
        6    ?acquireSpinlock@CSpinlock@@UAGXXZ (public: virtual void __stdcall CSpinlock::acquireSpinlock(void))
        7    ?destroy@CSpinlock@@UAGXXZ (public: virtual void __stdcall CSpinlock::destroy(void))
        8    ?getGraphics@@YAPAVCKernelGraphics@@XZ (class CKernelGraphics * __cdecl getGraphics(void))
        9    ?getTerminal@@YAPAVCKernelTerminal@@XZ (class CKernelTerminal * __cdecl getTerminal(void))
       10    ?releaseSpinlock@CSpinlock@@UAGXXZ (public: virtual void __stdcall CSpinlock::releaseSpinlock(void))
       11    ?setGraphics@@YAXPAVCKernelGraphics@@@Z (void __cdecl setGraphics(class CKernelGraphics *))
       12    ?setTermial@@YAXPAVCKernelTerminal@@@Z (void __cdecl setTermial(class CKernelTerminal *))
       13    _DefaultPMemMngrFactory@0
       14    _DefaultVMemMngrFactory@0
       15    _GetAcpiTable
               exported name: GetAcpiTable
       16    _calloc
               exported name: calloc
       17    _free
               exported name: free
       18    _getMemoryManager@0
       19    _malloc
               exported name: malloc
       20    _realloc
               exported name: realloc
       21    _setMemoryManager@4
