 CHAIKRNL

 Timestamp is 569675a1 (Wed Jan 13 16:04:49 2016)

 Preferred load address is c0000000

 Start         Length     Name                   Class
 0001:00000000 00000030H .code$0                 CODE
 0001:00000030 000001c5H .text                   CODE
 0001:00000200 000000acH .text$di                CODE
 0001:000002b0 00039d3aH .text$mn                CODE
 0001:00039ff0 000000abH .text$yd                CODE
 0002:00000000 00000030H .idata$5                DATA
 0002:00000030 00000004H .CRT$XCA                DATA
 0002:00000034 00000024H .CRT$XCU                DATA
 0002:00000058 00000004H .CRT$XCZ                DATA
 0002:0000005c 00000004H .CRT$XIA                DATA
 0002:00000060 00000004H .CRT$XIZ                DATA
 0002:00000070 00024ea0H .rdata                  DATA
 0002:00024f10 00000080H .rdata$debug            DATA
 0003:00000000 00000b9cH .data                   DATA
 0003:00000ba0 00001cd4H .bss                    DATA
 0004:00000000 000002feH .edata                  DATA
 0005:00000000 00000028H .idata$2                CODE
 0005:00000028 00000014H .idata$3                CODE
 0005:0000003c 00000030H .idata$4                CODE
 0005:0000006c 0000010cH .idata$6                CODE

  Address         Publics by Value              Rva+Base       Lib:Object

 0000:00000000       ___guard_fids_table        00000000     <absolute>
 0000:00000000       ___safe_se_handler_table   00000000     <absolute>
 0000:00000000       ___safe_se_handler_count   00000000     <absolute>
 0000:00000000       ___guard_fids_count        00000000     <absolute>
 0000:00000000       ___guard_flags             00000000     <absolute>
 0001:00000000       ?mbstruct@@3U_MULTIBOOT_STRUCT@@A c0000400     entry.obj
 0001:00000030       _setStack                  c0000430     stack.obj
 0001:0000003d       _getStack                  c000043d     stack.obj
 0001:00000040       _getBase                   c0000440     stack.obj
 0001:00000043       _storeMBinfo               c0000443     stack.obj
 0001:00000048       _modload_interrupt_handler c0000448     stack.obj
 0001:00000060       _fpu_setup                 c0000460     crtbase:generalasmx86.obj
 0001:00000063       _load_taskreg              c0000463     crtbase:generalasmx86.obj
 0001:0000006c       _load_cs                   c000046c     crtbase:generalasmx86.obj
 0001:00000072       _load_ds                   c0000472     crtbase:generalasmx86.obj
 0001:0000007d       _interrupt                 c000047d     crtbase:generalasmx86.obj
 0001:0000008f       _setjmp                    c000048f     crtbase:generalasmx86.obj
 0001:000000b6       __setjmp3                  c00004b6     crtbase:generalasmx86.obj
 0001:000000b8       _longjmp                   c00004b8     crtbase:generalasmx86.obj
 0001:000000e0       __allmul                   c00004e0     crtbase:multiply.obj
 0001:00000120       __aulldiv                  c0000520     crtbase:multiply.obj
 0001:00000180       __allshl                   c0000580     crtbase:shift.obj
 0001:000001a5       __allshr                   c00005a5     crtbase:shift.obj
 0001:000001cb       __aullshr                  c00005cb     crtbase:shift.obj
 0001:000001f0       __dtoui3                   c00005f0     crtbase:ftol3.obj
 0001:000002b0       ?basic_physical_to_virtual_copy@@YAXPAX0I@Z c00006b0 f   basicphyscopy.obj
 0001:00000370       ?setup_basic_interrupts@@YAXXZ c0000770 f   basicinterruptsx86.obj
 0001:000003f0       ?basic_interrupt_register@@YAXIP6AXXZ@Z c00007f0 f   basicinterruptsx86.obj
 0001:00000430       ??1CChaiOSAPIClass@@IAE@XZ c0000830 f i basicpagingx86.obj
 0001:00000440       ??1CVMemMngr@@IAE@XZ       c0000840 f i basicpagingx86.obj
 0001:00000450       ??0__PAGING_ATTRIBUTES@CVMemMngr@@QAE@PAX0_N11@Z c0000850 f i basicpagingx86.obj
 0001:00000480       ??0CVMemMngr@@QAE@XZ       c0000880 f i basicpagingx86.obj
 0001:000004f0       ?getDefaultAttributes@CVMemMngr@@UAEABV__PAGING_ATTRIBUTES@1@_N@Z c00008f0 f i basicpagingx86.obj
 0001:00000510       ??0CChaiOSAPIClass@@QAE@XZ c0000910 f i basicpagingx86.obj
 0001:00000520       ?basic_paging_setup@@YAXXZ c0000920 f   basicpagingx86.obj
 0001:00000610       ?basic_paging_create_mapping@@YAPAXPAX@Z c0000a10 f   basicpagingx86.obj
 0001:00000650       ?basic_paging_close_mapping@@YAXPAX@Z c0000a50 f   basicpagingx86.obj
 0001:00000670       ?destroy@CBasicPagingVmemMngr@@UAGXXZ c0000a70 f i basicpagingx86.obj
 0001:00000680       ?initialize@CBasicPagingVmemMngr@@UAG_NPAVCVMemMngr@@@Z c0000a80 f i basicpagingx86.obj
 0001:00000690       ?allocate@CBasicPagingVmemMngr@@UAGPAXIABV__PAGING_ATTRIBUTES@CVMemMngr@@@Z c0000a90 f i basicpagingx86.obj
 0001:000006a0       ?allocateSinglePage@CBasicPagingVmemMngr@@UAGPAXABV__PAGING_ATTRIBUTES@CVMemMngr@@@Z c0000aa0 f i basicpagingx86.obj
 0001:000006b0       ?free@CBasicPagingVmemMngr@@UAGXPAXI_N@Z c0000ab0 f i basicpagingx86.obj
 0001:000006c0       ?freeSinglePage@CBasicPagingVmemMngr@@UAGXPAX_N@Z c0000ac0 f i basicpagingx86.obj
 0001:000006d0       ?getPhysicalAddress@CBasicPagingVmemMngr@@UAGPAXPAX@Z c0000ad0 f i basicpagingx86.obj
 0001:000006e0       ?mapPhysicalAddress@CBasicPagingVmemMngr@@UAGPAXPAXIABV__PAGING_ATTRIBUTES@CVMemMngr@@@Z c0000ae0 f i basicpagingx86.obj
 0001:000006f0       ?mapSinglePhysicalPage@CBasicPagingVmemMngr@@UAGPAXPAXABV__PAGING_ATTRIBUTES@CVMemMngr@@@Z c0000af0 f i basicpagingx86.obj
 0001:00000700       ?allocateAt@CBasicPagingVmemMngr@@UAGPAXPAXIABV__PAGING_ATTRIBUTES@CVMemMngr@@@Z c0000b00 f i basicpagingx86.obj
 0001:00000710       ?allocateSingleAt@CBasicPagingVmemMngr@@UAGPAXPAXABV__PAGING_ATTRIBUTES@CVMemMngr@@@Z c0000b10 f i basicpagingx86.obj
 0001:00000720       ?mapPhysicalAddressAt@CBasicPagingVmemMngr@@UAGPAXPAX0IABV__PAGING_ATTRIBUTES@CVMemMngr@@@Z c0000b20 f i basicpagingx86.obj
 0001:00000730       ?mapSinglePhysicalAddressAt@CBasicPagingVmemMngr@@UAGPAXPAX0ABV__PAGING_ATTRIBUTES@CVMemMngr@@@Z c0000b30 f i basicpagingx86.obj
 0001:00000740       ?createNewAddressSpace@CBasicPagingVmemMngr@@UAGIXZ c0000b40 f i basicpagingx86.obj
 0001:00000750       ?loadAddressSpace@CBasicPagingVmemMngr@@UAGII@Z c0000b50 f i basicpagingx86.obj
 0001:00000760       ??0CBasicPagingVmemMngr@@QAE@XZ c0000b60 f   basicpagingx86.obj
 0001:00000800       ?vmemTransfer@CBasicPagingVmemMngr@@UAGPAU__VMMAP_TRANSFER@CVMemMngr@@XZ c0000c00 f   basicpagingx86.obj
 0001:00000810       ??1CBasicPagingVmemMngr@@QAE@XZ c0000c10 f i basicpagingx86.obj
 0001:00000820       ?basic_paging_getVmemClass@@YAPAXXZ c0000c20 f   basicpagingx86.obj
 0001:00000830       ?basic_segmentaion_setup@@YAXXZ c0000c30 f   basicsegmentationx86.obj
 0001:00000850       ?CPU_SYSREQ_FAIL@@YAXXZ    c0000c50 f   cpusetupx86.obj
 0001:00000880       ?cpuBasicSetup@@YAXXZ      c0000c80 f   cpusetupx86.obj
 0001:00000900       ??3CChaiOSAPIClass@@SAXPAX@Z c0000d00 f i pmmngrx86.obj
 0001:00000920       ??1CPMemMngr@@IAE@XZ       c0000d20 f i pmmngrx86.obj
 0001:00000930       ??1CSpinlock@@QAE@XZ       c0000d30 f i pmmngrx86.obj
 0001:00000940       ??0CSpinlock@@QAE@ABV0@@Z  c0000d40 f i pmmngrx86.obj
 0001:00000960       ??4CSpinlock@@QAEAAV0@ABV0@@Z c0000d60 f i pmmngrx86.obj
 0001:00000980       ??0CChaiOSAPIClass@@QAE@ABV0@@Z c0000d80 f i pmmngrx86.obj
 0001:00000990       ??4CChaiOSAPIClass@@QAEAAV0@ABV0@@Z c0000d90 f i pmmngrx86.obj
 0001:000009a0       ?getMemorySize@CX86DefaultPMemMngr@@UAGIXZ c0000da0 f i pmmngrx86.obj
 0001:000009b0       ??0CX86DefaultPMemMngr@@QAE@_N@Z c0000db0 f   pmmngrx86.obj
 0001:00000a10       ??0CPMemMngr@@QAE@XZ       c0000e10 f i pmmngrx86.obj
 0001:00000a20       ?destroy@CX86DefaultPMemMngr@@UAGXXZ c0000e20 f   pmmngrx86.obj
 0001:00000a50       ??_GCX86DefaultPMemMngr@@QAEPAXI@Z c0000e50 f i pmmngrx86.obj
 0001:00000a70       ??1CX86DefaultPMemMngr@@QAE@XZ c0000e70 f i pmmngrx86.obj
 0001:00000a80       ?mmapTransfer@CX86DefaultPMemMngr@@UAGXPAVCPMemMngr@@PAX@Z c0000e80 f   pmmngrx86.obj
 0001:00000d00       ?TransferCallback@CX86DefaultPMemMngr@@UAGXPAU__PMMAP_TRANSFER_ENTRY@CPMemMngr@@PAX@Z c0001100 f   pmmngrx86.obj
 0001:00000da0       ?initialize@CX86DefaultPMemMngr@@UAG_NPAVCPMemMngr@@@Z c00011a0 f   pmmngrx86.obj
 0001:00000e00       ?setUsedUnlocked@CX86DefaultPMemMngr@@MAG_NPAX_N@Z c0001200 f   pmmngrx86.obj
 0001:00000e60       ?setUsed@CX86DefaultPMemMngr@@UAGXPAX_N@Z c0001260 f   pmmngrx86.obj
 0001:00000ec0       ?getUsed@CX86DefaultPMemMngr@@UAG_NPAX@Z c00012c0 f   pmmngrx86.obj
 0001:00000ef0       ?allocate@CX86DefaultPMemMngr@@UAGPAXIPAX@Z c00012f0 f   pmmngrx86.obj
 0001:00000f90       ?free@CX86DefaultPMemMngr@@UAGXPAXI@Z c0001390 f   pmmngrx86.obj
 0001:00000fd0       ?allocateSinglePage@CX86DefaultPMemMngr@@UAGPAXPAX@Z c00013d0 f   pmmngrx86.obj
 0001:00001100       ?freeSinglePage@CX86DefaultPMemMngr@@UAGXPAX@Z c0001500 f   pmmngrx86.obj
 0001:00001120       _DefaultPMemMngrFactory@0  c0001520 f   pmmngrx86.obj
 0001:00001130       ??0CSpinlock@@QAE@XZ       c0001530 f   spinlockx86.obj
 0001:00001140       ?destroy@CSpinlock@@UAGXXZ c0001540 f   spinlockx86.obj
 0001:00001150       ?acquireSpinlock@CSpinlock@@UAGXXZ c0001550 f   spinlockx86.obj
 0001:00001180       ?releaseSpinlock@CSpinlock@@UAGXXZ c0001580 f   spinlockx86.obj
 0001:000011a0       ?kputhex_basic@@YAXI@Z     c00015a0 f i terminal_basicx86.obj
 0001:000011b0       ?kputc_basic@@YAXD@Z       c00015b0 f   terminal_basicx86.obj
 0001:00001240       ?kcls_basic@@YAXXZ         c0001640 f   terminal_basicx86.obj
 0001:000012c0       ?kputs_basic@@YAXPAD@Z     c00016c0 f   terminal_basicx86.obj
 0001:00001360       ?kpanic_basic@@YAXPADIIIII@Z c0001760 f   terminal_basicx86.obj
 0001:000014a0       ?kputhex_basic@@YAXPAX@Z   c00018a0 f   terminal_basicx86.obj
 0001:00001520       ?unmapSinglePage@CVMemMngr@@QAGXPAX@Z c0001920 f i vmmngrx86.obj
 0001:00001530       ??0CX86DefaultVMemMngr@@QAE@XZ c0001930 f i vmmngrx86.obj
 0001:000015d0       ?destroy@CX86DefaultVMemMngr@@UAGXXZ c00019d0 f   vmmngrx86.obj
 0001:000015e0       ?vmemTransfer@CX86DefaultVMemMngr@@UAGPAU__VMMAP_TRANSFER@CVMemMngr@@XZ c00019e0 f   vmmngrx86.obj
 0001:000015f0       ?initialize@CX86DefaultVMemMngr@@UAG_NPAVCVMemMngr@@@Z c00019f0 f   vmmngrx86.obj
 0001:00001620       ?allocate@CX86DefaultVMemMngr@@UAGPAXIABV__PAGING_ATTRIBUTES@CVMemMngr@@@Z c0001a20 f   vmmngrx86.obj
 0001:00001740       ?allocateSinglePage@CX86DefaultVMemMngr@@UAGPAXABV__PAGING_ATTRIBUTES@CVMemMngr@@@Z c0001b40 f   vmmngrx86.obj
 0001:000019d0       ?free@CX86DefaultVMemMngr@@UAGXPAXI_N@Z c0001dd0 f   vmmngrx86.obj
 0001:00001aa0       ?freeSinglePage@CX86DefaultVMemMngr@@UAGXPAX_N@Z c0001ea0 f   vmmngrx86.obj
 0001:00001b30       ?getPhysicalAddress@CX86DefaultVMemMngr@@UAGPAXPAX@Z c0001f30 f   vmmngrx86.obj
 0001:00001ba0       ?mapPhysicalAddress@CX86DefaultVMemMngr@@UAGPAXPAXIABV__PAGING_ATTRIBUTES@CVMemMngr@@@Z c0001fa0 f   vmmngrx86.obj
 0001:00001cd0       ?mapSinglePhysicalPage@CX86DefaultVMemMngr@@UAGPAXPAXABV__PAGING_ATTRIBUTES@CVMemMngr@@@Z c00020d0 f   vmmngrx86.obj
 0001:00001d90       ?allocateAt@CX86DefaultVMemMngr@@UAGPAXPAXIABV__PAGING_ATTRIBUTES@CVMemMngr@@@Z c0002190 f   vmmngrx86.obj
 0001:00001e00       ?allocateSingleAt@CX86DefaultVMemMngr@@UAGPAXPAXABV__PAGING_ATTRIBUTES@CVMemMngr@@@Z c0002200 f   vmmngrx86.obj
 0001:00001fd0       ?mapPhysicalAddressAt@CX86DefaultVMemMngr@@UAGPAXPAX0IABV__PAGING_ATTRIBUTES@CVMemMngr@@@Z c00023d0 f   vmmngrx86.obj
 0001:00002040       ?mapSinglePhysicalAddressAt@CX86DefaultVMemMngr@@UAGPAXPAX0ABV__PAGING_ATTRIBUTES@CVMemMngr@@@Z c0002440 f   vmmngrx86.obj
 0001:000021d0       ?createNewAddressSpace@CX86DefaultVMemMngr@@UAGIXZ c00025d0 f   vmmngrx86.obj
 0001:00002280       ?loadAddressSpace@CX86DefaultVMemMngr@@UAGII@Z c0002680 f   vmmngrx86.obj
 0001:000022b0       ??1CX86DefaultVMemMngr@@QAE@XZ c00026b0 f i vmmngrx86.obj
 0001:000022d0       _DefaultVMemMngrFactory@0  c00026d0 f   vmmngrx86.obj
 0001:000022e0       ?ClassFromChN@@YAH_W@Z     c00026e0 f   bidi.obj
 0001:00002300       ?ClassFromChWS@@YAH_W@Z    c0002700 f   bidi.obj
 0001:00002310       ?reverse@@YAXPA_WH@Z       c0002710 f   bidi.obj
 0001:00002340       ?SetDeferredRun@@YAXPAHHHH@Z c0002740 f   bidi.obj
 0001:00002370       ?classify@@YAHPB_WPAHH_N@Z c0002770 f   bidi.obj
 0001:000023e0       ?resolveParagraphs@@YAHPAHH@Z c00027e0 f   bidi.obj
 0001:00002410       ?baseLevel@@YAHPBHH@Z      c0002810 f   bidi.obj
 0001:00002440       ?GreaterEven@@YAHH@Z       c0002840 f   bidi.obj
 0001:00002450       ?GreaterOdd@@YAHH@Z        c0002850 f   bidi.obj
 0001:00002460       ?EmbeddingDirection@@YAHH@Z c0002860 f   bidi.obj
 0001:00002470       ?resolveExplicit@@YAHHHPAH0HH@Z c0002870 f   bidi.obj
 0001:000025d0       ?GetDeferredType@@YAHH@Z   c00029d0 f   bidi.obj
 0001:000025e0       ?GetResolvedType@@YAHH@Z   c00029e0 f   bidi.obj
 0001:000025f0       ?resolveWeak@@YAXHPAH0H@Z  c00029f0 f   bidi.obj
 0001:00002770       ?GetDeferredNeutrals@@YAHHH@Z c0002b70 f   bidi.obj
 0001:00002780       ?GetResolvedNeutrals@@YAHH@Z c0002b80 f   bidi.obj
 0001:000027a0       ?resolveNeutrals@@YAXHPAHPBHH@Z c0002ba0 f   bidi.obj
 0001:000028c0       ?resolveImplicit@@YAXPBHPAHH@Z c0002cc0 f   bidi.obj
 0001:00002900       ?resolveLines@@YAHPA_WPA_NH@Z c0002d00 f   bidi.obj
 0001:00002930       ?resolveWhitespace@@YAXHPBHPAHH@Z c0002d30 f   bidi.obj
 0001:000029e0       ?reorderLevel@@YAHHPA_WPBHH_N@Z c0002de0 f   bidi.obj
 0001:00002a70       ?reorder@@YAHHPA_WPBHH@Z   c0002e70 f   bidi.obj
 0001:00002b50       ?mirror@@YAXPA_WPBHH@Z     c0002f50 f   bidi.obj
 0001:00002bb0       ?clean@@YAHPA_WH@Z         c0002fb0 f   bidi.obj
 0001:00002c30       ?BidiLines@@YAXHPA_WPAH1HHPA_N@Z c0003030 f   bidi.obj
 0001:00002cd0       ?ShowInputTypes@@YAXPA_WH@Z c00030d0 f   bidi.obj
 0001:00002d40       ?ShowTypes@@YAXPAHH@Z      c0003140 f   bidi.obj
 0001:00002d90       ?ShowLevels@@YAXPAHH@Z     c0003190 f   bidi.obj
 0001:00002da0       ?isRtl@@YA_NPB_W@Z         c00031a0 f   bidi.obj
 0001:00002e70       ?BidiInterface@@YAPA_WPB_W@Z c0003270 f   bidi.obj
 0001:00003020       ?makeNativeFromBigEndian@@YA_K_KI@Z c0003420 f   endian.obj
 0001:000030d0       ?makeNativeFromLittleEndian@@YA_K_KI@Z c00034d0 f   endian.obj
 0001:000030e0       ?makeBigEndianFromNative@@YA_K_KI@Z c00034e0 f   endian.obj
 0001:00003100       ?makeLittleEndianFromNative@@YA_K_KI@Z c0003500 f   endian.obj
 0001:00003110       ?displayWelcome@@YAXXZ     c0003510 f   entry.obj
 0001:00003150       @entry@4                   c0003550 f   entry.obj
 0001:000033b0       ?destroy@CKernelGraphics@@UAGXXZ c00037b0 f i KernelGraphics.obj
 0001:000033c0       ?getDisplayWidth@CKernelGraphics@@UAGGXZ c00037c0 f i KernelGraphics.obj
 0001:000033d0       ?getDisplayHeight@CKernelGraphics@@UAGGXZ c00037d0 f i KernelGraphics.obj
 0001:000033e0       ??0CKernelGraphics@@QAE@XZ c00037e0 f   KernelGraphics.obj
 0001:000033f0       ?initialise@CKernelGraphics@@UAG_NPAUtagModeInfoBlock@@@Z c00037f0 f   KernelGraphics.obj
 0001:00003470       ?drawPixel@CKernelGraphics@@UAGXIII@Z c0003870 f   KernelGraphics.obj
 0001:00003620       ?binary_search@@YAGQBGGGG@Z c0003a20 f   KernelGraphics.obj
 0001:00003670       ?drawChar@CKernelGraphics@@UAGX_WIIII@Z c0003a70 f   KernelGraphics.obj
 0001:00003720       ?drawString@CKernelGraphics@@UAGXPA_WIIII@Z c0003b20 f   KernelGraphics.obj
 0001:00003830       ?drawLine@CKernelGraphics@@UAGXIIIII@Z c0003c30 f   KernelGraphics.obj
 0001:00003a60       ?drawRect@CKernelGraphics@@UAGXIIIII@Z c0003e60 f   KernelGraphics.obj
 0001:00003ab0       ??1CKernelGraphics@@QAE@XZ c0003eb0 f i KernelGraphics.obj
 0001:00003ac0       ?getGraphics@@YAPAVCKernelGraphics@@XZ c0003ec0 f   KernelGraphics.obj
 0001:00003ad0       ?setGraphics@@YAXPAVCKernelGraphics@@@Z c0003ed0 f   KernelGraphics.obj
 0001:00003b00       ?getCurrentCpuNum@CMultiCPUIrq@@QAGIXZ c0003f00 f i kmain.obj
 0001:00003b20       ?testThread@@YGXXZ         c0003f20 f   kmain.obj
 0001:00003c00       ?kmain@@YAXPAU_MULTIBOOT_INFO@@@Z c0004000 f   kmain.obj
 0001:00003fb0       ?loadStrings@@YAXPAXI@Z    c00043b0 f   langstrings.obj
 0001:000040b0       ?getString@@YAPA_WW4CHAKRNL_STRINGS@@@Z c00044b0 f   langstrings.obj
 0001:000040d0       _liballoc_lock             c00044d0 f   liballoc.obj
 0001:00004100       _liballoc_unlock           c0004500 f   liballoc.obj
 0001:00004110       _liballoc_alloc            c0004510 f   liballoc.obj
 0001:00004150       _liballoc_free             c0004550 f   liballoc.obj
 0001:00004490       _malloc                    c0004890 f   liballoc.obj
 0001:00004680       _free                      c0004a80 f   liballoc.obj
 0001:00004860       _calloc                    c0004c60 f   liballoc.obj
 0001:000048a0       _realloc                   c0004ca0 f   liballoc.obj
 0001:00004950       ??1CMemory@@QAE@XZ         c0004d50 f i memory.obj
 0001:00004960       ?destroy@CMemory@@UAGXXZ   c0004d60 f   memory.obj
 0001:00004970       ?registerPMemMngr@CMemory@@UAG_NPAVCPMemMngr@@_N@Z c0004d70 f   memory.obj
 0001:000049c0       ?getPMemMngr@CMemory@@UAGPAVCPMemMngr@@XZ c0004dc0 f   memory.obj
 0001:000049d0       ?registerVMemMngr@CMemory@@UAG_NPAVCVMemMngr@@_N@Z c0004dd0 f   memory.obj
 0001:00004a20       ?getVMemMngr@CMemory@@UAGPAVCVMemMngr@@XZ c0004e20 f   memory.obj
 0001:00004a30       ??0CMemory@@QAE@XZ         c0004e30 f i memory.obj
 0001:00004a40       _getMemoryManager@0        c0004e40 f   memory.obj
 0001:00004a50       _setMemoryManager@4        c0004e50 f   memory.obj
 0001:00004a60       ?unmap@CVMemMngr@@QAGXPAXI@Z c0004e60 f i moduleload.obj
 0001:00004e70       _module_loader_handler     c0005270 f   moduleload.obj
 0001:00004ec0       ?loadMultibootModules@@YAXPAU_MULTIBOOT_INFO@@@Z c00052c0 f   moduleload.obj
 0001:000050a0       ?getMemorySize@CMultibootPMemMngr@@UAGIXZ c00054a0 f i multiboot.obj
 0001:000050b0       ?destroy@CMultibootPMemMngr@@UAGXXZ c00054b0 f   multiboot.obj
 0001:000050c0       ?allocate@CMultibootPMemMngr@@UAGPAXIPAX@Z c00054c0 f   multiboot.obj
 0001:000050d0       ?free@CMultibootPMemMngr@@UAGXPAXI@Z c00054d0 f   multiboot.obj
 0001:000050e0       ?allocateSinglePage@CMultibootPMemMngr@@UAGPAXPAX@Z c00054e0 f   multiboot.obj
 0001:000050f0       ?freeSinglePage@CMultibootPMemMngr@@UAGXPAX@Z c00054f0 f   multiboot.obj
 0001:00005100       ?setUsed@CMultibootPMemMngr@@UAGXPAX_N@Z c0005500 f   multiboot.obj
 0001:00005110       ?getUsed@CMultibootPMemMngr@@UAG_NPAX@Z c0005510 f   multiboot.obj
 0001:00005120       ?mmapTransfer@CMultibootPMemMngr@@UAGXPAVCPMemMngr@@PAX@Z c0005520 f   multiboot.obj
 0001:000052e0       ?initialize@CMultibootPMemMngr@@UAG_NPAVCPMemMngr@@@Z c00056e0 f   multiboot.obj
 0001:00005330       ?TransferCallback@CMultibootPMemMngr@@UAGXPAU__PMMAP_TRANSFER_ENTRY@CPMemMngr@@PAX@Z c0005730 f   multiboot.obj
 0001:00005340       ??0CMultibootPMemMngr@@QAE@XZ c0005740 f i multiboot.obj
 0001:00005350       ??1CMultibootPMemMngr@@QAE@XZ c0005750 f i multiboot.obj
 0001:00005360       ?GetPMemMapClass@@YAPAXPAU_MULTIBOOT_INFO@@@Z c0005760 f   multiboot.obj
 0001:000053c0       ??0CPortableExecutable@@QAE@PAXPAD@Z c00057c0 f   PortableExecutable.obj
 0001:00005410       ??_ECPortableExecutable@@UAEPAXI@Z c0005810 f i * CIL library *:* CIL module *
 0001:00005410       ??_GCPortableExecutable@@UAEPAXI@Z c0005810 f i PortableExecutable.obj
 0001:00005440       ??1CPortableExecutable@@UAE@XZ c0005840 f   PortableExecutable.obj
 0001:00005450       ?getBaseAddress@CPortableExecutable@@UAEIXZ c0005850 f   PortableExecutable.obj
 0001:00005480       ?CallEntry@CPortableExecutable@@UAEXXZ c0005880 f   PortableExecutable.obj
 0001:000054b0       ?CallEntry32@CPortableExecutable@@MAEXXZ c00058b0 f   PortableExecutable.obj
 0001:000054d0       ?CallEntry64@CPortableExecutable@@MAEXXZ c00058d0 f   PortableExecutable.obj
 0001:000054f0       ?GetProcAddress@CPortableExecutable@@UAEP6AXXZPAD@Z c00058f0 f   PortableExecutable.obj
 0001:00005530       ?getMachineID@CPortableExecutable@@UAE?AW4MACHINE_ID@1@XZ c0005930 f   PortableExecutable.obj
 0001:000055c0       ?GetProcAddress32@CPortableExecutable@@MAEP6AXXZPAD@Z c00059c0 f   PortableExecutable.obj
 0001:00005670       ?GetProcAddress64@CPortableExecutable@@MAEP6AXXZPAD@Z c0005a70 f   PortableExecutable.obj
 0001:00005720       ?linkPESymbols@CPortableExecutable@@UAE_NPAXPAD@Z c0005b20 f   PortableExecutable.obj
 0001:00005760       ?linkPESymbols32@CPortableExecutable@@MAE_NPAXPAD@Z c0005b60 f   PortableExecutable.obj
 0001:000058c0       ?linkPESymbols64@CPortableExecutable@@MAE_NPAXPAD@Z c0005cc0 f   PortableExecutable.obj
 0001:00005a40       ?loadIntoMemory@CPortableExecutable@@UAEPAV1@ABV__PAGING_ATTRIBUTES@CVMemMngr@@I@Z c0005e40 f   PortableExecutable.obj
 0001:00005a80       ?loadIntoMemory32@CPortableExecutable@@MAEPAV1@ABV__PAGING_ATTRIBUTES@CVMemMngr@@I@Z c0005e80 f   PortableExecutable.obj
 0001:00005b10       ?loadIntoMemory64@CPortableExecutable@@MAEPAV1@ABV__PAGING_ATTRIBUTES@CVMemMngr@@I@Z c0005f10 f   PortableExecutable.obj
 0001:00005ba0       ??0CSemaphore@@QAE@XZ      c0005fa0 f   semaphore.obj
 0001:00005bb0       ??1CSemaphore@@QAE@XZ      c0005fb0 f   semaphore.obj
 0001:00005bc0       ?destroy@CKernelTerminal@@UAGXXZ c0005fc0 f i terminal.obj
 0001:00005bd0       ?setForegroundColor@CKernelTerminal@@UAGXI@Z c0005fd0 f i terminal.obj
 0001:00005be0       ?setBackgroundColor@CKernelTerminal@@UAGXI@Z c0005fe0 f i terminal.obj
 0001:00005bf0       ?getForegroundColor@CKernelTerminal@@UAGIXZ c0005ff0 f i terminal.obj
 0001:00005c00       ?getBackgroundColor@CKernelTerminal@@UAGIXZ c0006000 f i terminal.obj
 0001:00005c10       ?kputhex@CKernelTerminal@@QAEXI@Z c0006010 f i terminal.obj
 0001:00005c30       ?kputhex@CKernelTerminal@@QAEXPAX@Z c0006030 f i terminal.obj
 0001:00005c50       ??0CKernelTerminal@@QAE@XZ c0006050 f   terminal.obj
 0001:00005c90       ?kputc@CKernelTerminal@@UAGX_W_N@Z c0006090 f   terminal.obj
 0001:00005d60       ?kputs@CKernelTerminal@@UAGXPB_W@Z c0006160 f   terminal.obj
 0001:00005e30       ?kputi@CKernelTerminal@@UAGXII@Z c0006230 f   terminal.obj
 0001:00005e80       ?kcls@CKernelTerminal@@UAGXXZ c0006280 f   terminal.obj
 0001:00005ed0       ?stackTrace@@YAXPAVCKernelTerminal@@PAI@Z c00062d0 f   terminal.obj
 0001:00005f40       ?kpanic@CKernelTerminal@@UAGXPB_WIIIIPAIPA_WI@Z c0006340 f   terminal.obj
 0001:000060b0       ??1CKernelTerminal@@QAE@XZ c00064b0 f i terminal.obj
 0001:000060c0       ?getTerminal@@YAPAVCKernelTerminal@@XZ c00064c0 f   terminal.obj
 0001:000060d0       ?setTermial@@YAXPAVCKernelTerminal@@@Z c00064d0 f   terminal.obj
 0001:000060e0       ?CalcTableChecksum@@YAIPAII@Z c00064e0 f   TrueType.obj
 0001:00006140       ?destroy@CTrueType@@UAGXXZ c0006540 f   TrueType.obj
 0001:00006150       ?initialise@CTrueType@@UAGXPAXI@Z c0006550 f   TrueType.obj
 0001:00006180       ?getCharBitmap@CTrueType@@UAGPAU_TrueTypeChar@@_WG@Z c0006580 f   TrueType.obj
 0001:00006190       ?getGlyphIndex@CTrueType@@MAGG_W@Z c0006590 f   TrueType.obj
 0001:000062d0       ??$makeNativeFromBigEndian@I@@YA_KI@Z c00066d0 f i TrueType.obj
 0001:000062f0       ??$makeBigEndianFromNative@I@@YA_KI@Z c00066f0 f i TrueType.obj
 0001:00006310       ??$makeNativeFromBigEndian@G@@YA_KG@Z c0006710 f i TrueType.obj
 0001:00006330       ??$makeBigEndianFromNative@W4platformIDs@@@@YA_KW4platformIDs@@@Z c0006730 f i TrueType.obj
 0001:00006350       ??$makeBigEndianFromNative@W4UnicodeSubIDs@@@@YA_KW4UnicodeSubIDs@@@Z c0006750 f i TrueType.obj
 0001:00006370       ??$makeBigEndianFromNative@W4MicrosoftSubIDs@@@@YA_KW4MicrosoftSubIDs@@@Z c0006770 f i TrueType.obj
 0001:00006390       _getFont                   c0006790 f   vgafont.obj
 0001:000063a0       ??2@YAPAXI@Z               c00067a0 f   msvc.obj
 0001:000063b0       ??3@YAXPAX@Z               c00067b0 f   msvc.obj
 0001:000063d0       ??_U@YAPAXI@Z              c00067d0 f   msvc.obj
 0001:000063e0       ??_V@YAXPAX@Z              c00067e0 f   msvc.obj
 0001:00006400       ?CallConstructors@@YA_NXZ  c0006800 f   msvc.obj
 0001:000064d0       __purecall                 c00068d0 f   msvc.obj
 0001:000064e0       _atexit                    c00068e0 f   msvc.obj
 0001:000064f0       _memcpy                    c00068f0 f   msvc.obj
 0001:00006516       ?wstrlen@@YAIPB_W@Z        c0006916 f   kcstdlib:kcstdlib.dll
 0001:0000651c       ?fabs@@YANN@Z              c000691c f   kcstdlib:kcstdlib.dll
 0001:00006522       ?enableFancyStuff@@YAXXZ   c0006922 f   kcstdlib:kcstdlib.dll
 0001:00006528       ?getKout@@YGAAVostream@@XZ c0006928 f   kcstdlib:kcstdlib.dll
 0001:0000652e       ??6ostream@@QAEAAV0@PBD@Z  c000692e f   kcstdlib:kcstdlib.dll
 0001:00006534       ??6ostream@@QAEAAV0@PB_W@Z c0006934 f   kcstdlib:kcstdlib.dll
 0001:0000653a       ??6ostream@@QAEAAV0@I@Z    c000693a f   kcstdlib:kcstdlib.dll
 0001:00006540       ??6ostream@@QAEAAV0@PBX@Z  c0006940 f   kcstdlib:kcstdlib.dll
 0001:00006546       ?debug_serial@@YAXPBD@Z    c0006946 f   kcstdlib:kcstdlib.dll
 0001:0000654c       _getHal@0                  c000694c f   hal:Hal.dll
 0001:00006594       ??_GCSpinlock@@QAEPAXI@Z   c0006994 f i AcpiSubsystem:ChaiOSL.obj
 0001:000065ba       _AcpiEarlyTables           c00069ba f   AcpiSubsystem:ChaiOSL.obj
 0001:000065cc       _AcpiOsAcquireLock         c00069cc f   AcpiSubsystem:ChaiOSL.obj
 0001:000065cf       _AcpiOsAcquireObject       c00069cf f   AcpiSubsystem:ChaiOSL.obj
 0001:000065d4       _AcpiOsAllocate            c00069d4 f   AcpiSubsystem:ChaiOSL.obj
 0001:000065d9       _AcpiOsCloseDirectory      c00069d9 f   AcpiSubsystem:ChaiOSL.obj
 0001:000065da       _AcpiOsCloseFile           c00069da f   AcpiSubsystem:ChaiOSL.obj
 0001:000065db       _AcpiOsCreateCache         c00069db f   AcpiSubsystem:ChaiOSL.obj
 0001:000065eb       _AcpiOsCreateLock          c00069eb f   AcpiSubsystem:ChaiOSL.obj
 0001:000065ee       _AcpiOsCreateSemaphore     c00069ee f   AcpiSubsystem:ChaiOSL.obj
 0001:0000660d       _AcpiOsDeleteCache         c0006a0d f   AcpiSubsystem:ChaiOSL.obj
 0001:00006610       _AcpiOsDeleteLock          c0006a10 f   AcpiSubsystem:ChaiOSL.obj
 0001:00006611       _AcpiOsDeleteSemaphore     c0006a11 f   AcpiSubsystem:ChaiOSL.obj
 0001:0000661e       _AcpiOsExecute             c0006a1e f   AcpiSubsystem:ChaiOSL.obj
 0001:0000662a       _AcpiOsFree                c0006a2a f   AcpiSubsystem:ChaiOSL.obj
 0001:0000662f       _AcpiOsGetFileOffset       c0006a2f f   AcpiSubsystem:ChaiOSL.obj
 0001:00006632       _AcpiOsGetLine             c0006a32 f   AcpiSubsystem:ChaiOSL.obj
 0001:00006635       _AcpiOsGetNextFilename     c0006a35 f   AcpiSubsystem:ChaiOSL.obj
 0001:00006638       _AcpiOsGetPhysicalAddress  c0006a38 f   AcpiSubsystem:ChaiOSL.obj
 0001:0000665a       _AcpiOsGetRootPointer      c0006a5a f   AcpiSubsystem:ChaiOSL.obj
 0001:00006673       _AcpiOsGetThreadId         c0006a73 f   AcpiSubsystem:ChaiOSL.obj
 0001:00006678       _AcpiOsGetTimer            c0006a78 f   AcpiSubsystem:ChaiOSL.obj
 0001:0000667b       _AcpiOsInitialize          c0006a7b f   AcpiSubsystem:ChaiOSL.obj
 0001:0000667e       _AcpiOsInstallInterruptHandler c0006a7e f   AcpiSubsystem:ChaiOSL.obj
 0001:000066d1       _AcpiOsMapMemory           c0006ad1 f   AcpiSubsystem:ChaiOSL.obj
 0001:00006704       _AcpiOsOpenDirectory       c0006b04 f   AcpiSubsystem:ChaiOSL.obj
 0001:00006707       _AcpiOsOpenFile            c0006b07 f   AcpiSubsystem:ChaiOSL.obj
 0001:0000670a       _AcpiOsPhysicalTableOverride c0006b0a f   AcpiSubsystem:ChaiOSL.obj
 0001:0000671e       _AcpiOsPredefinedOverride  c0006b1e f   AcpiSubsystem:ChaiOSL.obj
 0001:00006728       _AcpiOsPrintf              c0006b28 f   AcpiSubsystem:ChaiOSL.obj
 0001:00006729       _AcpiOsPurgeCache          c0006b29 f   AcpiSubsystem:ChaiOSL.obj
 0001:0000672c       _AcpiOsReadMemory          c0006b2c f   AcpiSubsystem:ChaiOSL.obj
 0001:0000678d       _AcpiOsReadPciConfiguration c0006b8d f   AcpiSubsystem:ChaiOSL.obj
 0001:00006822       _AcpiOsReadPort            c0006c22 f   AcpiSubsystem:ChaiOSL.obj
 0001:00006866       _AcpiOsReadable            c0006c66 f   AcpiSubsystem:ChaiOSL.obj
 0001:00006869       _AcpiOsRedirectOutput      c0006c69 f   AcpiSubsystem:ChaiOSL.obj
 0001:0000686a       _AcpiOsReleaseLock         c0006c6a f   AcpiSubsystem:ChaiOSL.obj
 0001:0000686b       _AcpiOsReleaseObject       c0006c6b f   AcpiSubsystem:ChaiOSL.obj
 0001:00006878       _AcpiOsRemoveInterruptHandler c0006c78 f   AcpiSubsystem:ChaiOSL.obj
 0001:000068a8       _AcpiOsSetFileOffset       c0006ca8 f   AcpiSubsystem:ChaiOSL.obj
 0001:000068ac       _AcpiOsSignal              c0006cac f   AcpiSubsystem:ChaiOSL.obj
 0001:000068b2       _AcpiOsSignalSemaphore     c0006cb2 f   AcpiSubsystem:ChaiOSL.obj
 0001:000068b5       _AcpiOsSleep               c0006cb5 f   AcpiSubsystem:ChaiOSL.obj
 0001:000068d2       _AcpiOsStall               c0006cd2 f   AcpiSubsystem:ChaiOSL.obj
 0001:000068d3       _AcpiOsTableOverride       c0006cd3 f   AcpiSubsystem:ChaiOSL.obj
 0001:000068dd       _AcpiOsTerminate           c0006cdd f   AcpiSubsystem:ChaiOSL.obj
 0001:000068e0       _AcpiOsUnmapMemory         c0006ce0 f   AcpiSubsystem:ChaiOSL.obj
 0001:000068fc       _AcpiOsVprintf             c0006cfc f   AcpiSubsystem:ChaiOSL.obj
 0001:000068fd       _AcpiOsWaitEventsComplete  c0006cfd f   AcpiSubsystem:ChaiOSL.obj
 0001:000068fe       _AcpiOsWaitSemaphore       c0006cfe f   AcpiSubsystem:ChaiOSL.obj
 0001:00006901       _AcpiOsWritable            c0006d01 f   AcpiSubsystem:ChaiOSL.obj
 0001:00006906       _AcpiOsWriteFile           c0006d06 f   AcpiSubsystem:ChaiOSL.obj
 0001:0000690a       _AcpiOsWriteMemory         c0006d0a f   AcpiSubsystem:ChaiOSL.obj
 0001:0000696a       _AcpiOsWritePciConfiguration c0006d6a f   AcpiSubsystem:ChaiOSL.obj
 0001:00006a0d       _AcpiOsWritePort           c0006e0d f   AcpiSubsystem:ChaiOSL.obj
 0001:00006a4b       _GetAcpiTable              c0006e4b f   AcpiSubsystem:ChaiOSL.obj
 0001:00006a50       _MpSaveGpioInfo            c0006e50 f   AcpiSubsystem:ChaiOSL.obj
 0001:00006a51       _MpSaveSerialInfo          c0006e51 f   AcpiSubsystem:ChaiOSL.obj
 0001:00006a52       _StartAcpi                 c0006e52 f   AcpiSubsystem:ChaiOSL.obj
 0001:00006a77       _AcpiAllocateRootTable     c0006e77 f   AcpiSubsystem:tbxface.obj
 0001:00006a8c       _AcpiGetTable              c0006e8c f   AcpiSubsystem:tbxface.obj
 0001:00006afa       _AcpiGetTableByIndex       c0006efa f   AcpiSubsystem:tbxface.obj
 0001:00006be5       _AcpiGetTableHeader        c0006fe5 f   AcpiSubsystem:tbxface.obj
 0001:00006c95       _AcpiInitializeTables      c0007095 f   AcpiSubsystem:tbxface.obj
 0001:00006d65       _AcpiInstallTableHandler   c0007165 f   AcpiSubsystem:tbxface.obj
 0001:00006e05       _AcpiReallocateRootTable   c0007205 f   AcpiSubsystem:tbxface.obj
 0001:00006e6a       _AcpiRemoveTableHandler    c000726a f   AcpiSubsystem:tbxface.obj
 0001:00006ee6       _AcpiEnableSubsystem       c00072e6 f   AcpiSubsystem:utxfinit.obj
 0001:0000709b       _AcpiInitializeObjects     c000749b f   AcpiSubsystem:utxfinit.obj
 0001:000071c5       _AcpiInitializeSubsystem   c00075c5 f   AcpiSubsystem:utxfinit.obj
 0001:0000730a       _AcpiFindRootPointer       c000770a f   AcpiSubsystem:tbxfroot.obj
 0001:000074ae       _AcpiTbGetRsdpLength       c00078ae f   AcpiSubsystem:tbxfroot.obj
 0001:000074db       _AcpiTbScanMemoryForRsdp   c00078db f   AcpiSubsystem:tbxfroot.obj
 0001:000075be       _AcpiTbValidateRsdp        c00079be f   AcpiSubsystem:tbxfroot.obj
 0001:0000760b       _AcpiDebugPrint            c0007a0b f   AcpiSubsystem:utdebug.obj
 0001:000076a6       _AcpiDebugPrintRaw         c0007aa6 f   AcpiSubsystem:utdebug.obj
 0001:000076cd       _AcpiUtExit                c0007acd f   AcpiSubsystem:utdebug.obj
 0001:00007717       _AcpiUtInitStackPtrTrace   c0007b17 f   AcpiSubsystem:utdebug.obj
 0001:00007722       _AcpiUtPtrExit             c0007b22 f   AcpiSubsystem:utdebug.obj
 0001:0000776f       _AcpiUtStatusExit          c0007b6f f   AcpiSubsystem:utdebug.obj
 0001:000077e1       _AcpiUtTrace               c0007be1 f   AcpiSubsystem:utdebug.obj
 0001:00007827       _AcpiUtTracePtr            c0007c27 f   AcpiSubsystem:utdebug.obj
 0001:00007870       _AcpiUtTraceStr            c0007c70 f   AcpiSubsystem:utdebug.obj
 0001:000078b9       _AcpiUtTraceU32            c0007cb9 f   AcpiSubsystem:utdebug.obj
 0001:00007902       _AcpiUtTrackStackPtr       c0007d02 f   AcpiSubsystem:utdebug.obj
 0001:00007957       _AcpiUtValueExit           c0007d57 f   AcpiSubsystem:utdebug.obj
 0001:000079a7       _AcpiUtAcquireMutex        c0007da7 f   AcpiSubsystem:utmutex.obj
 0001:00007b68       _AcpiUtMutexInitialize     c0007f68 f   AcpiSubsystem:utmutex.obj
 0001:00007c70       _AcpiUtMutexTerminate      c0008070 f   AcpiSubsystem:utmutex.obj
 0001:00007ce8       _AcpiUtReleaseMutex        c00080e8 f   AcpiSubsystem:utmutex.obj
 0001:00007d95       _memcmp                    c0008195 f   AcpiSubsystem:utclib.obj
 0001:00007dc5       _memset                    c00081c5 f   AcpiSubsystem:utclib.obj
 0001:00007df3       _strcat                    c00081f3 f   AcpiSubsystem:utclib.obj
 0001:00007e14       _strchr                    c0008214 f   AcpiSubsystem:utclib.obj
 0001:00007e2a       _strcmp                    c000822a f   AcpiSubsystem:utclib.obj
 0001:00007e4c       _strcpy                    c000824c f   AcpiSubsystem:utclib.obj
 0001:00007e6e       _strlen                    c000826e f   AcpiSubsystem:utclib.obj
 0001:00007e80       _strncat                   c0008280 f   AcpiSubsystem:utclib.obj
 0001:00007eb2       _strncmp                   c00082b2 f   AcpiSubsystem:utclib.obj
 0001:00007ee7       _strncpy                   c00082e7 f   AcpiSubsystem:utclib.obj
 0001:00007f1b       _strstr                    c000831b f   AcpiSubsystem:utclib.obj
 0001:00007f60       _strtoul                   c0008360 f   AcpiSubsystem:utclib.obj
 0001:000080ae       _tolower                   c00084ae f   AcpiSubsystem:utclib.obj
 0001:000080c3       _toupper                   c00084c3 f   AcpiSubsystem:utclib.obj
 0001:000080d8       _AcpiTbAcquireTable        c00084d8 f   AcpiSubsystem:tbdata.obj
 0001:0000812a       _AcpiTbAcquireTempTable    c000852a f   AcpiSubsystem:tbdata.obj
 0001:00008199       _AcpiTbAllocateOwnerId     c0008599 f   AcpiSubsystem:tbdata.obj
 0001:00008204       _AcpiTbDeleteNamespaceByOwner c0008604 f   AcpiSubsystem:tbdata.obj
 0001:000082e2       _AcpiTbGetNextTableDescriptor c00086e2 f   AcpiSubsystem:tbdata.obj
 0001:00008325       _AcpiTbGetOwnerId          c0008725 f   AcpiSubsystem:tbdata.obj
 0001:0000838e       _AcpiTbInitTableDescriptor c000878e f   AcpiSubsystem:tbdata.obj
 0001:000083c4       _AcpiTbInvalidateTable     c00087c4 f   AcpiSubsystem:tbdata.obj
 0001:00008428       _AcpiTbIsTableLoaded       c0008828 f   AcpiSubsystem:tbdata.obj
 0001:0000845a       _AcpiTbReleaseOwnerId      c000885a f   AcpiSubsystem:tbdata.obj
 0001:000084c5       _AcpiTbReleaseTable        c00088c5 f   AcpiSubsystem:tbdata.obj
 0001:000084e2       _AcpiTbReleaseTempTable    c00088e2 f   AcpiSubsystem:tbdata.obj
 0001:000084e7       _AcpiTbResizeRootTableList c00088e7 f   AcpiSubsystem:tbdata.obj
 0001:000085e6       _AcpiTbSetTableLoadedFlag  c00089e6 f   AcpiSubsystem:tbdata.obj
 0001:0000861e       _AcpiTbTerminate           c0008a1e f   AcpiSubsystem:tbdata.obj
 0001:000086de       _AcpiTbValidateTable       c0008ade f   AcpiSubsystem:tbdata.obj
 0001:0000873f       _AcpiTbValidateTempTable   c0008b3f f   AcpiSubsystem:tbdata.obj
 0001:00008761       _AcpiTbVerifyTempTable     c0008b61 f   AcpiSubsystem:tbdata.obj
 0001:00008864       _AcpiTbCheckDsdtHeader     c0008c64 f   AcpiSubsystem:tbutils.obj
 0001:000088c9       _AcpiTbCopyDsdt            c0008cc9 f   AcpiSubsystem:tbutils.obj
 0001:00008982       _AcpiTbInitializeFacs      c0008d82 f   AcpiSubsystem:tbutils.obj
 0001:000089dd       _AcpiTbParseRootTable      c0008ddd f   AcpiSubsystem:tbutils.obj
 0001:00008c03       _AcpiTbTablesLoaded        c0009003 f   AcpiSubsystem:tbutils.obj
 0001:00008c0f       _AcpiClearEvent            c000900f f   AcpiSubsystem:evxfevnt.obj
 0001:00008c7b       _AcpiDisable               c000907b f   AcpiSubsystem:evxfevnt.obj
 0001:00008d5e       _AcpiDisableEvent          c000915e f   AcpiSubsystem:evxfevnt.obj
 0001:00008e6f       _AcpiEnable                c000926f f   AcpiSubsystem:evxfevnt.obj
 0001:00008f74       _AcpiEnableEvent           c0009374 f   AcpiSubsystem:evxfevnt.obj
 0001:00009085       _AcpiGetEventStatus        c0009485 f   AcpiSubsystem:evxfevnt.obj
 0001:0000919c       _AcpiCheckAddressRange     c000959c f   AcpiSubsystem:utxface.obj
 0001:000091d5       _AcpiDecodePldBuffer       c00095d5 f   AcpiSubsystem:utxface.obj
 0001:00009315       _AcpiGetStatistics         c0009715 f   AcpiSubsystem:utxface.obj
 0001:00009396       _AcpiGetSystemInfo         c0009796 f   AcpiSubsystem:utxface.obj
 0001:00009455       _AcpiInstallInitializationHandler c0009855 f   AcpiSubsystem:utxface.obj
 0001:00009478       _AcpiInstallInterface      c0009878 f   AcpiSubsystem:utxface.obj
 0001:000094ea       _AcpiInstallInterfaceHandler c00098ea f   AcpiSubsystem:utxface.obj
 0001:00009533       _AcpiPurgeCachedObjects    c0009933 f   AcpiSubsystem:utxface.obj
 0001:00009591       _AcpiRemoveInterface       c0009991 f   AcpiSubsystem:utxface.obj
 0001:000095e1       _AcpiSubsystemStatus       c00099e1 f   AcpiSubsystem:utxface.obj
 0001:000095f1       _AcpiTerminate             c00099f1 f   AcpiSubsystem:utxface.obj
 0001:000096ac       _AcpiUpdateInterfaces      c0009aac f   AcpiSubsystem:utxface.obj
 0001:000096e5       _AcpiBiosError             c0009ae5 f   AcpiSubsystem:utxferror.obj
 0001:00009718       _AcpiBiosWarning           c0009b18 f   AcpiSubsystem:utxferror.obj
 0001:0000974b       _AcpiError                 c0009b4b f   AcpiSubsystem:utxferror.obj
 0001:0000977e       _AcpiException             c0009b7e f   AcpiSubsystem:utxferror.obj
 0001:000097d0       _AcpiInfo                  c0009bd0 f   AcpiSubsystem:utxferror.obj
 0001:000097f6       _AcpiWarning               c0009bf6 f   AcpiSubsystem:utxferror.obj
 0001:00009829       _AcpiHwGetMode             c0009c29 f   AcpiSubsystem:hwacpi.obj
 0001:000098d0       _AcpiHwSetMode             c0009cd0 f   AcpiSubsystem:hwacpi.obj
 0001:00009b35       _AcpiUtInitGlobals         c0009f35 f   AcpiSubsystem:utinit.obj
 0001:00009d18       _AcpiUtSubsystemShutdown   c000a118 f   AcpiSubsystem:utinit.obj
 0001:00009d9c       _AcpiUtGetInterface        c000a19c f   AcpiSubsystem:utosi.obj
 0001:00009dc5       _AcpiUtInitializeInterfaces c000a1c5 f   AcpiSubsystem:utosi.obj
 0001:00009e13       _AcpiUtInstallInterface    c000a213 f   AcpiSubsystem:utosi.obj
 0001:00009e6a       _AcpiUtInterfaceTerminate  c000a26a f   AcpiSubsystem:utosi.obj
 0001:00009ed0       _AcpiUtOsiImplementation   c000a2d0 f   AcpiSubsystem:utosi.obj
 0001:0000a063       _AcpiUtRemoveInterface     c000a463 f   AcpiSubsystem:utosi.obj
 0001:0000a0c5       _AcpiUtUpdateInterfaces    c000a4c5 f   AcpiSubsystem:utosi.obj
 0001:0000a106       _AcpiEvFixedEventDetect    c000a506 f   AcpiSubsystem:evevent.obj
 0001:0000a264       _AcpiEvInitializeEvents    c000a664 f   AcpiSubsystem:evevent.obj
 0001:0000a315       _AcpiEvInstallXruptHandlers c000a715 f   AcpiSubsystem:evevent.obj
 0001:0000a3cd       _AcpiEvHasDefaultHandler   c000a7cd f   AcpiSubsystem:evhandler.obj
 0001:0000a4cd       _AcpiEvInstallRegionHandlers c000a8cd f   AcpiSubsystem:evhandler.obj
 0001:0000a568       _AcpiEvInstallSpaceHandler c000a968 f   AcpiSubsystem:evhandler.obj
 0001:0000a7dc       _AcpiEvAddressSpaceDispatch c000abdc f   AcpiSubsystem:evregion.obj
 0001:0000aa87       _AcpiEvAttachRegion        c000ae87 f   AcpiSubsystem:evregion.obj
 0001:0000ab49       _AcpiEvDetachRegion        c000af49 f   AcpiSubsystem:evregion.obj
 0001:0000ad85       _AcpiEvExecuteRegMethod    c000b185 f   AcpiSubsystem:evregion.obj
 0001:0000aec3       _AcpiEvExecuteRegMethods   c000b2c3 f   AcpiSubsystem:evregion.obj
 0001:0000af28       _AcpiEvInitializeOpRegions c000b328 f   AcpiSubsystem:evregion.obj
 0001:0000b3bf       _AcpiNsInitializeDevices   c000b7bf f   AcpiSubsystem:nsinit.obj
 0001:0000b550       _AcpiNsInitializeObjects   c000b950 f   AcpiSubsystem:nsinit.obj
 0001:0000b6a4       _AcpiNsLookup              c000baa4 f   AcpiSubsystem:nsaccess.obj
 0001:0000bcd2       _AcpiNsRootInitialize      c000c0d2 f   AcpiSubsystem:nsaccess.obj
 0001:0000bf70       _AcpiNsEvaluate            c000c370 f   AcpiSubsystem:nseval.obj
 0001:0000c413       _AcpiNsExecModuleCodeList  c000c813 f   AcpiSubsystem:nseval.obj
 0001:0000c4c9       _AcpiDbInitialize          c000c8c9 f   AcpiSubsystem:dbxface.obj
 0001:0000c659       _AcpiDbSingleStep          c000ca59 f   AcpiSubsystem:dbxface.obj
 0001:0000c918       _AcpiDbTerminate           c000cd18 f   AcpiSubsystem:dbxface.obj
 0001:0000c937       _AcpiTbChecksum            c000cd37 f   AcpiSubsystem:tbprint.obj
 0001:0000c9ca       _AcpiTbPrintTableHeader    c000cdca f   AcpiSubsystem:tbprint.obj
 0001:0000cab4       _AcpiTbVerifyChecksum      c000ceb4 f   AcpiSubsystem:tbprint.obj
 0001:0000cb03       _AcpiFormatException       c000cf03 f   AcpiSubsystem:utexcep.obj
 0001:0000cb3a       _AcpiUtValidateException   c000cf3a f   AcpiSubsystem:utexcep.obj
 0001:0000cbc2       _AcpiUtGetDescriptorName   c000cfc2 f   AcpiSubsystem:utdecode.obj
 0001:0000cbe8       _AcpiUtGetEventName        c000cfe8 f   AcpiSubsystem:utdecode.obj
 0001:0000cbff       _AcpiUtGetMutexName        c000cfff f   AcpiSubsystem:utdecode.obj
 0001:0000cc16       _AcpiUtGetNodeName         c000d016 f   AcpiSubsystem:utdecode.obj
 0001:0000cc55       _AcpiUtGetNotifyName       c000d055 f   AcpiSubsystem:utdecode.obj
 0001:0000ccc1       _AcpiUtGetObjectTypeName   c000d0c1 f   AcpiSubsystem:utdecode.obj
 0001:0000ccdb       _AcpiUtGetReferenceName    c000d0db f   AcpiSubsystem:utdecode.obj
 0001:0000cd19       _AcpiUtGetRegionName       c000d119 f   AcpiSubsystem:utdecode.obj
 0001:0000cd50       _AcpiUtGetTypeName         c000d150 f   AcpiSubsystem:utdecode.obj
 0001:0000cd67       _AcpiUtValidObjectType     c000d167 f   AcpiSubsystem:utdecode.obj
 0001:0000cd73       _AcpiUtAcquireReadLock     c000d173 f   AcpiSubsystem:utlock.obj
 0001:0000cdbd       _AcpiUtAcquireWriteLock    c000d1bd f   AcpiSubsystem:utlock.obj
 0001:0000cdd3       _AcpiUtCreateRwLock        c000d1d3 f   AcpiSubsystem:utlock.obj
 0001:0000cdff       _AcpiUtDeleteRwLock        c000d1ff f   AcpiSubsystem:utlock.obj
 0001:0000ce21       _AcpiUtReleaseReadLock     c000d221 f   AcpiSubsystem:utlock.obj
 0001:0000ce5c       _AcpiUtReleaseWriteLock    c000d25c f   AcpiSubsystem:utlock.obj
 0001:0000ce6c       _AcpiOsAllocateZeroed      c000d26c f   AcpiSubsystem:utalloc.obj
 0001:0000ce95       _AcpiUtCreateCaches        c000d295 f   AcpiSubsystem:utalloc.obj
 0001:0000cf14       _AcpiUtDeleteCaches        c000d314 f   AcpiSubsystem:utalloc.obj
 0001:0000cf73       _AcpiUtInitializeBuffer    c000d373 f   AcpiSubsystem:utalloc.obj
 0001:0000cfce       _AcpiUtValidateBuffer      c000d3ce f   AcpiSubsystem:utalloc.obj
 0001:0000cffc       _AcpiUtAllocateOwnerId     c000d3fc f   AcpiSubsystem:utownerid.obj
 0001:0000d166       _AcpiUtReleaseOwnerId      c000d566 f   AcpiSubsystem:utownerid.obj
 0001:0000d23c       _AcpiUtPrintString         c000d63c f   AcpiSubsystem:utstring.obj
 0001:0000d336       _AcpiUtRepairName          c000d736 f   AcpiSubsystem:utstring.obj
 0001:0000d3c2       _AcpiUtSafeStrcat          c000d7c2 f   AcpiSubsystem:utstring.obj
 0001:0000d3f7       _AcpiUtSafeStrcpy          c000d7f7 f   AcpiSubsystem:utstring.obj
 0001:0000d41c       _AcpiUtSafeStrncat         c000d81c f   AcpiSubsystem:utstring.obj
 0001:0000d468       _AcpiUtStrtoul64           c000d868 f   AcpiSubsystem:utstring.obj
 0001:0000d707       _AcpiUtStrupr              c000db07 f   AcpiSubsystem:utstring.obj
 0001:0000d72b       _AcpiUtValidAcpiChar       c000db2b f   AcpiSubsystem:utstring.obj
 0001:0000d754       _AcpiUtValidAcpiName       c000db54 f   AcpiSubsystem:utstring.obj
 0001:0000d781       _AcpiNsCreateNode          c000db81 f   AcpiSubsystem:nsalloc.obj
 0001:0000d7e9       _AcpiNsDeleteChildren      c000dbe9 f   AcpiSubsystem:nsalloc.obj
 0001:0000d86b       _AcpiNsDeleteNamespaceByOwner c000dc6b f   AcpiSubsystem:nsalloc.obj
 0001:0000d95a       _AcpiNsDeleteNamespaceSubtree c000dd5a f   AcpiSubsystem:nsalloc.obj
 0001:0000da15       _AcpiNsDeleteNode          c000de15 f   AcpiSubsystem:nsalloc.obj
 0001:0000daa3       _AcpiNsInstallNode         c000dea3 f   AcpiSubsystem:nsalloc.obj
 0001:0000db92       _AcpiNsRemoveNode          c000df92 f   AcpiSubsystem:nsalloc.obj
 0001:0000dc60       _AcpiTbInstallFixedTable   c000e060 f   AcpiSubsystem:tbinstal.obj
 0001:0000dd37       _AcpiTbInstallStandardTable c000e137 f   AcpiSubsystem:tbinstal.obj
 0001:0000df13       _AcpiTbInstallTableWithOverride c000e313 f   AcpiSubsystem:tbinstal.obj
 0001:0000df74       _AcpiTbOverrideTable       c000e374 f   AcpiSubsystem:tbinstal.obj
 0001:0000e065       _AcpiTbUninstallTable      c000e465 f   AcpiSubsystem:tbinstal.obj
 0001:0000e2c0       _AcpiTbCreateLocalFadt     c000e6c0 f   AcpiSubsystem:tbfadt.obj
 0001:0000e399       _AcpiTbParseFadt           c000e799 f   AcpiSubsystem:tbfadt.obj
 0001:0000e572       _AcpiGetSleepTypeData      c000e972 f   AcpiSubsystem:hwxface.obj
 0001:0000e718       _AcpiRead                  c000eb18 f   AcpiSubsystem:hwxface.obj
 0001:0000e831       _AcpiReadBitRegister       c000ec31 f   AcpiSubsystem:hwxface.obj
 0001:0000e920       _AcpiReset                 c000ed20 f   AcpiSubsystem:hwxface.obj
 0001:0000e9ba       _AcpiWrite                 c000edba f   AcpiSubsystem:hwxface.obj
 0001:0000eaab       _AcpiWriteBitRegister      c000eeab f   AcpiSubsystem:hwxface.obj
 0001:0000ebe8       _AcpiUtAddAddressRange     c000efe8 f   AcpiSubsystem:utaddress.obj
 0001:0000ed49       _AcpiUtCheckAddressRange   c000f149 f   AcpiSubsystem:utaddress.obj
 0001:0000ee7d       _AcpiUtDeleteAddressLists  c000f27d f   AcpiSubsystem:utaddress.obj
 0001:0000eea5       _AcpiUtRemoveAddressRange  c000f2a5 f   AcpiSubsystem:utaddress.obj
 0001:0000efa1       _AcpiHwReadPort            c000f3a1 f   AcpiSubsystem:hwvalid.obj
 0001:0000f24b       _AcpiHwWritePort           c000f64b f   AcpiSubsystem:hwvalid.obj
 0001:0000f2dd       _AcpiNsBuildInternalName   c000f6dd f   AcpiSubsystem:nsutils.obj
 0001:0000f477       _AcpiNsExternalizeName     c000f877 f   AcpiSubsystem:nsutils.obj
 0001:0000f641       _AcpiNsGetInternalNameLength c000fa41 f   AcpiSubsystem:nsutils.obj
 0001:0000f6af       _AcpiNsGetNode             c000faaf f   AcpiSubsystem:nsutils.obj
 0001:0000f7fe       _AcpiNsGetType             c000fbfe f   AcpiSubsystem:nsutils.obj
 0001:0000f86f       _AcpiNsInternalizeName     c000fc6f f   AcpiSubsystem:nsutils.obj
 0001:0000f969       _AcpiNsLocal               c000fd69 f   AcpiSubsystem:nsutils.obj
 0001:0000f9e3       _AcpiNsOpensScope          c000fde3 f   AcpiSubsystem:nsutils.obj
 0001:0000fa17       _AcpiNsPrintNodePathname   c000fe17 f   AcpiSubsystem:nsutils.obj
 0001:0000fa7b       _AcpiNsTerminate           c000fe7b f   AcpiSubsystem:nsutils.obj
 0001:0000fb0b       _AcpiNsValidateHandle      c000ff0b f   AcpiSubsystem:nsutils.obj
 0001:0000fb2d       _AcpiEvIsNotifyObject      c000ff2d f   AcpiSubsystem:evmisc.obj
 0001:0000fb96       _AcpiEvQueueNotifyRequest  c000ff96 f   AcpiSubsystem:evmisc.obj
 0001:0000fcd9       _AcpiEvTerminate           c00100d9 f   AcpiSubsystem:evmisc.obj
 0001:0000fdbe       _AcpiUtAddReference        c00101be f   AcpiSubsystem:utdelete.obj
 0001:00010272       _AcpiUtDeleteInternalObjectList c0010672 f   AcpiSubsystem:utdelete.obj
 0001:0001029d       _AcpiUtRemoveReference     c001069d f   AcpiSubsystem:utdelete.obj
 0001:000102fe       _AcpiUtUpdateObjectReference c00106fe f   AcpiSubsystem:utdelete.obj
 0001:0001064f       _AcpiUtAllocateObjectDescDbg c0010a4f f   AcpiSubsystem:utobject.obj
 0001:000106f2       _AcpiUtCreateBufferObject  c0010af2 f   AcpiSubsystem:utobject.obj
 0001:000107ad       _AcpiUtCreateIntegerObject c0010bad f   AcpiSubsystem:utobject.obj
 0001:0001081c       _AcpiUtCreateInternalObjectDbg c0010c1c f   AcpiSubsystem:utobject.obj
 0001:000108e9       _AcpiUtCreatePackageObject c0010ce9 f   AcpiSubsystem:utobject.obj
 0001:0001098c       _AcpiUtCreateStringObject  c0010d8c f   AcpiSubsystem:utobject.obj
 0001:00010a3d       _AcpiUtDeleteObjectDesc    c0010e3d f   AcpiSubsystem:utobject.obj
 0001:00010af7       _AcpiUtGetObjectSize       c0010ef7 f   AcpiSubsystem:utobject.obj
 0001:00010d07       _AcpiUtValidInternalObject c0011107 f   AcpiSubsystem:utobject.obj
 0001:00010d94       _AcpiHwClearAcpiStatus     c0011194 f   AcpiSubsystem:hwregs.obj
 0001:00010e45       _AcpiHwGetBitRegisterInfo  c0011245 f   AcpiSubsystem:hwregs.obj
 0001:00010e76       _AcpiHwRead                c0011276 f   AcpiSubsystem:hwregs.obj
 0001:00010f75       _AcpiHwRegisterRead        c0011375 f   AcpiSubsystem:hwregs.obj
 0001:00011070       _AcpiHwRegisterWrite       c0011470 f   AcpiSubsystem:hwregs.obj
 0001:000111af       _AcpiHwValidateRegister    c00115af f   AcpiSubsystem:hwregs.obj
 0001:0001124c       _AcpiHwWrite               c001164c f   AcpiSubsystem:hwregs.obj
 0001:00011329       _AcpiHwWritePm1Control     c0011729 f   AcpiSubsystem:hwregs.obj
 0001:0001139e       _AcpiEvAcquireGlobalLock   c001179e f   AcpiSubsystem:evglock.obj
 0001:000115b5       _AcpiEvInitGlobalLockHandler c00119b5 f   AcpiSubsystem:evglock.obj
 0001:00011684       _AcpiEvReleaseGlobalLock   c0011a84 f   AcpiSubsystem:evglock.obj
 0001:00011788       _AcpiEvRemoveGlobalLockHandler c0011b88 f   AcpiSubsystem:evglock.obj
 0001:000117db       _AcpiEvGpeInitialize       c0011bdb f   AcpiSubsystem:evgpeinit.obj
 0001:000119d4       _AcpiEvMatchGpeMethod      c0011dd4 f   AcpiSubsystem:evgpeinit.obj
 0001:00011bf7       _AcpiEvUpdateGpes          c0011ff7 f   AcpiSubsystem:evgpeinit.obj
 0001:00011cab       _AcpiEvGpeXruptHandler     c00120ab f   AcpiSubsystem:evsci.obj
 0001:00011ceb       _AcpiEvInstallSciHandler   c00120eb f   AcpiSubsystem:evsci.obj
 0001:00011d38       _AcpiEvRemoveAllSciHandlers c0012138 f   AcpiSubsystem:evsci.obj
 0001:00011dc1       _AcpiEvSciDispatch         c00121c1 f   AcpiSubsystem:evsci.obj
 0001:00011e5e       _AcpiEvCmosRegionSetup     c001225e f   AcpiSubsystem:evrgnini.obj
 0001:00011e90       _AcpiEvDefaultRegionSetup  c0012290 f   AcpiSubsystem:evrgnini.obj
 0001:00011ed6       _AcpiEvInitializeRegion    c00122d6 f   AcpiSubsystem:evrgnini.obj
 0001:0001210e       _AcpiEvIoSpaceRegionSetup  c001250e f   AcpiSubsystem:evrgnini.obj
 0001:000121da       _AcpiEvPciBarRegionSetup   c00125da f   AcpiSubsystem:evrgnini.obj
 0001:0001220c       _AcpiEvPciConfigRegionSetup c001260c f   AcpiSubsystem:evrgnini.obj
 0001:0001247f       _AcpiEvSystemMemoryRegionSetup c001287f f   AcpiSubsystem:evrgnini.obj
 0001:0001253d       _AcpiNsGetNextNode         c001293d f   AcpiSubsystem:nswalk.obj
 0001:00012556       _AcpiNsGetNextNodeTyped    c0012956 f   AcpiSubsystem:nswalk.obj
 0001:0001258c       _AcpiNsWalkNamespace       c001298c f   AcpiSubsystem:nswalk.obj
 0001:00012795       _AcpiNsAttachData          c0012b95 f   AcpiSubsystem:nsobject.obj
 0001:000127f8       _AcpiNsAttachObject        c0012bf8 f   AcpiSubsystem:nsobject.obj
 0001:000129a9       _AcpiNsDetachData          c0012da9 f   AcpiSubsystem:nsobject.obj
 0001:000129e9       _AcpiNsDetachObject        c0012de9 f   AcpiSubsystem:nsobject.obj
 0001:00012ad3       _AcpiNsGetAttachedData     c0012ed3 f   AcpiSubsystem:nsobject.obj
 0001:00012b02       _AcpiNsGetAttachedObject   c0012f02 f   AcpiSubsystem:nsobject.obj
 0001:00012b93       _AcpiNsGetSecondaryObject  c0012f93 f   AcpiSubsystem:nsobject.obj
 0001:00012bfb       _AcpiExCmosSpaceHandler    c0012ffb f   AcpiSubsystem:exregion.obj
 0001:00012c32       _AcpiExDataTableSpaceHandler c0013032 f   AcpiSubsystem:exregion.obj
 0001:00012cbe       _AcpiExPciBarSpaceHandler  c00130be f   AcpiSubsystem:exregion.obj
 0001:00012cf5       _AcpiExPciConfigSpaceHandler c00130f5 f   AcpiSubsystem:exregion.obj
 0001:00012dd9       _AcpiExSystemIoSpaceHandler c00131d9 f   AcpiSubsystem:exregion.obj
 0001:00012ea5       _AcpiExSystemMemorySpaceHandler c00132a5 f   AcpiSubsystem:exregion.obj
 0001:0001310c       _AcpiGetHandle             c001350c f   AcpiSubsystem:nsxfname.obj
 0001:0001318c       _AcpiGetName               c001358c f   AcpiSubsystem:nsxfname.obj
 0001:00013214       _AcpiGetObjectInfo         c0013614 f   AcpiSubsystem:nsxfname.obj
 0001:0001354c       _AcpiInstallMethod         c001394c f   AcpiSubsystem:nsxfname.obj
 0001:000136f1       _AcpiAttachData            c0013af1 f   AcpiSubsystem:nsxfeval.obj
 0001:0001374c       _AcpiDetachData            c0013b4c f   AcpiSubsystem:nsxfeval.obj
 0001:0001379c       _AcpiEvaluateObject        c0013b9c f   AcpiSubsystem:nsxfeval.obj
 0001:00013a46       _AcpiEvaluateObjectTyped   c0013e46 f   AcpiSubsystem:nsxfeval.obj
 0001:00013b99       _AcpiGetData               c0013f99 f   AcpiSubsystem:nsxfeval.obj
 0001:00013bf7       _AcpiGetDevices            c0013ff7 f   AcpiSubsystem:nsxfeval.obj
 0001:00013e00       _AcpiWalkNamespace         c0014200 f   AcpiSubsystem:nsxfeval.obj
 0001:00013ef4       _AcpiUtCreateUpdateStateAndPush c00142f4 f   AcpiSubsystem:utmisc.obj
 0001:00013f26       _AcpiUtDisplayInitPathname c0014326 f   AcpiSubsystem:utmisc.obj
 0001:00013fb6       _AcpiUtDwordByteSwap       c00143b6 f   AcpiSubsystem:utmisc.obj
 0001:00013fe1       _AcpiUtIsPciRootBridge     c00143e1 f   AcpiSubsystem:utmisc.obj
 0001:0001400f       _AcpiUtSetIntegerWidth     c001440f f   AcpiSubsystem:utmisc.obj
 0001:00014042       _AcpiUtWalkPackageTree     c0014442 f   AcpiSubsystem:utmisc.obj
 0001:000141ba       _AcpiExAcquireGlobalLock   c00145ba f   AcpiSubsystem:exutils.obj
 0001:000142c7       _AcpiExEisaIdToString      c00146c7 f   AcpiSubsystem:exutils.obj
 0001:00014368       _AcpiExEnterInterpreter    c0014768 f   AcpiSubsystem:exutils.obj
 0001:000143bc       _AcpiExExitInterpreter     c00147bc f   AcpiSubsystem:exutils.obj
 0001:00014410       _AcpiExIntegerToString     c0014810 f   AcpiSubsystem:exutils.obj
 0001:00014462       _AcpiExPciClsToString      c0014862 f   AcpiSubsystem:exutils.obj
 0001:000144de       _AcpiExReleaseGlobalLock   c00148de f   AcpiSubsystem:exutils.obj
 0001:00014549       _AcpiExTruncateFor32bitTable c0014949 f   AcpiSubsystem:exutils.obj
 0001:00014581       _AcpiIsValidSpaceId        c0014981 f   AcpiSubsystem:exutils.obj
 0001:0001459c       _AcpiUtEvaluateNumericObject c001499c f   AcpiSubsystem:uteval.obj
 0001:0001461e       _AcpiUtEvaluateObject      c0014a1e f   AcpiSubsystem:uteval.obj
 0001:000147d1       _AcpiUtExecutePowerMethods c0014bd1 f   AcpiSubsystem:uteval.obj
 0001:000148be       _AcpiUtExecute_STA         c0014cbe f   AcpiSubsystem:uteval.obj
 0001:00014980       _AcpiNsBuildExternalPath   c0014d80 f   AcpiSubsystem:nsnames.obj
 0001:000149f9       _AcpiNsGetExternalPathname c0014df9 f   AcpiSubsystem:nsnames.obj
 0001:00014ac2       _AcpiNsGetPathnameLength   c0014ec2 f   AcpiSubsystem:nsnames.obj
 0001:00014b0f       _AcpiNsHandleToPathname    c0014f0f f   AcpiSubsystem:nsnames.obj
 0001:00014d8f       _AcpiDsGetBankFieldArguments c001518f f   AcpiSubsystem:dsargs.obj
 0001:00014e4f       _AcpiDsGetBufferArguments  c001524f f   AcpiSubsystem:dsargs.obj
 0001:00014f1b       _AcpiDsGetBufferFieldArguments c001531b f   AcpiSubsystem:dsargs.obj
 0001:00014fdb       _AcpiDsGetPackageArguments c00153db f   AcpiSubsystem:dsargs.obj
 0001:000150a7       _AcpiDsGetRegionArguments  c00154a7 f   AcpiSubsystem:dsargs.obj
 0001:000151d4       _AcpiNsDumpEntry           c00155d4 f   AcpiSubsystem:nsdump.obj
 0001:00015202       _AcpiNsDumpObjectPaths     c0015602 f   AcpiSubsystem:nsdump.obj
 0001:0001526f       _AcpiNsDumpObjects         c001566f f   AcpiSubsystem:nsdump.obj
 0001:000152d1       _AcpiNsDumpOneObject       c00156d1 f   AcpiSubsystem:nsdump.obj
 0001:00015916       _AcpiNsDumpPathname        c0015d16 f   AcpiSubsystem:nsdump.obj
 0001:00015998       _AcpiNsPrintPathname       c0015d98 f   AcpiSubsystem:nsdump.obj
 0001:00015a39       _AcpiNsSearchAndEnter      c0015e39 f   AcpiSubsystem:nssearch.obj
 0001:00015c96       _AcpiNsSearchOneScope      c0016096 f   AcpiSubsystem:nssearch.obj
 0001:00015f7d       _AcpiDsScopeStackClear     c001637d f   AcpiSubsystem:dswscope.obj
 0001:00015fef       _AcpiDsScopeStackPop       c00163ef f   AcpiSubsystem:dswscope.obj
 0001:00016143       _AcpiDsScopeStackPush      c0016543 f   AcpiSubsystem:dswscope.obj
 0001:0001632c       _AcpiUtGetExpectedReturnTypes c001672c f   AcpiSubsystem:utpredef.obj
 0001:00016380       _AcpiUtGetNextPredefinedMethod c0016780 f   AcpiSubsystem:utpredef.obj
 0001:00016398       _AcpiUtMatchPredefinedMethod c0016798 f   AcpiSubsystem:utpredef.obj
 0001:000163c9       _AcpiUtMethodError         c00167c9 f   AcpiSubsystem:uterror.obj
 0001:0001643e       _AcpiUtNamespaceError      c001683e f   AcpiSubsystem:uterror.obj
 0001:000164dc       _AcpiUtPredefinedBiosError c00168dc f   AcpiSubsystem:uterror.obj
 0001:00016518       _AcpiUtPredefinedInfo      c0016918 f   AcpiSubsystem:uterror.obj
 0001:00016554       _AcpiUtPredefinedWarning   c0016954 f   AcpiSubsystem:uterror.obj
 0001:00016590       _AcpiDebugTrace            c0016990 f   AcpiSubsystem:psxface.obj
 0001:000165e1       _AcpiPsExecuteMethod       c00169e1 f   AcpiSubsystem:psxface.obj
 0001:0001692e       _AcpiExResolveNodeToValue  c0016d2e f   AcpiSubsystem:exresnte.obj
 0001:00016d05       _AcpiNsCheckAcpiCompliance c0017105 f   AcpiSubsystem:nsarguments.obj
 0001:00016db4       _AcpiNsCheckArgumentCount  c00171b4 f   AcpiSubsystem:nsarguments.obj
 0001:00016e89       _AcpiNsCheckArgumentTypes  c0017289 f   AcpiSubsystem:nsarguments.obj
 0001:00016f1e       _AcpiNsCheckObjectType     c001731e f   AcpiSubsystem:nspredef.obj
 0001:00017083       _AcpiNsCheckReturnValue    c0017483 f   AcpiSubsystem:nspredef.obj
 0001:00017157       _AcpiDbCommandDispatch     c0017557 f   AcpiSubsystem:dbinput.obj
 0001:000177cb       _AcpiDbExecuteThread       c0017bcb f   AcpiSubsystem:dbinput.obj
 0001:00017888       _AcpiDbGetNextToken        c0017c88 f   AcpiSubsystem:dbinput.obj
 0001:00017a74       _AcpiDbUserCommands        c0017e74 f   AcpiSubsystem:dbinput.obj
 0001:00017b1d       _AcpiDbDumpExternalObject  c0017f1d f   AcpiSubsystem:dbutils.obj
 0001:00017c96       _AcpiDbLocalNsLookup       c0018096 f   AcpiSubsystem:dbutils.obj
 0001:00017d10       _AcpiDbMatchArgument       c0018110 f   AcpiSubsystem:dbutils.obj
 0001:00017d56       _AcpiDbPrepNamestring      c0018156 f   AcpiSubsystem:dbutils.obj
 0001:00017d8a       _AcpiDbSetOutputDestination c001818a f   AcpiSubsystem:dbutils.obj
 0001:00017db0       _AcpiDbUint32ToHexString   c00181b0 f   AcpiSubsystem:dbutils.obj
 0001:0001852f       _AcpiDmDisassemble         c001892f f   AcpiSubsystem:dmwalk.obj
 0001:00018569       _AcpiDmEmitExternals       c0018969 f   AcpiSubsystem:dmwalk.obj
 0001:0001856a       _AcpiDmListType            c001896a f   AcpiSubsystem:dmwalk.obj
 0001:000185bd       _AcpiDmWalkParseTree       c00189bd f   AcpiSubsystem:dmwalk.obj
 0001:0001863e       _AcpiUtDivide              c0018a3e f   AcpiSubsystem:utmath.obj
 0001:000187d3       _AcpiUtShortDivide         c0018bd3 f   AcpiSubsystem:utmath.obj
 0001:0001888e       _AcpiHwClearGpe            c0018c8e f   AcpiSubsystem:hwgpe.obj
 0001:000188b6       _AcpiHwClearGpeBlock       c0018cb6 f   AcpiSubsystem:hwgpe.obj
 0001:000188eb       _AcpiHwDisableAllGpes      c0018ceb f   AcpiSubsystem:hwgpe.obj
 0001:00018938       _AcpiHwDisableGpeBlock     c0018d38 f   AcpiSubsystem:hwgpe.obj
 0001:0001896a       _AcpiHwEnableAllRuntimeGpes c0018d6a f   AcpiSubsystem:hwgpe.obj
 0001:000189ab       _AcpiHwEnableAllWakeupGpes c0018dab f   AcpiSubsystem:hwgpe.obj
 0001:000189ec       _AcpiHwEnableRuntimeGpeBlock c0018dec f   AcpiSubsystem:hwgpe.obj
 0001:00018a59       _AcpiHwGetGpeRegisterBit   c0018e59 f   AcpiSubsystem:hwgpe.obj
 0001:00018a70       _AcpiHwGetGpeStatus        c0018e70 f   AcpiSubsystem:hwgpe.obj
 0001:00018b12       _AcpiHwLowSetGpe           c0018f12 f   AcpiSubsystem:hwgpe.obj
 0001:00018ba0       _AcpiUtCreateControlState  c0018fa0 f   AcpiSubsystem:utstate.obj
 0001:00018bbd       _AcpiUtCreateGenericState  c0018fbd f   AcpiSubsystem:utstate.obj
 0001:00018bd7       _AcpiUtCreatePkgState      c0018fd7 f   AcpiSubsystem:utstate.obj
 0001:00018c0d       _AcpiUtCreateThreadState   c001900d f   AcpiSubsystem:utstate.obj
 0001:00018c59       _AcpiUtCreateUpdateState   c0019059 f   AcpiSubsystem:utstate.obj
 0001:00018c81       _AcpiUtDeleteGenericState  c0019081 f   AcpiSubsystem:utstate.obj
 0001:00018c9f       _AcpiUtPopGenericState     c001909f f   AcpiSubsystem:utstate.obj
 0001:00018cb3       _AcpiUtPushGenericState    c00190b3 f   AcpiSubsystem:utstate.obj
 0001:00018cc7       _AcpiEvDeleteGpeHandlers   c00190c7 f   AcpiSubsystem:evgpeutil.obj
 0001:00018d79       _AcpiEvDeleteGpeXrupt      c0019179 f   AcpiSubsystem:evgpeutil.obj
 0001:00018e50       _AcpiEvGetGpeDevice        c0019250 f   AcpiSubsystem:evgpeutil.obj
 0001:00018e7e       _AcpiEvGetGpeXruptBlock    c001927e f   AcpiSubsystem:evgpeutil.obj
 0001:00018fac       _AcpiEvWalkGpeList         c00193ac f   AcpiSubsystem:evgpeutil.obj
 0001:00019042       _AcpiExAcquireMutex        c0019442 f   AcpiSubsystem:exmutex.obj
 0001:0001917e       _AcpiExAcquireMutexObject  c001957e f   AcpiSubsystem:exmutex.obj
 0001:0001928b       _AcpiExReleaseAllMutexes   c001968b f   AcpiSubsystem:exmutex.obj
 0001:00019321       _AcpiExReleaseMutex        c0019721 f   AcpiSubsystem:exmutex.obj
 0001:000194eb       _AcpiExReleaseMutexObject  c00198eb f   AcpiSubsystem:exmutex.obj
 0001:000195b5       _AcpiExUnlinkMutex         c00199b5 f   AcpiSubsystem:exmutex.obj
 0001:000195eb       _AcpiEvCreateGpeBlock      c00199eb f   AcpiSubsystem:evgpeblk.obj
 0001:00019975       _AcpiEvDeleteGpeBlock      c0019d75 f   AcpiSubsystem:evgpeblk.obj
 0001:00019a6a       _AcpiEvInitializeGpeBlock  c0019e6a f   AcpiSubsystem:evgpeblk.obj
 0001:00019c41       _AcpiAcquireGlobalLock     c001a041 f   AcpiSubsystem:evxface.obj
 0001:00019e1d       _AcpiInstallExceptionHandler c001a21d f   AcpiSubsystem:evxface.obj
 0001:00019e92       _AcpiInstallFixedEventHandler c001a292 f   AcpiSubsystem:evxface.obj
 0001:00019fd2       _AcpiInstallGlobalEventHandler c001a3d2 f   AcpiSubsystem:evxface.obj
 0001:0001a072       _AcpiInstallGpeHandler     c001a472 f   AcpiSubsystem:evxface.obj
 0001:0001a0c1       _AcpiInstallGpeRawHandler  c001a4c1 f   AcpiSubsystem:evxface.obj
 0001:0001a110       _AcpiInstallNotifyHandler  c001a510 f   AcpiSubsystem:evxface.obj
 0001:0001a304       _AcpiInstallSciHandler     c001a704 f   AcpiSubsystem:evxface.obj
 0001:0001a3f5       _AcpiReleaseGlobalLock     c001a7f5 f   AcpiSubsystem:evxface.obj
 0001:0001a41a       _AcpiRemoveFixedEventHandler c001a81a f   AcpiSubsystem:evxface.obj
 0001:0001a529       _AcpiRemoveGpeHandler      c001a929 f   AcpiSubsystem:evxface.obj
 0001:0001a671       _AcpiRemoveNotifyHandler   c001aa71 f   AcpiSubsystem:evxface.obj
 0001:0001a8bf       _AcpiRemoveSciHandler      c001acbf f   AcpiSubsystem:evxface.obj
 0001:0001a9ad       _AcpiExSystemDoSleep       c001adad f   AcpiSubsystem:exsystem.obj
 0001:0001a9e1       _AcpiExSystemDoStall       c001ade1 f   AcpiSubsystem:exsystem.obj
 0001:0001aa1f       _AcpiExSystemResetEvent    c001ae1f f   AcpiSubsystem:exsystem.obj
 0001:0001aa5a       _AcpiExSystemSignalEvent   c001ae5a f   AcpiSubsystem:exsystem.obj
 0001:0001aaad       _AcpiExSystemWaitEvent     c001aead f   AcpiSubsystem:exsystem.obj
 0001:0001ab07       _AcpiExSystemWaitMutex     c001af07 f   AcpiSubsystem:exsystem.obj
 0001:0001abc2       _AcpiExSystemWaitSemaphore c001afc2 f   AcpiSubsystem:exsystem.obj
 0001:0001ac7d       _AcpiEvAddGpeReference     c001b07d f   AcpiSubsystem:evgpe.obj
 0001:0001ae16       _AcpiEvEnableGpe           c001b216 f   AcpiSubsystem:evgpe.obj
 0001:0001ae7c       _AcpiEvFinishGpe           c001b27c f   AcpiSubsystem:evgpe.obj
 0001:0001aea0       _AcpiEvGetGpeEventInfo     c001b2a0 f   AcpiSubsystem:evgpe.obj
 0001:0001aef4       _AcpiEvGpeDetect           c001b2f4 f   AcpiSubsystem:evgpe.obj
 0001:0001b158       _AcpiEvGpeDispatch         c001b558 f   AcpiSubsystem:evgpe.obj
 0001:0001b28c       _AcpiEvLowGetGpeInfo       c001b68c f   AcpiSubsystem:evgpe.obj
 0001:0001b2b4       _AcpiEvRemoveGpeReference  c001b6b4 f   AcpiSubsystem:evgpe.obj
 0001:0001b338       _AcpiEvUpdateGpeEnableMask c001b738 f   AcpiSubsystem:evgpe.obj
 0001:0001b3b6       _AcpiInstallAddressSpaceHandler c001b7b6 f   AcpiSubsystem:evxfregn.obj
 0001:0001b493       _AcpiRemoveAddressSpaceHandler c001b893 f   AcpiSubsystem:evxfregn.obj
 0001:0001b6bb       _AcpiHwDerivePciId         c001babb f   AcpiSubsystem:hwpci.obj
 0001:0001b909       _AcpiUtExecute_CID         c001bd09 f   AcpiSubsystem:utids.obj
 0001:0001ba77       _AcpiUtExecute_CLS         c001be77 f   AcpiSubsystem:utids.obj
 0001:0001bb7a       _AcpiUtExecute_HID         c001bf7a f   AcpiSubsystem:utids.obj
 0001:0001bc4c       _AcpiUtExecute_SUB         c001c04c f   AcpiSubsystem:utids.obj
 0001:0001bcfc       _AcpiUtExecute_UID         c001c0fc f   AcpiSubsystem:utids.obj
 0001:0001bdce       _AcpiPsGetNextArg          c001c1ce f   AcpiSubsystem:psargs.obj
 0001:0001c251       _AcpiPsGetNextNamepath     c001c651 f   AcpiSubsystem:psargs.obj
 0001:0001c503       _AcpiPsGetNextNamestring   c001c903 f   AcpiSubsystem:psargs.obj
 0001:0001c585       _AcpiPsGetNextPackageEnd   c001c985 f   AcpiSubsystem:psargs.obj
 0001:0001c64b       _AcpiPsGetNextSimpleArg    c001ca4b f   AcpiSubsystem:psargs.obj
 0001:0001c795       _AcpiPsCompleteThisOp      c001cb95 f   AcpiSubsystem:psparse.obj
 0001:0001c973       _AcpiPsGetOpcodeSize       c001cd73 f   AcpiSubsystem:psparse.obj
 0001:0001c982       _AcpiPsNextParseState      c001cd82 f   AcpiSubsystem:psparse.obj
 0001:0001ca9c       _AcpiPsParseAml            c001ce9c f   AcpiSubsystem:psparse.obj
 0001:0001ce0d       _AcpiPsPeekOpcode          c001d20d f   AcpiSubsystem:psparse.obj
 0001:0001ce2c       _AcpiUtCopyEobjectToIobject c001d22c f   AcpiSubsystem:utcopy.obj
 0001:0001d210       _AcpiUtCopyIobjectToEobject c001d610 f   AcpiSubsystem:utcopy.obj
 0001:0001d280       _AcpiUtCopyIobjectToIobject c001d680 f   AcpiSubsystem:utcopy.obj
 0001:0001d6e0       _AcpiUtAsciiCharToHex      c001dae0 f   AcpiSubsystem:uthex.obj
 0001:0001d6fa       _AcpiUtHexToAsciiChar      c001dafa f   AcpiSubsystem:uthex.obj
 0001:0001d715       _AcpiPsDeleteParseTree     c001db15 f   AcpiSubsystem:pswalk.obj
 0001:0001d7a1       _AcpiPsAllocOp             c001dba1 f   AcpiSubsystem:psutils.obj
 0001:0001d801       _AcpiPsCreateScopeOp       c001dc01 f   AcpiSubsystem:psutils.obj
 0001:0001d816       _AcpiPsFreeOp              c001dc16 f   AcpiSubsystem:psutils.obj
 0001:0001d876       _AcpiPsGetName             c001dc76 f   AcpiSubsystem:psutils.obj
 0001:0001d887       _AcpiPsInitOp              c001dc87 f   AcpiSubsystem:psutils.obj
 0001:0001d8b5       _AcpiPsIsLeadingChar       c001dcb5 f   AcpiSubsystem:psutils.obj
 0001:0001d8d0       _AcpiPsSetName             c001dcd0 f   AcpiSubsystem:psutils.obj
 0001:0001d8e2       _AcpiDsCreateWalkState     c001dce2 f   AcpiSubsystem:dswstate.obj
 0001:0001d980       _AcpiDsDeleteWalkState     c001dd80 f   AcpiSubsystem:dswstate.obj
 0001:0001da8a       _AcpiDsGetCurrentWalkState c001de8a f   AcpiSubsystem:dswstate.obj
 0001:0001dad1       _AcpiDsInitAmlWalk         c001ded1 f   AcpiSubsystem:dswstate.obj
 0001:0001dc59       _AcpiDsObjStackPop         c001e059 f   AcpiSubsystem:dswstate.obj
 0001:0001dce7       _AcpiDsObjStackPopAndDelete c001e0e7 f   AcpiSubsystem:dswstate.obj
 0001:0001dd6e       _AcpiDsObjStackPush        c001e16e f   AcpiSubsystem:dswstate.obj
 0001:0001ddff       _AcpiDsPopWalkState        c001e1ff f   AcpiSubsystem:dswstate.obj
 0001:0001de45       _AcpiDsPushWalkState       c001e245 f   AcpiSubsystem:dswstate.obj
 0001:0001de83       _AcpiDsResultPop           c001e283 f   AcpiSubsystem:dswstate.obj
 0001:0001df80       _AcpiDsResultPush          c001e380 f   AcpiSubsystem:dswstate.obj
 0001:0001e200       _AcpiUtDebugDumpBuffer     c001e600 f   AcpiSubsystem:utbuffer.obj
 0001:0001e22e       _AcpiUtDumpBuffer          c001e62e f   AcpiSubsystem:utbuffer.obj
 0001:0001e3a6       _AcpiPsCleanupScope        c001e7a6 f   AcpiSubsystem:psscope.obj
 0001:0001e405       _AcpiPsGetParentScope      c001e805 f   AcpiSubsystem:psscope.obj
 0001:0001e410       _AcpiPsHasCompletedScope   c001e810 f   AcpiSubsystem:psscope.obj
 0001:0001e429       _AcpiPsInitScope           c001e829 f   AcpiSubsystem:psscope.obj
 0001:0001e4a9       _AcpiPsPopScope            c001e8a9 f   AcpiSubsystem:psscope.obj
 0001:0001e56e       _AcpiPsPushScope           c001e96e f   AcpiSubsystem:psscope.obj
 0001:0001e60f       _AcpiDsAutoSerializeMethod c001ea0f f   AcpiSubsystem:dsmethod.obj
 0001:0001e74d       _AcpiDsBeginMethodExecution c001eb4d f   AcpiSubsystem:dsmethod.obj
 0001:0001e951       _AcpiDsCallControlMethod   c001ed51 f   AcpiSubsystem:dsmethod.obj
 0001:0001ec9f       _AcpiDsMethodError         c001f09f f   AcpiSubsystem:dsmethod.obj
 0001:0001ed15       _AcpiDsRestartControlMethod c001f115 f   AcpiSubsystem:dsmethod.obj
 0001:0001ee4d       _AcpiDsTerminateControlMethod c001f24d f   AcpiSubsystem:dsmethod.obj
 0001:0001efc0       _AcpiExDumpNamespaceNode   c001f3c0 f   AcpiSubsystem:exdump.obj
 0001:0001f3cb       _AcpiExDumpObjectDescriptor c001f7cb f   AcpiSubsystem:exdump.obj
 0001:0001f51a       _AcpiExDumpOperand         c001f91a f   AcpiSubsystem:exdump.obj
 0001:0001f9aa       _AcpiExDumpOperands        c001fdaa f   AcpiSubsystem:exdump.obj
 0001:0001fcc0       _AcpiExReadDataFromField   c00200c0 f   AcpiSubsystem:exfield.obj
 0001:0002000e       _AcpiExWriteDataToField    c002040e f   AcpiSubsystem:exfield.obj
 0001:000203e0       _AcpiNsCheckPackage        c00207e0 f   AcpiSubsystem:nsprepkg.obj
 0001:000209e6       _AcpiNsRemoveNullElements  c0020de6 f   AcpiSubsystem:nsrepair.obj
 0001:00020a6d       _AcpiNsRepairNullElement   c0020e6d f   AcpiSubsystem:nsrepair.obj
 0001:00020b18       _AcpiNsSimpleRepair        c0020f18 f   AcpiSubsystem:nsrepair.obj
 0001:00020d68       _AcpiNsWrapWithPackage     c0021168 f   AcpiSubsystem:nsrepair.obj
 0001:000212f6       _AcpiNsComplexRepairs      c00216f6 f   AcpiSubsystem:nsrepair2.obj
 0001:0002142c       _AcpiDbConvertToNode       c002182c f   AcpiSubsystem:dbcmds.obj
 0001:000217fb       _AcpiDbDisplayInterfaces   c0021bfb f   AcpiSubsystem:dbcmds.obj
 0001:000218d9       _AcpiDbDisplayLocks        c0021cd9 f   AcpiSubsystem:dbcmds.obj
 0001:00021918       _AcpiDbDisplayResources    c0021d18 f   AcpiSubsystem:dbcmds.obj
 0001:000219a4       _AcpiDbDisplayTableInfo    c0021da4 f   AcpiSubsystem:dbcmds.obj
 0001:00021a78       _AcpiDbDisplayTemplate     c0021e78 f   AcpiSubsystem:dbcmds.obj
 0001:00021c47       _AcpiDbGenerateGpe         c0022047 f   AcpiSubsystem:dbcmds.obj
 0001:00021ca5       _AcpiDbGenerateSci         c00220a5 f   AcpiSubsystem:dbcmds.obj
 0001:00021cad       _AcpiDbSendNotify          c00220ad f   AcpiSubsystem:dbcmds.obj
 0001:00021d09       _AcpiDbSleep               c0022109 f   AcpiSubsystem:dbcmds.obj
 0001:00021d97       _AcpiDbUnloadAcpiTable     c0022197 f   AcpiSubsystem:dbcmds.obj
 0001:00021ff4       _AcpiDbDecodeAndDisplayObject c00223f4 f   AcpiSubsystem:dbdisply.obj
 0001:000221e5       _AcpiDbDisplayArgumentObject c00225e5 f   AcpiSubsystem:dbdisply.obj
 0001:000221ff       _AcpiDbDisplayArguments    c00225ff f   AcpiSubsystem:dbdisply.obj
 0001:00022223       _AcpiDbDisplayCallingTree  c0022623 f   AcpiSubsystem:dbdisply.obj
 0001:0002226f       _AcpiDbDisplayGpes         c002266f f   AcpiSubsystem:dbdisply.obj
 0001:00022503       _AcpiDbDisplayHandlers     c0022903 f   AcpiSubsystem:dbdisply.obj
 0001:000226ce       _AcpiDbDisplayLocals       c0022ace f   AcpiSubsystem:dbdisply.obj
 0001:000226f2       _AcpiDbDisplayMethodInfo   c0022af2 f   AcpiSubsystem:dbdisply.obj
 0001:00022891       _AcpiDbDisplayObjectType   c0022c91 f   AcpiSubsystem:dbdisply.obj
 0001:000229e1       _AcpiDbDisplayResultObject c0022de1 f   AcpiSubsystem:dbdisply.obj
 0001:00022a0f       _AcpiDbDisplayResults      c0022e0f f   AcpiSubsystem:dbdisply.obj
 0001:00022d21       _AcpiDbExecuteTest         c0023121 f   AcpiSubsystem:dbtest.obj
 0001:0002359b       _AcpiDbDisassembleAml      c002399b f   AcpiSubsystem:dbmethod.obj
 0001:000235d8       _AcpiDbDisassembleMethod   c00239d8 f   AcpiSubsystem:dbmethod.obj
 0001:000236e4       _AcpiDbSetMethodBreakpoint c0023ae4 f   AcpiSubsystem:dbmethod.obj
 0001:0002373a       _AcpiDbSetMethodCallBreakpoint c0023b3a f   AcpiSubsystem:dbmethod.obj
 0001:00023755       _AcpiDbSetMethodData       c0023b55 f   AcpiSubsystem:dbmethod.obj
 0001:00023a17       _AcpiDbCheckIntegrity      c0023e17 f   AcpiSubsystem:dbnames.obj
 0001:00023a50       _AcpiDbCheckPredefinedNames c0023e50 f   AcpiSubsystem:dbnames.obj
 0001:00023a82       _AcpiDbDisplayObjects      c0023e82 f   AcpiSubsystem:dbnames.obj
 0001:00023b17       _AcpiDbDumpNamespace       c0023f17 f   AcpiSubsystem:dbnames.obj
 0001:00023b8a       _AcpiDbDumpNamespaceByOwner c0023f8a f   AcpiSubsystem:dbnames.obj
 0001:00023bfd       _AcpiDbDumpNamespacePaths  c0023ffd f   AcpiSubsystem:dbnames.obj
 0001:00023c38       _AcpiDbFindNameInNamespace c0024038 f   AcpiSubsystem:dbnames.obj
 0001:00023cae       _AcpiDbFindReferences      c00240ae f   AcpiSubsystem:dbnames.obj
 0001:00023cd4       _AcpiDbGetBusInfo          c00240d4 f   AcpiSubsystem:dbnames.obj
 0001:00023d93       _AcpiDbSetScope            c0024193 f   AcpiSubsystem:dbnames.obj
 0001:0002402b       _AcpiDbCreateExecutionThreads c002442b f   AcpiSubsystem:dbexec.obj
 0001:000242cc       _AcpiDbDeleteObjects       c00246cc f   AcpiSubsystem:dbexec.obj
 0001:0002430f       _AcpiDbExecute             c002470f f   AcpiSubsystem:dbexec.obj
 0001:000248aa       _AcpiDbCloseDebugFile      c0024caa f   AcpiSubsystem:dbfileio.obj
 0001:000248ab       _AcpiDbGetTableFromFile    c0024cab f   AcpiSubsystem:dbfileio.obj
 0001:000248ae       _AcpiDbOpenDebugFile       c0024cae f   AcpiSubsystem:dbfileio.obj
 0001:000248af       _AcpiDbAddToHistory        c0024caf f   AcpiSubsystem:dbhistry.obj
 0001:000249b3       _AcpiDbDisplayHistory      c0024db3 f   AcpiSubsystem:dbhistry.obj
 0001:00024a0a       _AcpiDbGetFromHistory      c0024e0a f   AcpiSubsystem:dbhistry.obj
 0001:00024a31       _AcpiDbGetHistoryByIndex   c0024e31 f   AcpiSubsystem:dbhistry.obj
 0001:00024b00       _AcpiDbDisplayStatistics   c0024f00 f   AcpiSubsystem:dbstats.obj
 0001:00024feb       _AcpiDmDecodeInternalObject c00253eb f   AcpiSubsystem:dmobject.obj
 0001:00025136       _AcpiDmDisplayArguments    c0025536 f   AcpiSubsystem:dmobject.obj
 0001:000251b2       _AcpiDmDisplayInternalObject c00255b2 f   AcpiSubsystem:dmobject.obj
 0001:00025381       _AcpiDmDisplayLocals       c0025781 f   AcpiSubsystem:dmobject.obj
 0001:000253ef       _AcpiDmDumpMethodInfo      c00257ef f   AcpiSubsystem:dmobject.obj
 0001:000254fe       _AcpiPsGetArgumentCount    c00258fe f   AcpiSubsystem:psopinfo.obj
 0001:00025511       _AcpiPsGetOpcodeInfo       c0025911 f   AcpiSubsystem:psopinfo.obj
 0001:00025590       _AcpiPsGetOpcodeName       c0025990 f   AcpiSubsystem:psopinfo.obj
 0001:0002559d       _AcpiPsAppendArg           c002599d f   AcpiSubsystem:pstree.obj
 0001:00025616       _AcpiPsGetArg              c0025a16 f   AcpiSubsystem:pstree.obj
 0001:00025659       _AcpiPsGetDepthNext        c0025a59 f   AcpiSubsystem:pstree.obj
 0001:000256c0       _AcpiDmAddressSpace        c0025ac0 f   AcpiSubsystem:dmopcode.obj
 0001:000256fa       _AcpiDmDisassembleOneOp    c0025afa f   AcpiSubsystem:dmopcode.obj
 0001:00025b3c       _AcpiDmDisplayTargetPathname c0025f3c f   AcpiSubsystem:dmopcode.obj
 0001:00025bc4       _AcpiDmFieldFlags          c0025fc4 f   AcpiSubsystem:dmopcode.obj
 0001:00025c1e       _AcpiDmFieldPredefinedDescription c002601e f   AcpiSubsystem:dmopcode.obj
 0001:00025c4b       _AcpiDmMatchOp             c002604b f   AcpiSubsystem:dmopcode.obj
 0001:00025c6e       _AcpiDmMethodFlags         c002606e f   AcpiSubsystem:dmopcode.obj
 0001:00025cc7       _AcpiDmNotifyDescription   c00260c7 f   AcpiSubsystem:dmopcode.obj
 0001:00025d15       _AcpiDmPredefinedDescription c0026115 f   AcpiSubsystem:dmopcode.obj
 0001:00025d16       _AcpiDmRegionFlags         c0026116 f   AcpiSubsystem:dmopcode.obj
 0001:00025d41       _AcpiDmDumpName            c0026141 f   AcpiSubsystem:dmnames.obj
 0001:00025d8a       _AcpiDmNamestring          c002618a f   AcpiSubsystem:dmnames.obj
 0001:00025df2       _AcpiPsDisplayObjectPathname c00261f2 f   AcpiSubsystem:dmnames.obj
 0001:00025e93       _AcpiDmByteList            c0026293 f   AcpiSubsystem:dmbuffer.obj
 0001:00025f1b       _AcpiDmCheckForHardwareId  c002631b f   AcpiSubsystem:dmbuffer.obj
 0001:00025f80       _AcpiDmDecompressEisaId    c0026380 f   AcpiSubsystem:dmbuffer.obj
 0001:00025fc4       _AcpiDmDisasmByteList      c00263c4 f   AcpiSubsystem:dmbuffer.obj
 0001:00026155       _AcpiDmIsPldBuffer         c0026555 f   AcpiSubsystem:dmbuffer.obj
 0001:0002619a       _AcpiDmIsStringBuffer      c002659a f   AcpiSubsystem:dmbuffer.obj
 0001:000261e2       _AcpiDmIsUnicodeBuffer     c00265e2 f   AcpiSubsystem:dmbuffer.obj
 0001:00026242       _AcpiDmIsUuidBuffer        c0026642 f   AcpiSubsystem:dmbuffer.obj
 0001:0002665e       _AcpiDmCommaIfFieldMember  c0026a5e f   AcpiSubsystem:dmutils.obj
 0001:00026674       _AcpiDmCommaIfListMember   c0026a74 f   AcpiSubsystem:dmutils.obj
 0001:000266dc       _AcpiDmDecodeAttribute     c0026adc f   AcpiSubsystem:dmutils.obj
 0001:0002676c       _AcpiDmIndent              c0026b6c f   AcpiSubsystem:dmutils.obj
 0001:0002678b       _AcpiDmCheckForSymbolicOpcode c0026b8b f   AcpiSubsystem:dmcstyle.obj
 0001:00026b1f       _AcpiDmCloseOperator       c0026f1f f   AcpiSubsystem:dmcstyle.obj
 0001:00026cc6       _AcpiGetNextObject         c00270c6 f   AcpiSubsystem:nsxfobj.obj
 0001:00026d44       _AcpiGetParent             c0027144 f   AcpiSubsystem:nsxfobj.obj
 0001:00026d9e       _AcpiGetType               c002719e f   AcpiSubsystem:nsxfobj.obj
 0001:000270e1       _AcpiPsParseLoop           c00274e1 f   AcpiSubsystem:psloop.obj
 0001:00027519       _AcpiDsClearImplicitReturn c0027919 f   AcpiSubsystem:dsutils.obj
 0001:0002757c       _AcpiDsClearOperands       c002797c f   AcpiSubsystem:dsutils.obj
 0001:000275e1       _AcpiDsCreateOperand       c00279e1 f   AcpiSubsystem:dsutils.obj
 0001:000279a1       _AcpiDsCreateOperands      c0027da1 f   AcpiSubsystem:dsutils.obj
 0001:00027b23       _AcpiDsDeleteResultIfNotUsed c0027f23 f   AcpiSubsystem:dsutils.obj
 0001:00027bc7       _AcpiDsDoImplicitReturn    c0027fc7 f   AcpiSubsystem:dsutils.obj
 0001:00027c4e       _AcpiDsEvaluateNamePath    c002804e f   AcpiSubsystem:dsutils.obj
 0001:00027d56       _AcpiDsIsResultUsed        c0028156 f   AcpiSubsystem:dsutils.obj
 0001:00027fa5       _AcpiDsResolveOperands     c00283a5 f   AcpiSubsystem:dsutils.obj
 0001:00028013       _AcpiDsInitCallbacks       c0028413 f   AcpiSubsystem:dswload.obj
 0001:000280a6       _AcpiDsLoad1BeginOp        c00284a6 f   AcpiSubsystem:dswload.obj
[...]
 0002:00013e10       ?_AcpiFunctionName@?1??AcpiRsGetPrsMethodData@@9@9 c004e410     AcpiSubsystem:rsutils.obj
 0002:00013e24       ?_AcpiFunctionName@?1??AcpiRsGetAeiMethodData@@9@9 c004e424     AcpiSubsystem:rsutils.obj
 0002:00013e38       ?_AcpiFunctionName@?1??AcpiRsGetMethodData@@9@9 c004e438     AcpiSubsystem:rsutils.obj
 0002:00013e48       ?_AcpiFunctionName@?1??AcpiRsSetSrsMethodData@@9@9 c004e448     AcpiSubsystem:rsutils.obj
 0002:00013e64       __AcpiModuleName           c004e464     AcpiSubsystem:hwsleep.obj
 0002:00013e6c       ?_AcpiFunctionName@?1??AcpiHwLegacySleep@@9@9 c004e46c     AcpiSubsystem:hwsleep.obj
 0002:00013e7c       ?_AcpiFunctionName@?1??AcpiHwLegacyWakePrep@@9@9 c004e47c     AcpiSubsystem:hwsleep.obj
 0002:00013e90       ?_AcpiFunctionName@?1??AcpiHwLegacyWake@@9@9 c004e490     AcpiSubsystem:hwsleep.obj
 0002:00013ec4       __AcpiModuleName           c004e4c4     AcpiSubsystem:hwesleep.obj
 0002:00013ed0       ?_AcpiFunctionName@?1??AcpiHwExecuteSleepMethod@@9@9 c004e4d0     AcpiSubsystem:hwesleep.obj
 0002:00013ee8       ?_AcpiFunctionName@?1??AcpiHwExtendedSleep@@9@9 c004e4e8     AcpiSubsystem:hwesleep.obj
 0002:00013ef8       ?_AcpiFunctionName@?1??AcpiHwExtendedWakePrep@@9@9 c004e4f8     AcpiSubsystem:hwesleep.obj
 0002:00013f0c       ?_AcpiFunctionName@?1??AcpiHwExtendedWake@@9@9 c004e50c     AcpiSubsystem:hwesleep.obj
 0002:00013f38       __AcpiModuleName           c004e538     AcpiSubsystem:rscalc.obj
 0002:00013f40       ?_AcpiFunctionName@?1??AcpiRsGetAmlLength@@9@9 c004e540     AcpiSubsystem:rscalc.obj
 0002:00013f50       ?_AcpiFunctionName@?1??AcpiRsGetListLength@@9@9 c004e550     AcpiSubsystem:rscalc.obj
 0002:00013f60       ?_AcpiFunctionName@?1??AcpiRsGetPciRoutingTableLength@@9@9 c004e560     AcpiSubsystem:rscalc.obj
 0002:00013fac       ?_AcpiFunctionName@?1??AcpiRsConvertResourcesToAml@@9@9 c004e5ac     AcpiSubsystem:rslist.obj
 0002:00013fc4       __AcpiModuleName           c004e5c4     AcpiSubsystem:rslist.obj
 0002:00013fcc       ?_AcpiFunctionName@?1??AcpiRsConvertAmlToResources@@9@9 c004e5cc     AcpiSubsystem:rslist.obj
 0002:000140cc       __AcpiModuleName           c004e6cc     AcpiSubsystem:rsinfo.obj
 0002:00014e0c       __AcpiModuleName           c004f40c     AcpiSubsystem:rsdumpinfo.obj
 0002:00014e48       __AcpiModuleName           c004f448     AcpiSubsystem:dmresrcl.obj
 0002:00014ff0       __AcpiModuleName           c004f5f0     AcpiSubsystem:dmresrcl2.obj
 0002:00015168       __AcpiModuleName           c004f768     AcpiSubsystem:dmresrcs.obj
 0002:00015250       __AcpiModuleName           c004f850     AcpiSubsystem:utuuid.obj
 0002:00015268       __AcpiModuleName           c004f868     AcpiSubsystem:exoparg1.obj
 0002:00015274       ?_AcpiFunctionName@?1??AcpiExOpcode_0A_0T_1R@@9@9 c004f874     AcpiSubsystem:exoparg1.obj
 0002:00015288       ?_AcpiFunctionName@?1??AcpiExOpcode_1A_0T_0R@@9@9 c004f888     AcpiSubsystem:exoparg1.obj
 0002:0001529c       ?_AcpiFunctionName@?1??AcpiExOpcode_1A_1T_0R@@9@9 c004f89c     AcpiSubsystem:exoparg1.obj
 0002:000152b0       ?_AcpiFunctionName@?1??AcpiExOpcode_1A_1T_1R@@9@9 c004f8b0     AcpiSubsystem:exoparg1.obj
 0002:000152c4       ?_AcpiFunctionName@?1??AcpiExOpcode_1A_0T_1R@@9@9 c004f8c4     AcpiSubsystem:exoparg1.obj
 0002:00015414       __AcpiModuleName           c004fa14     AcpiSubsystem:exoparg2.obj
 0002:00015420       ?_AcpiFunctionName@?1??AcpiExOpcode_2A_0T_0R@@9@9 c004fa20     AcpiSubsystem:exoparg2.obj
 0002:00015434       ?_AcpiFunctionName@?1??AcpiExOpcode_2A_2T_1R@@9@9 c004fa34     AcpiSubsystem:exoparg2.obj
 0002:00015448       ?_AcpiFunctionName@?1??AcpiExOpcode_2A_1T_1R@@9@9 c004fa48     AcpiSubsystem:exoparg2.obj
 0002:0001545c       ?_AcpiFunctionName@?1??AcpiExOpcode_2A_0T_1R@@9@9 c004fa5c     AcpiSubsystem:exoparg2.obj
 0002:000154cc       __AcpiModuleName           c004facc     AcpiSubsystem:exoparg3.obj
 0002:000154d8       ?_AcpiFunctionName@?1??AcpiExOpcode_3A_0T_0R@@9@9 c004fad8     AcpiSubsystem:exoparg3.obj
 0002:000154ec       ?_AcpiFunctionName@?1??AcpiExOpcode_3A_1T_1R@@9@9 c004faec     AcpiSubsystem:exoparg3.obj
 0002:00015544       __AcpiModuleName           c004fb44     AcpiSubsystem:exoparg6.obj
 0002:00015550       ?_AcpiFunctionName@?1??AcpiExOpcode_6A_0T_1R@@9@9 c004fb50     AcpiSubsystem:exoparg6.obj
 0002:000155b0       __AcpiModuleName           c004fbb0     AcpiSubsystem:dscontrol.obj
 0002:000155bc       ?_AcpiFunctionName@?1??AcpiDsExecBeginControlOp@@9@9 c004fbbc     AcpiSubsystem:dscontrol.obj
 0002:000155d4       ?_AcpiFunctionName@?1??AcpiDsExecEndControlOp@@9@9 c004fbd4     AcpiSubsystem:dscontrol.obj
 0002:00015704       __AcpiModuleName           c004fd04     AcpiSubsystem:dsopcode.obj
 0002:00015710       ?_AcpiFunctionName@?1??AcpiDsInitBufferField@@9@9 c004fd10     AcpiSubsystem:dsopcode.obj
 0002:00015724       ?_AcpiFunctionName@?1??AcpiDsEvalBufferFieldOperands@@9@9 c004fd24     AcpiSubsystem:dsopcode.obj
 0002:00015740       ?_AcpiFunctionName@?1??AcpiDsEvalRegionOperands@@9@9 c004fd40     AcpiSubsystem:dsopcode.obj
 0002:00015758       ?_AcpiFunctionName@?1??AcpiDsEvalTableRegionOperands@@9@9 c004fd58     AcpiSubsystem:dsopcode.obj
 0002:00015774       ?_AcpiFunctionName@?1??AcpiDsEvalDataObjectOperands@@9@9 c004fd74     AcpiSubsystem:dsopcode.obj
 0002:00015790       ?_AcpiFunctionName@?1??AcpiDsEvalBankFieldOperands@@9@9 c004fd90     AcpiSubsystem:dsopcode.obj
 0002:000158d4       __AcpiModuleName           c004fed4     AcpiSubsystem:exresop.obj
 0002:000158dc       ?_AcpiFunctionName@?1??AcpiExResolveOperands@@9@9 c004fedc     AcpiSubsystem:exresop.obj
 0002:00015b1c       __AcpiModuleName           c005011c     AcpiSubsystem:exprep.obj
 0002:00015b24       ?_AcpiFunctionName@?1??AcpiExDecodeFieldAccess@@9@9 c0050124     AcpiSubsystem:exprep.obj
 0002:00015b38       ?_AcpiFunctionName@?1??AcpiExPrepCommonFieldObject@@9@9 c0050138     AcpiSubsystem:exprep.obj
 0002:00015b50       ?_AcpiFunctionName@?1??AcpiExPrepFieldValue@@9@9 c0050150     AcpiSubsystem:exprep.obj
 0002:00015ca0       __AcpiModuleName           c00502a0     AcpiSubsystem:exdebug.obj
 0002:00015ca8       ?_AcpiFunctionName@?1??AcpiExDoDebugObject@@9@9 c00502a8     AcpiSubsystem:exdebug.obj
 0002:00015e24       __AcpiModuleName           c0050424     AcpiSubsystem:exstoren.obj
 0002:00015e30       ?_AcpiFunctionName@?1??AcpiExResolveObject@@9@9 c0050430     AcpiSubsystem:exstoren.obj
 0002:00015e40       ?_AcpiFunctionName@?1??AcpiExStoreObjectToObject@@9@9 c0050440     AcpiSubsystem:exstoren.obj
 0002:00015edc       __AcpiModuleName           c00504dc     AcpiSubsystem:nsparse.obj
 0002:00015ee4       ?_AcpiFunctionName@?1??AcpiNsOneCompleteParse@@9@9 c00504e4     AcpiSubsystem:nsparse.obj
 0002:00015ef8       ?_AcpiFunctionName@?1??AcpiNsParseTable@@9@9 c00504f8     AcpiSubsystem:nsparse.obj
 0002:00015f48       __AcpiModuleName           c0050548     AcpiSubsystem:dsinit.obj
 0002:00015f50       ?_AcpiFunctionName@?1??AcpiDsInitializeObjects@@9@9 c0050550     AcpiSubsystem:dsinit.obj
 0002:00016018       ?_AcpiFunctionName@?1??AcpiRsConvertResourceToAml@@9@9 c0050618     AcpiSubsystem:rsmisc.obj
 0002:00016030       __AcpiModuleName           c0050630     AcpiSubsystem:rsmisc.obj
 0002:00016038       ?_AcpiFunctionName@?1??AcpiRsConvertAmlToResource@@9@9 c0050638     AcpiSubsystem:rsmisc.obj
 0002:00016178       __AcpiModuleName           c0050778     AcpiSubsystem:rsirq.obj
 0002:00016204       __AcpiModuleName           c0050804     AcpiSubsystem:rsio.obj
 0002:00016270       __AcpiModuleName           c0050870     AcpiSubsystem:rsmemory.obj
 0002:0001627c       _AcpiRsConvertGeneralFlags c005087c     AcpiSubsystem:rsaddr.obj
 0002:00016294       _AcpiRsConvertMemFlags     c0050894     AcpiSubsystem:rsaddr.obj
 0002:000162a8       _AcpiRsConvertIoFlags      c00508a8     AcpiSubsystem:rsaddr.obj
 0002:00016308       __AcpiModuleName           c0050908     AcpiSubsystem:rsaddr.obj
 0002:00016440       __AcpiModuleName           c0050a40     AcpiSubsystem:rsserial.obj
 0002:0001644c       __AcpiModuleName           c0050a4c     AcpiSubsystem:exmisc.obj
 0002:00016454       ?_AcpiFunctionName@?1??AcpiExGetObjectReference@@9@9 c0050a54     AcpiSubsystem:exmisc.obj
 0002:0001646c       ?_AcpiFunctionName@?1??AcpiExConcatTemplate@@9@9 c0050a6c     AcpiSubsystem:exmisc.obj
 0002:00016480       ?_AcpiFunctionName@?1??AcpiExDoConcatenate@@9@9 c0050a80     AcpiSubsystem:exmisc.obj
 0002:00016490       ?_AcpiFunctionName@?1??AcpiExDoLogicalNumericOp@@9@9 c0050a90     AcpiSubsystem:exmisc.obj
 0002:000164a8       ?_AcpiFunctionName@?1??AcpiExDoLogicalOp@@9@9 c0050aa8     AcpiSubsystem:exmisc.obj
 0002:00016508       __AcpiModuleName           c0050b08     AcpiSubsystem:exconfig.obj
 0002:00016514       ?_AcpiFunctionName@?1??AcpiExAddTable@@9@9 c0050b14     AcpiSubsystem:exconfig.obj
 0002:00016520       ?_AcpiFunctionName@?1??AcpiExLoadTableOp@@9@9 c0050b20     AcpiSubsystem:exconfig.obj
 0002:00016530       ?_AcpiFunctionName@?1??AcpiExLoadOp@@9@9 c0050b30     AcpiSubsystem:exconfig.obj
 0002:0001653c       ?_AcpiFunctionName@?1??AcpiExUnloadTable@@9@9 c0050b3c     AcpiSubsystem:exconfig.obj
 0002:000165d0       __AcpiModuleName           c0050bd0     AcpiSubsystem:tbfind.obj
 0002:000165d8       ?_AcpiFunctionName@?1??AcpiTbFindTable@@9@9 c0050bd8     AcpiSubsystem:tbfind.obj
 0002:000165fc       __AcpiModuleName           c0050bfc     AcpiSubsystem:exstorob.obj
 0002:00016608       ?_AcpiFunctionName@?1??AcpiExStoreBufferToBuffer@@9@9 c0050c08     AcpiSubsystem:exstorob.obj
 0002:00016620       ?_AcpiFunctionName@?1??AcpiExStoreStringToString@@9@9 c0050c20     AcpiSubsystem:exstorob.obj
 0002:000167b8       _l_pageSize                c0050db8     * CIL library *:* CIL module *
 0002:00017028       _l_pageCount               c0051628     * CIL library *:* CIL module *
 0002:000170a8       ___font_index__            c00516a8     * CIL library *:* CIL module *
 0002:000187c8       ___font_widths__           c0052dc8     * CIL library *:* CIL module *
 0002:00019380       _vgafont                   c0053980     * CIL library *:* CIL module *
 0002:00019390       ___font_bitmap__           c0053990     * CIL library *:* CIL module *
 0003:00000000       _AcpiGbl_PrevThreadId      c005f600     AcpiSubsystem:utdebug.obj
 0003:00000008       _AcpiGbl_FnEntryStr        c005f608     AcpiSubsystem:utdebug.obj
 0003:0000000c       _AcpiGbl_FnExitStr         c005f60c     AcpiSubsystem:utdebug.obj
 0003:000000d0       _AcpiDefaultSupportedInterfaces c005f6d0     AcpiSubsystem:utosi.obj
 0003:000001cc       _AcpiGbl_EventTypes        c005f7cc     AcpiSubsystem:utdecode.obj
 0003:000001e0       _AcpiGbl_NsTypeNames       c005f7e0     AcpiSubsystem:utdecode.obj
 0003:0000025c       _AcpiGbl_RefClassNames     c005f85c     AcpiSubsystem:utdecode.obj
 0003:00000278       _AcpiGbl_DescTypeNames     c005f878     AcpiSubsystem:utdecode.obj
 0003:000002b8       _AcpiGbl_MutexNames        c005f8b8     AcpiSubsystem:utdecode.obj
 0003:000002d8       _AcpiGbl_GenericNotify     c005f8d8     AcpiSubsystem:utdecode.obj
 0003:00000310       _AcpiGbl_DeviceNotify      c005f910     AcpiSubsystem:utdecode.obj
 0003:00000320       _AcpiGbl_ProcessorNotify   c005f920     AcpiSubsystem:utdecode.obj
 0003:00000330       _AcpiGbl_ThermalNotify     c005f930     AcpiSubsystem:utdecode.obj
 0003:00000340       _FadtInfoTable             c005f940     AcpiSubsystem:tbfadt.obj
 0003:000003a0       _FadtPmInfoTable           c005f9a0     AcpiSubsystem:tbfadt.obj
 0003:000003bc       _UtRtypeNames              c005f9bc     AcpiSubsystem:utpredef.obj
 0003:000003d0       _Converter                 c005f9d0     AcpiSubsystem:dbutils.obj
 0003:000003d4       _AcpiGbl_HexToAscii        c005f9d4     AcpiSubsystem:uthex.obj
 0003:000003e8       _AcpiExDumpInfo            c005f9e8     AcpiSubsystem:exdump.obj
 0003:00000460       _AcpiGbl_SpaceIdList       c005fa60     AcpiSubsystem:dbdisply.obj
 0003:0000046c       _AcpiGbl_HandlerList       c005fa6c     AcpiSubsystem:dbdisply.obj
 0003:00000494       _AcpiDbTestTypes           c005fa94     AcpiSubsystem:dbtest.obj
 0003:000004a0       _ReadMethodCode            c005faa0     AcpiSubsystem:dbtest.obj
 0003:000004d0       _WriteMethodCode           c005fad0     AcpiSubsystem:dbtest.obj
 0003:00000500       _AcpiDbObjectTypes         c005fb00     AcpiSubsystem:dbnames.obj
 0003:00000560       _AcpiDbStatTypes           c005fb60     AcpiSubsystem:dbstats.obj
 0003:00000580       _DmPanelList               c005fb80     AcpiSubsystem:dmbuffer.obj
 0003:000005a0       _DmVerticalPositionList    c005fba0     AcpiSubsystem:dmbuffer.obj
 0003:000005b0       _DmHorizontalPositionList  c005fbb0     AcpiSubsystem:dmbuffer.obj
 0003:000005c0       _DmShapeList               c005fbc0     AcpiSubsystem:dmbuffer.obj
 0003:00000650       _AcpiSleepDispatch         c005fc50     AcpiSubsystem:hwxfsleep.obj
 0003:00000820       _AcpiGbl_DmResourceDispatch c005fe20     AcpiSubsystem:dmresrc.obj
 0003:0000089c       _AcpiGbl_OpTypeDispatch    c005fe9c     AcpiSubsystem:dswexec.obj
 0003:00000a10       _AcpiDmAddressNames        c0060010     AcpiSubsystem:dmresrcl.obj
 0003:00000a24       _AcpiDmMemoryNames         c0060024     AcpiSubsystem:dmresrcl.obj
 0003:00000a34       _SerialBusResourceDispatch c0060034     AcpiSubsystem:dmresrcl2.obj
 0003:00000a86       _colourByte                c0060086     * CIL library *:* CIL module *
 0003:00000a88       _y                         c0060088     * CIL library *:* CIL module *
 0003:00000a8c       _vidmem                    c006008c     * CIL library *:* CIL module *
 0003:00000a90       _graphics                  c0060090     * CIL library *:* CIL module *
 0003:00000a94       _pMemoryManager            c0060094     * CIL library *:* CIL module *
 0003:00000ae0       _terminal                  c00600e0     * CIL library *:* CIL module *
 0003:00000ae4       _thegraphics               c00600e4     * CIL library *:* CIL module *
 0003:00000b60       _lalloc_lock               c0060160     * CIL library *:* CIL module *
 0003:00000b70       _defMemoryManager          c0060170     * CIL library *:* CIL module *
 0003:00000b7c       _MBPmemMngr                c006017c     * CIL library *:* CIL module *
 0003:00000ba8       _tables                    c00601a8     AcpiSubsystem:ChaiOSL.obj
 0003:00000d28       _ReadHandle                c0060328     AcpiSubsystem:dbtest.obj
 0003:00000d2c       _WriteHandle               c006032c     AcpiSubsystem:dbtest.obj
 0003:00000d30       _AcpiGbl_DbMethodInfo      c0060330     AcpiSubsystem:dbexec.obj
 0003:00000fa8       _AcpiGbl_LoHistory         c00605a8     AcpiSubsystem:dbhistry.obj
 0003:00000fac       _AcpiGbl_NumHistory        c00605ac     AcpiSubsystem:dbhistry.obj
 0003:00000fb0       _AcpiGbl_NextHistoryIndex  c00605b0     AcpiSubsystem:dbhistry.obj
 0003:00000fb8       _AcpiGbl_HistoryBuffer     c00605b8     AcpiSubsystem:dbhistry.obj
 0003:000010f8       _ResourceName              c00606f8     AcpiSubsystem:dmresrc.obj
 0003:00001110       _x                         c0060710     * CIL library *:* CIL module *
 0003:00001114       _mmu_recursive_slot        c0060714     * CIL library *:* CIL module *
 0003:0000111d       _initialised               c006071d     * CIL library *:* CIL module *
 0003:0000117c       _nStrings                  c006077c     * CIL library *:* CIL module *
 0003:00001180       _rawStrings                c0060780     * CIL library *:* CIL module *
 0003:00001184       _stringArray               c0060784     * CIL library *:* CIL module *
 0003:00001188       _l_initialized             c0060788     * CIL library *:* CIL module *
 0003:00001290       _pmbinfo                   c0060890     * CIL library *:* CIL module *
 0003:00001294       _igraph                    c0060894     * CIL library *:* CIL module *
 0003:000012a4       _VMemMngr                  c00608a4     * CIL library *:* CIL module *
 0003:00001338       _idtr                      c0060938     * CIL library *:* CIL module *
 0003:00001340       _IDT                       c0060940     * CIL library *:* CIL module *
 0004:00000000       .edata                     c0062000     CHAIKRNL.exp
 0004:00000028       rgpv                       c0062028     CHAIKRNL.exp
 0004:0000007c       rgszName                   c006207c     CHAIKRNL.exp
 0004:000000d0       rgwOrd                     c00620d0     CHAIKRNL.exp
 0004:000000fa       szName                     c00620fa     CHAIKRNL.exp
 0004:00000107       $N00001                    c0062107     CHAIKRNL.exp
 0004:00000121       $N00002                    c0062121     CHAIKRNL.exp
 0004:00000136       $N00003                    c0062136     CHAIKRNL.exp
 0004:0000014b       $N00004                    c006214b     CHAIKRNL.exp
 0004:00000169       $N00005                    c0062169     CHAIKRNL.exp
 0004:0000017c       $N00006                    c006217c     CHAIKRNL.exp
 0004:0000019f       $N00007                    c006219f     CHAIKRNL.exp
 0004:000001ba       $N00008                    c00621ba     CHAIKRNL.exp
 0004:000001e1       $N00009                    c00621e1     CHAIKRNL.exp
 0004:00000208       $N00010                    c0062208     CHAIKRNL.exp
 0004:0000022b       $N00011                    c006222b     CHAIKRNL.exp
 0004:00000253       $N00012                    c0062253     CHAIKRNL.exp
 0004:0000027a       $N00013                    c006227a     CHAIKRNL.exp
 0004:00000294       $N00014                    c0062294     CHAIKRNL.exp
 0004:000002ae       $N00015                    c00622ae     CHAIKRNL.exp
 0004:000002bb       $N00016                    c00622bb     CHAIKRNL.exp
 0004:000002c2       $N00017                    c00622c2     CHAIKRNL.exp
 0004:000002c7       $N00018                    c00622c7     CHAIKRNL.exp
 0004:000002db       $N00019                    c00622db     CHAIKRNL.exp
 0004:000002e2       $N00020                    c00622e2     CHAIKRNL.exp
 0004:000002ea       $N00021                    c00622ea     CHAIKRNL.exp
 0005:00000156       .idata$6                   c0062556     kcstdlib:kcstdlib.dll
 0005:00000170       .idata$6                   c0062570     hal:Hal.dll

 Exports

  ordinal    name

        1    ??0CSpinlock@@QAE@ABV0@@Z (public: __thiscall CSpinlock::CSpinlock(class CSpinlock const &))
        2    ??0CSpinlock@@QAE@XZ (public: __thiscall CSpinlock::CSpinlock(void))
        3    ??1CSpinlock@@QAE@XZ (public: __thiscall CSpinlock::~CSpinlock(void))
        4    ??4CSpinlock@@QAEAAV0@ABV0@@Z (public: class CSpinlock & __thiscall CSpinlock::operator=(class CSpinlock const &))
        5    ??_7CSpinlock@@6B@ (const CSpinlock::`vftable')
        6    ?acquireSpinlock@CSpinlock@@UAGXXZ (public: virtual void __stdcall CSpinlock::acquireSpinlock(void))
        7    ?destroy@CSpinlock@@UAGXXZ (public: virtual void __stdcall CSpinlock::destroy(void))
        8    ?getGraphics@@YAPAVCKernelGraphics@@XZ (class CKernelGraphics * __cdecl getGraphics(void))
        9    ?getTerminal@@YAPAVCKernelTerminal@@XZ (class CKernelTerminal * __cdecl getTerminal(void))
       10    ?releaseSpinlock@CSpinlock@@UAGXXZ (public: virtual void __stdcall CSpinlock::releaseSpinlock(void))
       11    ?setGraphics@@YAXPAVCKernelGraphics@@@Z (void __cdecl setGraphics(class CKernelGraphics *))
       12    ?setTermial@@YAXPAVCKernelTerminal@@@Z (void __cdecl setTermial(class CKernelTerminal *))
       13    _DefaultPMemMngrFactory@0
       14    _DefaultVMemMngrFactory@0
       15    _GetAcpiTable
               exported name: GetAcpiTable
       16    _calloc
               exported name: calloc
       17    _free
               exported name: free
       18    _getMemoryManager@0
       19    _malloc
               exported name: malloc
       20    _realloc
               exported name: realloc
       21    _setMemoryManager@4
